******************************************************************************
             TMS320C2000 Linker PC v22.6.3                     
******************************************************************************
>> Linked Wed Feb 18 12:14:29 2026

OUTPUT FILE NAME:   <lab_ePWM_eCAP_controlcard.out>
ENTRY POINT SYMBOL: "code_start"  address: 00080000


MEMORY CONFIGURATION

         name            origin    length      used     unused   attr    fill
----------------------  --------  ---------  --------  --------  ----  --------
PAGE 0:
  RAMM0                 00000123   000002dd  00000000  000002dd  RWIX
  RAMLS0                00008000   00000800  00000128  000006d8  RWIX
  RAMLS1                00008800   00000800  00000000  00000800  RWIX
  RAMLS2                00009000   00000800  00000000  00000800  RWIX
  RAMLS3                00009800   00000800  00000000  00000800  RWIX
  RAMLS4                0000a000   00000800  00000000  00000800  RWIX
  RAMD0                 0000b000   00000800  00000000  00000800  RWIX
  RAMGS14               0001a000   00001000  00000000  00001000  RWIX
  RAMGS15               0001b000   00000ff8  00000000  00000ff8  RWIX
  BEGIN                 00080000   00000002  00000002  00000000  RWIX
  FLASHA                00080002   00001ffe  0000002c  00001fd2  RWIX
  FLASHB                00082000   00002000  00002000  00000000  RWIX
  FLASHC                00084000   00002000  00002000  00000000  RWIX
  FLASHD                00086000   00002000  000006d3  0000192d  RWIX
  FLASHE                00088000   00008000  00000000  00008000  RWIX
  FLASHF                00090000   00008000  00000bc0  00007440  RWIX
  FLASHG                00098000   00008000  00000000  00008000  RWIX
  FLASHH                000a0000   00008000  00000000  00008000  RWIX
  FLASHI                000a8000   00008000  00000000  00008000  RWIX
  FLASHJ                000b0000   00008000  00000000  00008000  RWIX
  FLASHK                000b8000   00002000  00000000  00002000  RWIX
  FLASHL                000ba000   00002000  00000000  00002000  RWIX
  FLASHM                000bc000   00002000  00000000  00002000  RWIX
  FLASHN                000be000   00001ff0  00000000  00001ff0  RWIX
  RESET                 003fffc0   00000002  00000000  00000002  RWIX

PAGE 1:
  BOOT_RSVD             00000002   00000121  00000000  00000121  RWIX
  RAMM1                 00000400   000003f8  00000100  000002f8  RWIX
  RAMLS5                0000a800   00000800  00000798  00000068  RWIX
  RAMD1                 0000b800   00000800  00000000  00000800  RWIX
  RAMGS0                0000c000   00001000  00001000  00000000  RWIX
  RAMGS1                0000d000   00001000  00000488  00000b78  RWIX
  RAMGS2                0000e000   00001000  00000000  00001000  RWIX
  RAMGS3                0000f000   00001000  00000000  00001000  RWIX
  RAMGS4                00010000   00001000  00000000  00001000  RWIX
  RAMGS5                00011000   00001000  00000000  00001000  RWIX
  RAMGS6                00012000   00001000  00000000  00001000  RWIX
  RAMGS7                00013000   00001000  00000000  00001000  RWIX
  RAMGS8                00014000   00001000  00000000  00001000  RWIX
  RAMGS9                00015000   00001000  00000000  00001000  RWIX
  RAMGS10               00016000   00001000  00000000  00001000  RWIX
  RAMGS11               00017000   00001000  00000000  00001000  RWIX
  RAMGS12               00018000   00001000  00000000  00001000  RWIX
  RAMGS13               00019000   00001000  00000000  00001000  RWIX
  CPU2TOCPU1RAM         0003f800   00000400  00000000  00000400  RWIX
  CPU1TOCPU2RAM         0003fc00   00000400  00000000  00000400  RWIX


SECTION ALLOCATION MAP

 output                                  attributes/
section   page    origin      length       input sections
--------  ----  ----------  ----------   ----------------
codestart 
*          0    00080000    00000002     
                  00080000    00000002     f2837xd_codestartbranch.obj (codestart)

.cinit     0    00080008    0000002c     
                  00080008    0000000a     (.cinit..data.load) [load image, compression = lzss]
                  00080012    00000006     (__TI_handler_table)
                  00080018    00000004     (.cinit..bss.1.load) [load image, compression = zero_init]
                  0008001c    00000004     (.cinit..bss.2.load) [load image, compression = zero_init]
                  00080020    00000004     (.cinit..bss.3.load) [load image, compression = zero_init]
                  00080024    00000010     (__TI_cinit_table)

.stack     1    00000400    00000100     UNINITIALIZED
                  00000400    00000100     --HOLE--

.reset     0    003fffc0    00000000     DSECT

.init_array 
*          0    00082000    00000000     UNINITIALIZED

.data      1    0000a800    0000000c     UNINITIALIZED
                  0000a800    00000006     rts2800_fpu32_eabi.lib : exit.c.obj (.data)
                  0000a806    00000002                            : _lock.c.obj (.data:_lock)
                  0000a808    00000002                            : _lock.c.obj (.data:_unlock)
                  0000a80a    00000001     Zero_002.obj (.data)
                  0000a80b    00000001     rts2800_fpu32_eabi.lib : errno.c.obj (.data)

.const     0    00090000    00000bc0     
                  00090000    00000607     Zero_002.obj (.const:.string)
                  00090607    00000101     rts2800_fpu32_eabi.lib : ctype.c.obj (.const:.string:_ctypes_)
                  00090708    000000fa     board.obj (.const:.string)
                  00090802    000000c2     driverlib_eabi.lib : sysctl.obj (.const:.string)
                  000908c4    000000bf                        : flash.obj (.const:.string)
                  00090983    00000001     --HOLE-- [fill = 0]
                  00090984    000000bc                        : gpio.obj (.const:.string)
                  00090a40    000000bb                        : sci.obj (.const:.string)
                  00090afb    00000001     --HOLE-- [fill = 0]
                  00090afc    0000005d                        : adc.obj (.const:.string)
                  00090b59    00000001     --HOLE-- [fill = 0]
                  00090b5a    00000026     rts2800_fpu32_eabi.lib : _printfi.c.obj (.const:.string)
                  00090b80    0000001c                            : _printfi.c.obj (.const)
                  00090b9c    0000001c                            : s_scalbn.c.obj (.const)
                  00090bb8    00000008                            : s_frexp.c.obj (.const)

.TI.ramfunc 
*          0    00086000    00000128     RUN ADDR = 00008000
                  00086000    00000043     driverlib_eabi.lib : flash.obj (.TI.ramfunc:Flash_initModule)
                  00086043    0000002c                        : flash.obj (.TI.ramfunc:Flash_setBankPowerMode)
                  0008606f    00000024                        : flash.obj (.TI.ramfunc:Flash_setWaitstates)
                  00086093    0000001d                        : flash.obj (.TI.ramfunc:Flash_setPumpPowerMode)
                  000860b0    00000018                        : flash.obj (.TI.ramfunc:Flash_disableCache)
                  000860c8    00000018                        : flash.obj (.TI.ramfunc:Flash_disablePrefetch)
                  000860e0    00000017                        : flash.obj (.TI.ramfunc:Flash_enableCache)
                  000860f7    00000017                        : flash.obj (.TI.ramfunc:Flash_enablePrefetch)
                  0008610e    00000016                        : flash.obj (.TI.ramfunc:Flash_enableECC)
                  00086124    00000004                        : sysctl.obj (.TI.ramfunc)

GETBUFFER 
*          0    0003f800    00000000     DSECT

GETWRITEIDX 
*          0    0003f800    00000000     DSECT

PUTREADIDX 
*          0    0003f800    00000000     DSECT

.text.1    0    00082000    00002000     
                  00082000    000014c1     board.obj (.text)
                  000834c1    00000ab2     Zero_002.obj (.text)
                  00083f73    0000008b     rts2800_fpu32_eabi.lib : fd_div28.asm.obj (.text)
                  00083ffe    00000002                            : pre_init.c.obj (.text)

.text.2    0    00084000    00002000     
                  00084000    000006c2     rts2800_fpu32_eabi.lib : _printfi.c.obj (.text)
                  000846c2    00000614                            : _printfi.c.obj (.text:__TI_printfi)
                  00084cd6    00000459     device.obj (.text)
                  0008512f    0000044c     Zero_002.obj (.text:retain)
                  0008557b    00000209     driverlib_eabi.lib : sysctl.obj (.text:SysCtl_setClock)
                  00085784    00000107     rts2800_fpu32_eabi.lib : ll_div28.asm.obj (.text)
                  0008588b    000000a9                            : s_scalbn.c.obj (.text)
                  00085934    0000009c                            : fd_add28.asm.obj (.text)
                  000859d0    00000090     driverlib_eabi.lib : sysctl.obj (.text:SysCtl_selectXTAL)
                  00085a60    00000088     rts2800_fpu32_eabi.lib : fs_div28.asm.obj (.text)
                  00085ae8    00000083                            : fd_mpy28.asm.obj (.text)
                  00085b6b    0000006f     driverlib_eabi.lib : adc.obj (.text:ADC_setINLTrim)
                  00085bda    00000068                        : sysctl.obj (.text:SysCtl_getDeviceParametric)
                  00085c42    00000060                        : adc.obj (.text:ADC_setOffsetTrim)
                  00085ca2    0000005a     rts2800_fpu32_eabi.lib : s_frexp.c.obj (.text)
                  00085cfc    00000052     driverlib_eabi.lib : gpio.obj (.text:GPIO_setPadConfig)
                  00085d4e    00000051                        : sysctl.obj (.text:SysCtl_getClock)
                  00085d9f    00000048                        : sysctl.obj (.text:SysCtl_selectOscSource)
                  00085de7    00000045                        : sci.obj (.text:SCI_clearInterruptStatus)
                  00085e2c    00000044                        : sci.obj (.text:SCI_enableInterrupt)
                  00085e70    0000003e                        : sci.obj (.text:SCI_setConfig)
                  00085eae    0000003d                        : interrupt.obj (.text:Interrupt_initModule)
                  00085eeb    0000003d                        : sysctl.obj (.text:SysCtl_selectOscSourceAuxPLL)
                  00085f28    00000037                        : gpio.obj (.text:GPIO_setControllerCore)
                  00085f5f    00000037                        : gpio.obj (.text:GPIO_setPinConfig)
                  00085f96    00000037                        : gpio.obj (.text:GPIO_setQualificationMode)
                  00085fcd    00000032     rts2800_fpu32_eabi.lib : sprintf.c.obj (.text)
                  00085fff    00000001                            : startup.c.obj (.text)

.text.3    0    00086128    000005ab     
                  00086128    00000037     driverlib_eabi.lib : interrupt.obj (.text:Interrupt_enable)
                  0008615f    00000031                        : gpio.obj (.text:GPIO_setDirectionMode)
                  00086190    00000031     rts2800_fpu32_eabi.lib : atoi.c.obj (.text)
                  000861c1    00000030                            : _ltoa.c.obj (.text)
                  000861f1    0000002f     driverlib_eabi.lib : adc.obj (.text:ADC_setMode)
                  00086220    0000002e     rts2800_fpu32_eabi.lib : copy_decompress_lzss.c.obj (.text:decompress:lzss)
                  0008624e    0000002b                            : autoinit.c.obj (.text:__TI_auto_init_nobinit_nopinit)
                  00086279    0000002a                            : fd_cmp28.asm.obj (.text)
                  000862a3    0000002a                            : l_div28.asm.obj (.text)
                  000862cd    00000029                            : exit.c.obj (.text)
                  000862f6    00000028     driverlib_eabi.lib : sysctl.obj (.text:CPUTimer_selectClockSource)
                  0008631e    00000026                        : flash.obj (.text:Flash_setBankPowerUpDelay)
                  00086344    00000024     rts2800_fpu32_eabi.lib : s_copysign.c.obj (.text)
                  00086368    00000021                            : fd_toi28.asm.obj (.text)
                  00086389    0000001f     driverlib_eabi.lib : sysctl.obj (.text:CPUTimer_getTimerOverflowStatus)
                  000863a8    0000001f     rts2800_fpu32_eabi.lib : fd_tol28.asm.obj (.text)
                  000863c7    0000001e     driverlib_eabi.lib : interrupt.obj (.text:Interrupt_initVectorTable)
                  000863e5    0000001e     rts2800_fpu32_eabi.lib : ll_cmp28.asm.obj (.text)
                  00086403    0000001d                            : i_tofd28.asm.obj (.text)
                  00086420    0000001d                            : memcpy.c.obj (.text)
                  0008643d    0000001c                            : l_tofd28.asm.obj (.text)
                  00086459    0000001b     driverlib_eabi.lib : adc.obj (.text:ADC_isBaseValid)
                  00086474    0000001b                        : sci.obj (.text:SCI_isBaseValid)
                  0008648f    0000001a                        : sysctl.obj (.text:CPUTimer_startTimer)
                  000864a9    0000001a                        : sysctl.obj (.text:SysCtl_getLowSpeedClock)
                  000864c3    00000019     rts2800_fpu32_eabi.lib : prolog28.asm.obj (.text)
                  000864dc    00000018     driverlib_eabi.lib : sci.obj (.text:SCI_disableModule)
                  000864f4    00000018                        : sci.obj (.text:SCI_performSoftwareReset)
                  0008650c    00000018     rts2800_fpu32_eabi.lib : ll_aox28.asm.obj (.text)
                  00086524    00000017     driverlib_eabi.lib : sysctl.obj (.text:CPUTimer_isBaseValid)
                  0008653b    00000017     rts2800_fpu32_eabi.lib : boot28.asm.obj (.text)
                  00086552    00000016     driverlib_eabi.lib : interrupt.obj (.text:Interrupt_defaultHandler)
                  00086568    00000014                        : sysctl.obj (.text:CPUTimer_stopTimer)
                  0008657c    00000013                        : sci.obj (.text:SCI_enableModule)
                  0008658f    00000012                        : sysctl.obj (.text:CPUTimer_clearOverflowFlag)
                  000865a1    00000012                        : sysctl.obj (.text:CPUTimer_disableInterrupt)
                  000865b3    00000011                        : sysctl.obj (.text:CPUTimer_setPeriod)
                  000865c4    00000010                        : flash.obj (.text:Flash_isCtrlBaseValid)
                  000865d4    00000010                        : flash.obj (.text:Flash_isECCBaseValid)
                  000865e4    00000010     rts2800_fpu32_eabi.lib : memccpy.c.obj (.text)
                  000865f4    0000000f     driverlib_eabi.lib : sysctl.obj (.text:SysCtl_pollCpuTimer)
                  00086603    0000000e                        : gpio.obj (.text:GPIO_isPinValid)
                  00086611    0000000e     rts2800_fpu32_eabi.lib : fd_sub28.asm.obj (.text)
                  0008661f    0000000d     driverlib_eabi.lib : interrupt.obj (.text:Interrupt_disableGlobal)
                  0008662c    0000000d                        : interrupt.obj (.text:Interrupt_enableGlobal)
                  00086639    0000000c     rts2800_fpu32_eabi.lib : args_main.c.obj (.text)
                  00086645    0000000c                            : epilog28.asm.obj (.text)
                  00086651    0000000c                            : strchr.c.obj (.text)
                  0008665d    0000000b     driverlib_eabi.lib : sysctl.obj (.text:SysCtl_isMCDClockFailureDetected)
                  00086668    0000000b     rts2800_fpu32_eabi.lib : wcslen.c.obj (.text)
                  00086673    0000000a     driverlib_eabi.lib : interrupt.obj (.text:Interrupt_illegalOperationHandler)
                  0008667d    0000000a                        : interrupt.obj (.text:Interrupt_nmiHandler)
                  00086687    00000009                        : sysctl.obj (.text:SysCtl_serviceWatchdog)
                  00086690    00000009     rts2800_fpu32_eabi.lib : _lock.c.obj (.text)
                  00086699    00000009                            : fd_neg28.asm.obj (.text)
                  000866a2    00000008                            : copy_decompress_none.c.obj (.text:decompress:none)
                  000866aa    00000008     f2837xd_codestartbranch.obj (.text)
                  000866b2    00000008     rts2800_fpu32_eabi.lib : strlen.c.obj (.text)
                  000866ba    00000007     driverlib_eabi.lib : sysctl.obj (.text:SysCtl_resetMCD)
                  000866c1    00000007     rts2800_fpu32_eabi.lib : memset.c.obj (.text)
                  000866c8    00000006                            : copy_zero_init.c.obj (.text:decompress:ZI)
                  000866ce    00000005                            : strcpy.c.obj (.text)

.bss.1     1    0000a80c    0000078c     UNINITIALIZED
                  0000a80c    00000640     Zero_002.obj (.bss:adc3TestResults)
                  0000ae4c    00000140     Zero_002.obj (.bss:adc2WindowResults)
                  0000af8c    00000004     Zero_002.obj (.bss:adcComplete)
                  0000af90    00000004     Zero_002.obj (.bss:adcIndex)
                  0000af94    00000004     Zero_002.obj (.bss:adcSampleCount)

.bss.2     1    0000c000    00001000     UNINITIALIZED
                  0000c000    000004b0     Zero_002.obj (.bss:adc0TestResults)
                  0000c4b0    000004b0     Zero_002.obj (.bss:adc1TestResults)
                  0000c960    00000320     Zero_002.obj (.bss:adc2TestResults)
                  0000cc80    00000280     Zero_002.obj (.bss:adc3WindowResults)
                  0000cf00    00000100     Zero_002.obj (.bss:uartBuffer)

.bss.3     1    0000d000    00000488     UNINITIALIZED
                  0000d000    000001e0     Zero_002.obj (.bss:adc0WindowResults)
                  0000d1e0    000001e0     Zero_002.obj (.bss:adc1WindowResults)
                  0000d3c0    000000c8     Zero_002.obj (.bss:adcResults)

MODULE SUMMARY

       Module                        code    ro data   rw data
       ------                        ----    -------   -------
    .\
       Zero_002.obj                  3838    1543      7189   
       f2837xd_codestartbranch.obj   10      0         0      
    +--+-----------------------------+-------+---------+---------+
       Total:                        3848    1543      7189   
                                                              
    .\syscfg\
       board.obj                     5313    250       0      
       device.obj                    1113    0         0      
    +--+-----------------------------+-------+---------+---------+
       Total:                        6426    250       0      
                                                              
    C:\ti\C2000Ware_6_00_01_00\driverlib\f2837xd\driverlib\ccs\Debug\driverlib_eabi.lib
       sysctl.obj                    1252    194       0      
       flash.obj                     654     191       0      
       gpio.obj                      310     188       0      
       sci.obj                       293     187       0      
       adc.obj                       281     93        0      
       interrupt.obj                 214     0         0      
    +--+-----------------------------+-------+---------+---------+
       Total:                        3004    853       0      
                                                              
    C:\ti\ccs2041\ccs\tools\compiler\ti-cgt-c2000_22.6.3.LTS\lib\rts2800_fpu32_eabi.lib
       _printfi.c.obj                3286    66        0      
       ll_div28.asm.obj              263     0         0      
       ctype.c.obj                   0       257       0      
       s_scalbn.c.obj                169     28        0      
       fd_add28.asm.obj              156     0         0      
       fd_div28.asm.obj              139     0         0      
       fs_div28.asm.obj              136     0         0      
       fd_mpy28.asm.obj              131     0         0      
       s_frexp.c.obj                 90      8         0      
       sprintf.c.obj                 50      0         0      
       atoi.c.obj                    49      0         0      
       _ltoa.c.obj                   48      0         0      
       exit.c.obj                    41      0         6      
       copy_decompress_lzss.c.obj    46      0         0      
       autoinit.c.obj                43      0         0      
       fd_cmp28.asm.obj              42      0         0      
       l_div28.asm.obj               42      0         0      
       s_copysign.c.obj              36      0         0      
       fd_toi28.asm.obj              33      0         0      
       fd_tol28.asm.obj              31      0         0      
       ll_cmp28.asm.obj              30      0         0      
       i_tofd28.asm.obj              29      0         0      
       memcpy.c.obj                  29      0         0      
       l_tofd28.asm.obj              28      0         0      
       prolog28.asm.obj              25      0         0      
       ll_aox28.asm.obj              24      0         0      
       boot28.asm.obj                23      0         0      
       memccpy.c.obj                 16      0         0      
       fd_sub28.asm.obj              14      0         0      
       _lock.c.obj                   9       0         4      
       args_main.c.obj               12      0         0      
       epilog28.asm.obj              12      0         0      
       strchr.c.obj                  12      0         0      
       wcslen.c.obj                  11      0         0      
       fd_neg28.asm.obj              9       0         0      
       copy_decompress_none.c.obj    8       0         0      
       strlen.c.obj                  8       0         0      
       memset.c.obj                  7       0         0      
       copy_zero_init.c.obj          6       0         0      
       strcpy.c.obj                  5       0         0      
       pre_init.c.obj                2       0         0      
       errno.c.obj                   0       0         1      
       startup.c.obj                 1       0         0      
    +--+-----------------------------+-------+---------+---------+
       Total:                        5151    359       11     
                                                              
       Stack:                        0       0         256    
       Linker Generated:             0       44        0      
    +--+-----------------------------+-------+---------+---------+
       Grand Total:                  18429   3049      7456   


LINKER GENERATED COPY TABLES

__TI_cinit_table @ 00080024 records: 4, size/record: 4, table size: 16
	.data: load addr=00080008, load size=0000000a bytes, run addr=0000a800, run size=0000000c bytes, compression=lzss
	.bss.1: load addr=00080018, load size=00000004 bytes, run addr=0000a80c, run size=0000078c bytes, compression=zero_init
	.bss.2: load addr=0008001c, load size=00000004 bytes, run addr=0000c000, run size=00001000 bytes, compression=zero_init
	.bss.3: load addr=00080020, load size=00000004 bytes, run addr=0000d000, run size=00000488 bytes, compression=zero_init


LINKER GENERATED HANDLER TABLE

__TI_handler_table @ 00080012 records: 3, size/record: 2, table size: 6
	index: 0, handler: __TI_zero_init
	index: 1, handler: __TI_decompress_lzss
	index: 2, handler: __TI_decompress_none


GLOBAL DATA SYMBOLS: SORTED BY DATA PAGE

address     data page           name
--------    ----------------    ----
00000400      10 (00000400)     __stack

0000a800     2a0 (0000a800)     __TI_enable_exit_profile_output
0000a802     2a0 (0000a800)     __TI_cleanup_ptr
0000a804     2a0 (0000a800)     __TI_dtors_ptr
0000a806     2a0 (0000a800)     _lock
0000a808     2a0 (0000a800)     _unlock
0000a80a     2a0 (0000a800)     systemSynced
0000a80b     2a0 (0000a800)     errno
0000a80c     2a0 (0000a800)     adc3TestResults

0000ae4c     2b9 (0000ae40)     adc2WindowResults

0000af8c     2be (0000af80)     adcComplete
0000af90     2be (0000af80)     adcIndex
0000af94     2be (0000af80)     adcSampleCount

0000c000     300 (0000c000)     adc0TestResults

0000c4b0     312 (0000c480)     adc1TestResults

0000c960     325 (0000c940)     adc2TestResults

0000cc80     332 (0000cc80)     adc3WindowResults

0000cf00     33c (0000cf00)     uartBuffer

0000d000     340 (0000d000)     adc0WindowResults

0000d1e0     347 (0000d1c0)     adc1WindowResults

0000d3c0     34f (0000d3c0)     adcResults

00090607    2418 (00090600)     _ctypes_


GLOBAL SYMBOLS: SORTED ALPHABETICALLY BY Name 

page  address   name                                     
----  -------   ----                                     
0     000834a5  ADC_init                                 
0     00085b6b  ADC_setINLTrim                           
0     000861f1  ADC_setMode                              
0     00085c42  ADC_setOffsetTrim                        
0     000834ae  Board_init                               
0     000862cd  C$$EXIT                                  
0     00084f67  Device_bootCPU2                          
0     00084d63  Device_configureTMXAnalogTrim            
0     00084e7c  Device_enableAllPeripherals              
0     00084d09  Device_enableUnbondedGPIOPullups         
0     00084cec  Device_enableUnbondedGPIOPullupsFor100Pin
0     00084cd9  Device_enableUnbondedGPIOPullupsFor176Pin
0     00084db8  Device_init                              
0     00084d19  Device_initGPIO                          
0     00082daa  EPWM_init                                
0     00008000  Flash_initModule                         
0     000820b2  GPIO_init                                
0     00085f28  GPIO_setControllerCore                   
0     0008615f  GPIO_setDirectionMode                    
0     00085cfc  GPIO_setPadConfig                        
0     00085f5f  GPIO_setPinConfig                        
0     00085f96  GPIO_setQualificationMode                
0     00082a6c  INTERRUPT_init                           
0     0008552f  INT_myADC0_1_ISR                         
0     000854e2  INT_myADC0_2_ISR                         
0     00085495  INT_myADC0_3_ISR                         
0     00085435  INT_myADC1_1_ISR                         
0     000853d4  INT_myADC1_2_ISR                         
0     00085373  INT_myADC1_3_ISR                         
0     00085313  INT_myADC2_1_ISR                         
0     000852b2  INT_myADC2_2_ISR                         
0     00085252  INT_myADC3_1_ISR                         
0     000851f1  INT_myADC3_2_ISR                         
0     00085190  INT_myADC3_3_ISR                         
0     0008512f  INT_myADC3_4_ISR                         
0     00086552  Interrupt_defaultHandler                 
0     00086128  Interrupt_enable                         
0     00086673  Interrupt_illegalOperationHandler        
0     00085eae  Interrupt_initModule                     
0     000863c7  Interrupt_initVectorTable                
0     0008667d  Interrupt_nmiHandler                     
0     0008296a  PinMux_init                              
0     00086128  RamfuncsLoadEnd                          
abs   00000128  RamfuncsLoadSize                         
0     00086000  RamfuncsLoadStart                        
0     00008128  RamfuncsRunEnd                           
abs   00000128  RamfuncsRunSize                          
0     00008000  RamfuncsRunStart                         
0     00083cef  ReconfigureandsetAcquisitionWindowADC0   
0     00083d26  ReconfigureandsetAcquisitionWindowADC1   
0     00083d5d  ReconfigureandsetAcquisitionWindowADC2   
0     00083d85  ReconfigureandsetAcquisitionWindowADC3   
0     00085de7  SCI_clearInterruptStatus                 
0     00085e2c  SCI_enableInterrupt                      
0     00082000  SCI_init                                 
0     00085e70  SCI_setConfig                            
0     000828d6  SYNC_init                                
0     000826af  SYSCTL_init                              
0     00008124  SysCtl_delay                             
0     00085d4e  SysCtl_getClock                          
0     00085bda  SysCtl_getDeviceParametric               
0     000864a9  SysCtl_getLowSpeedClock                  
0     00085d9f  SysCtl_selectOscSource                   
0     00085eeb  SysCtl_selectOscSourceAuxPLL             
0     000859d0  SysCtl_selectXTAL                        
0     0008557b  SysCtl_setClock                          
0     00083f24  UART_readChar                            
0     000834c1  UART_writeString                         
0     00080024  __TI_CINIT_Base                          
0     00080034  __TI_CINIT_Limit                         
0     00080034  __TI_CINIT_Warm                          
0     00080012  __TI_Handler_Table_Base                  
0     00080018  __TI_Handler_Table_Limit                 
1     00000500  __TI_STACK_END                           
abs   00000100  __TI_STACK_SIZE                          
0     0008624e  __TI_auto_init_nobinit_nopinit           
1     0000a802  __TI_cleanup_ptr                         
0     00086220  __TI_decompress_lzss                     
0     000866a2  __TI_decompress_none                     
1     0000a804  __TI_dtors_ptr                           
1     0000a800  __TI_enable_exit_profile_output          
0     000861c1  __TI_ltoa                                
abs   ffffffff  __TI_pprof_out_hndl                      
0     00084b51  __TI_printfi                             
abs   ffffffff  __TI_prof_data_size                      
abs   ffffffff  __TI_prof_data_start                     
0     000866c8  __TI_zero_init                           
0     00085934  __c28xabi_addd                           
0     0008650c  __c28xabi_andll                          
0     00086279  __c28xabi_cmpd                           
0     000863e5  __c28xabi_cmpll                          
0     000863f7  __c28xabi_cmpull                         
0     00083f73  __c28xabi_divd                           
0     00085a60  __c28xabi_divf                           
0     000862a3  __c28xabi_divl                           
0     00085784  __c28xabi_divll                          
0     000862c0  __c28xabi_divul                          
0     000857fa  __c28xabi_divull                         
0     00086368  __c28xabi_dtoi                           
0     000863a8  __c28xabi_dtol                           
0     00086403  __c28xabi_itod                           
0     0008643d  __c28xabi_ltod                           
0     000862b2  __c28xabi_modl                           
0     000857c0  __c28xabi_modll                          
0     000862c7  __c28xabi_modul                          
0     00085829  __c28xabi_modull                         
0     00085ae8  __c28xabi_mpyd                           
0     00086699  __c28xabi_negd                           
0     00086514  __c28xabi_orll                           
0     00086611  __c28xabi_subd                           
0     0008651c  __c28xabi_xorll                          
n/a   UNDEFED   __c_args__                               
0     00084cd6  __error__                                
1     00000400  __stack                                  
0     00086639  _args_main                               
0     0008653b  _c_int00                                 
0     00090607  _ctypes_                                 
0     00086645  _epilog_c28x_1                           
0     00086649  _epilog_c28x_2                           
1     0000a806  _lock                                    
0     00086698  _nop                                     
0     000864c3  _prolog_c28x_1                           
0     000864c7  _prolog_c28x_2                           
0     000864cf  _prolog_c28x_3                           
0     00086694  _register_lock                           
0     00086690  _register_unlock                         
0     00085fff  _system_post_cinit                       
0     00083ffe  _system_pre_init                         
1     0000a808  _unlock                                  
0     000862cd  abort                                    
1     0000c000  adc0TestResults                          
1     0000d000  adc0WindowResults                        
1     0000c4b0  adc1TestResults                          
1     0000d1e0  adc1WindowResults                        
1     0000c960  adc2TestResults                          
1     0000ae4c  adc2WindowResults                        
1     0000a80c  adc3TestResults                          
1     0000cc80  adc3WindowResults                        
1     0000af8c  adcComplete                              
1     0000af90  adcIndex                                 
1     0000d3c0  adcResults                               
1     0000af94  adcSampleCount                           
0     00086190  atoi                                     
0     00083823  calculateStatistics                      
0     000837dc  calculateStdDev                          
0     00083ada  calculateWindowAverageADC0               
0     00083aef  calculateWindowAverageADC1               
0     00083b04  calculateWindowAverageADC2               
0     00083b19  calculateWindowAverageADC3               
0     00080000  code_start                               
0     00086344  copysign                                 
0     00086344  copysignl                                
0     00083a19  delayMs                                  
0     00083b93  displayFinalTableADC0                    
0     00083bea  displayFinalTableADC1                    
0     00083c41  displayFinalTableADC2                    
0     00083c7c  displayFinalTableADC3                    
0     00083eee  displayTestResult                        
1     0000a80b  errno                                    
0     000862cf  exit                                     
0     00085ca2  frexp                                    
0     00085ca2  frexpl                                   
0     0008588b  ldexp                                    
0     0008588b  ldexpl                                   
0     00083dcb  main                                     
0     000865e4  memccpy                                  
0     00086420  memcpy                                   
0     000866c1  memset                                   
0     000825a9  myADC0_init                              
0     00082490  myADC1_init                              
0     0008239b  myADC2_init                              
0     0008221d  myADC3_init                              
0     000820b2  myBoardLED0_GPIO_init                    
0     00082000  mySCI0_init                              
0     000839b5  runSingleTestADC0                        
0     00083951  runSingleTestADC1                        
0     00083906  runSingleTestADC2                        
0     00083889  runSingleTestADC3                        
0     0008588b  scalbn                                   
0     0008588b  scalbnl                                  
0     00083773  setAcquisitionWindowADC0                 
0     0008373d  setAcquisitionWindowADC1                 
0     00083715  setAcquisitionWindowADC2                 
0     000836d0  setAcquisitionWindowADC3                 
0     00085fcd  sprintf                                  
0     00083601  startPWM                                 
0     0008359d  stopEPWMs                                
0     00086651  strchr                                   
0     000866ce  strcpy                                   
0     000866b2  strlen                                   
1     0000a80a  systemSynced                             
1     0000cf00  uartBuffer                               
0     000834fe  waitForKeyPress                          
0     00086668  wcslen                                   


GLOBAL SYMBOLS: SORTED BY Symbol Address 

page  address   name                                     
----  -------   ----                                     
0     00008000  Flash_initModule                         
0     00008000  RamfuncsRunStart                         
0     00008124  SysCtl_delay                             
0     00008128  RamfuncsRunEnd                           
0     00080000  code_start                               
0     00080012  __TI_Handler_Table_Base                  
0     00080018  __TI_Handler_Table_Limit                 
0     00080024  __TI_CINIT_Base                          
0     00080034  __TI_CINIT_Limit                         
0     00080034  __TI_CINIT_Warm                          
0     00082000  SCI_init                                 
0     00082000  mySCI0_init                              
0     000820b2  GPIO_init                                
0     000820b2  myBoardLED0_GPIO_init                    
0     0008221d  myADC3_init                              
0     0008239b  myADC2_init                              
0     00082490  myADC1_init                              
0     000825a9  myADC0_init                              
0     000826af  SYSCTL_init                              
0     000828d6  SYNC_init                                
0     0008296a  PinMux_init                              
0     00082a6c  INTERRUPT_init                           
0     00082daa  EPWM_init                                
0     000834a5  ADC_init                                 
0     000834ae  Board_init                               
0     000834c1  UART_writeString                         
0     000834fe  waitForKeyPress                          
0     0008359d  stopEPWMs                                
0     00083601  startPWM                                 
0     000836d0  setAcquisitionWindowADC3                 
0     00083715  setAcquisitionWindowADC2                 
0     0008373d  setAcquisitionWindowADC1                 
0     00083773  setAcquisitionWindowADC0                 
0     000837dc  calculateStdDev                          
0     00083823  calculateStatistics                      
0     00083889  runSingleTestADC3                        
0     00083906  runSingleTestADC2                        
0     00083951  runSingleTestADC1                        
0     000839b5  runSingleTestADC0                        
0     00083a19  delayMs                                  
0     00083ada  calculateWindowAverageADC0               
0     00083aef  calculateWindowAverageADC1               
0     00083b04  calculateWindowAverageADC2               
0     00083b19  calculateWindowAverageADC3               
0     00083b93  displayFinalTableADC0                    
0     00083bea  displayFinalTableADC1                    
0     00083c41  displayFinalTableADC2                    
0     00083c7c  displayFinalTableADC3                    
0     00083cef  ReconfigureandsetAcquisitionWindowADC0   
0     00083d26  ReconfigureandsetAcquisitionWindowADC1   
0     00083d5d  ReconfigureandsetAcquisitionWindowADC2   
0     00083d85  ReconfigureandsetAcquisitionWindowADC3   
0     00083dcb  main                                     
0     00083eee  displayTestResult                        
0     00083f24  UART_readChar                            
0     00083f73  __c28xabi_divd                           
0     00083ffe  _system_pre_init                         
0     00084b51  __TI_printfi                             
0     00084cd6  __error__                                
0     00084cd9  Device_enableUnbondedGPIOPullupsFor176Pin
0     00084cec  Device_enableUnbondedGPIOPullupsFor100Pin
0     00084d09  Device_enableUnbondedGPIOPullups         
0     00084d19  Device_initGPIO                          
0     00084d63  Device_configureTMXAnalogTrim            
0     00084db8  Device_init                              
0     00084e7c  Device_enableAllPeripherals              
0     00084f67  Device_bootCPU2                          
0     0008512f  INT_myADC3_4_ISR                         
0     00085190  INT_myADC3_3_ISR                         
0     000851f1  INT_myADC3_2_ISR                         
0     00085252  INT_myADC3_1_ISR                         
0     000852b2  INT_myADC2_2_ISR                         
0     00085313  INT_myADC2_1_ISR                         
0     00085373  INT_myADC1_3_ISR                         
0     000853d4  INT_myADC1_2_ISR                         
0     00085435  INT_myADC1_1_ISR                         
0     00085495  INT_myADC0_3_ISR                         
0     000854e2  INT_myADC0_2_ISR                         
0     0008552f  INT_myADC0_1_ISR                         
0     0008557b  SysCtl_setClock                          
0     00085784  __c28xabi_divll                          
0     000857c0  __c28xabi_modll                          
0     000857fa  __c28xabi_divull                         
0     00085829  __c28xabi_modull                         
0     0008588b  ldexp                                    
0     0008588b  ldexpl                                   
0     0008588b  scalbn                                   
0     0008588b  scalbnl                                  
0     00085934  __c28xabi_addd                           
0     000859d0  SysCtl_selectXTAL                        
0     00085a60  __c28xabi_divf                           
0     00085ae8  __c28xabi_mpyd                           
0     00085b6b  ADC_setINLTrim                           
0     00085bda  SysCtl_getDeviceParametric               
0     00085c42  ADC_setOffsetTrim                        
0     00085ca2  frexp                                    
0     00085ca2  frexpl                                   
0     00085cfc  GPIO_setPadConfig                        
0     00085d4e  SysCtl_getClock                          
0     00085d9f  SysCtl_selectOscSource                   
0     00085de7  SCI_clearInterruptStatus                 
0     00085e2c  SCI_enableInterrupt                      
0     00085e70  SCI_setConfig                            
0     00085eae  Interrupt_initModule                     
0     00085eeb  SysCtl_selectOscSourceAuxPLL             
0     00085f28  GPIO_setControllerCore                   
0     00085f5f  GPIO_setPinConfig                        
0     00085f96  GPIO_setQualificationMode                
0     00085fcd  sprintf                                  
0     00085fff  _system_post_cinit                       
0     00086000  RamfuncsLoadStart                        
0     00086128  Interrupt_enable                         
0     00086128  RamfuncsLoadEnd                          
0     0008615f  GPIO_setDirectionMode                    
0     00086190  atoi                                     
0     000861c1  __TI_ltoa                                
0     000861f1  ADC_setMode                              
0     00086220  __TI_decompress_lzss                     
0     0008624e  __TI_auto_init_nobinit_nopinit           
0     00086279  __c28xabi_cmpd                           
0     000862a3  __c28xabi_divl                           
0     000862b2  __c28xabi_modl                           
0     000862c0  __c28xabi_divul                          
0     000862c7  __c28xabi_modul                          
0     000862cd  C$$EXIT                                  
0     000862cd  abort                                    
0     000862cf  exit                                     
0     00086344  copysign                                 
0     00086344  copysignl                                
0     00086368  __c28xabi_dtoi                           
0     000863a8  __c28xabi_dtol                           
0     000863c7  Interrupt_initVectorTable                
0     000863e5  __c28xabi_cmpll                          
0     000863f7  __c28xabi_cmpull                         
0     00086403  __c28xabi_itod                           
0     00086420  memcpy                                   
0     0008643d  __c28xabi_ltod                           
0     000864a9  SysCtl_getLowSpeedClock                  
0     000864c3  _prolog_c28x_1                           
0     000864c7  _prolog_c28x_2                           
0     000864cf  _prolog_c28x_3                           
0     0008650c  __c28xabi_andll                          
0     00086514  __c28xabi_orll                           
0     0008651c  __c28xabi_xorll                          
0     0008653b  _c_int00                                 
0     00086552  Interrupt_defaultHandler                 
0     000865e4  memccpy                                  
0     00086611  __c28xabi_subd                           
0     00086639  _args_main                               
0     00086645  _epilog_c28x_1                           
0     00086649  _epilog_c28x_2                           
0     00086651  strchr                                   
0     00086668  wcslen                                   
0     00086673  Interrupt_illegalOperationHandler        
0     0008667d  Interrupt_nmiHandler                     
0     00086690  _register_unlock                         
0     00086694  _register_lock                           
0     00086698  _nop                                     
0     00086699  __c28xabi_negd                           
0     000866a2  __TI_decompress_none                     
0     000866b2  strlen                                   
0     000866c1  memset                                   
0     000866c8  __TI_zero_init                           
0     000866ce  strcpy                                   
0     00090607  _ctypes_                                 
1     00000400  __stack                                  
1     00000500  __TI_STACK_END                           
1     0000a800  __TI_enable_exit_profile_output          
1     0000a802  __TI_cleanup_ptr                         
1     0000a804  __TI_dtors_ptr                           
1     0000a806  _lock                                    
1     0000a808  _unlock                                  
1     0000a80a  systemSynced                             
1     0000a80b  errno                                    
1     0000a80c  adc3TestResults                          
1     0000ae4c  adc2WindowResults                        
1     0000af8c  adcComplete                              
1     0000af90  adcIndex                                 
1     0000af94  adcSampleCount                           
1     0000c000  adc0TestResults                          
1     0000c4b0  adc1TestResults                          
1     0000c960  adc2TestResults                          
1     0000cc80  adc3WindowResults                        
1     0000cf00  uartBuffer                               
1     0000d000  adc0WindowResults                        
1     0000d1e0  adc1WindowResults                        
1     0000d3c0  adcResults                               
abs   00000100  __TI_STACK_SIZE                          
abs   00000128  RamfuncsLoadSize                         
abs   00000128  RamfuncsRunSize                          
abs   ffffffff  __TI_pprof_out_hndl                      
abs   ffffffff  __TI_prof_data_size                      
abs   ffffffff  __TI_prof_data_start                     
n/a   UNDEFED   __c_args__                               

[194 symbols]
