<?xml version="1.0" encoding="ISO-8859-1" ?>
<link_info>
   <banner>TMS320C2000 Linker PC v22.6.3.LTS</banner>
   <copyright>Copyright (c) 1996-2018 Texas Instruments Incorporated</copyright>
   <link_time>0x698c9b6a</link_time>
   <link_errors>0x0</link_errors>
   <output_file>lab_ePWM_eCAP_controlcard.out</output_file>
   <entry_point>
      <name>code_start</name>
      <address>0x80000</address>
   </entry_point>
   <input_file_list>
      <input_file id="fl-2">
         <path>.\syscfg\</path>
         <kind>object</kind>
         <file>board.obj</file>
         <name>board.obj</name>
      </input_file>
      <input_file id="fl-3">
         <path>.\syscfg\</path>
         <kind>object</kind>
         <file>device.obj</file>
         <name>device.obj</name>
      </input_file>
      <input_file id="fl-4">
         <path>.\syscfg\</path>
         <kind>object</kind>
         <file>c2000ware_libraries.obj</file>
         <name>c2000ware_libraries.obj</name>
      </input_file>
      <input_file id="fl-5">
         <path>.\</path>
         <kind>object</kind>
         <file>f2837xd_codestartbranch.obj</file>
         <name>f2837xd_codestartbranch.obj</name>
      </input_file>
      <input_file id="fl-6">
         <path>.\</path>
         <kind>object</kind>
         <file>zero.obj</file>
         <name>zero.obj</name>
      </input_file>
      <input_file id="fl-b">
         <kind>object</kind>
         <file>&lt;internal&gt;</file>
         <name>&lt;internal&gt;</name>
      </input_file>
      <input_file id="fl-f">
         <path>C:\ti\C2000Ware_6_00_01_00\driverlib\f2837xd\driverlib\ccs\Debug\</path>
         <kind>archive</kind>
         <file>driverlib_eabi.lib</file>
         <name>adc.obj</name>
      </input_file>
      <input_file id="fl-10">
         <path>C:\ti\C2000Ware_6_00_01_00\driverlib\f2837xd\driverlib\ccs\Debug\</path>
         <kind>archive</kind>
         <file>driverlib_eabi.lib</file>
         <name>flash.obj</name>
      </input_file>
      <input_file id="fl-11">
         <path>C:\ti\C2000Ware_6_00_01_00\driverlib\f2837xd\driverlib\ccs\Debug\</path>
         <kind>archive</kind>
         <file>driverlib_eabi.lib</file>
         <name>gpio.obj</name>
      </input_file>
      <input_file id="fl-12">
         <path>C:\ti\C2000Ware_6_00_01_00\driverlib\f2837xd\driverlib\ccs\Debug\</path>
         <kind>archive</kind>
         <file>driverlib_eabi.lib</file>
         <name>interrupt.obj</name>
      </input_file>
      <input_file id="fl-13">
         <path>C:\ti\C2000Ware_6_00_01_00\driverlib\f2837xd\driverlib\ccs\Debug\</path>
         <kind>archive</kind>
         <file>driverlib_eabi.lib</file>
         <name>sci.obj</name>
      </input_file>
      <input_file id="fl-14">
         <path>C:\ti\C2000Ware_6_00_01_00\driverlib\f2837xd\driverlib\ccs\Debug\</path>
         <kind>archive</kind>
         <file>driverlib_eabi.lib</file>
         <name>sysctl.obj</name>
      </input_file>
      <input_file id="fl-20">
         <path>C:\ti\ccs2040\ccs\tools\compiler\ti-cgt-c2000_22.6.3.LTS\lib\</path>
         <kind>archive</kind>
         <file>rts2800_fpu32_eabi.lib</file>
         <name>sprintf.c.obj</name>
      </input_file>
      <input_file id="fl-21">
         <path>C:\ti\ccs2040\ccs\tools\compiler\ti-cgt-c2000_22.6.3.LTS\lib\</path>
         <kind>archive</kind>
         <file>rts2800_fpu32_eabi.lib</file>
         <name>boot28.asm.obj</name>
      </input_file>
      <input_file id="fl-22">
         <path>C:\ti\ccs2040\ccs\tools\compiler\ti-cgt-c2000_22.6.3.LTS\lib\</path>
         <kind>archive</kind>
         <file>rts2800_fpu32_eabi.lib</file>
         <name>epilog28.asm.obj</name>
      </input_file>
      <input_file id="fl-23">
         <path>C:\ti\ccs2040\ccs\tools\compiler\ti-cgt-c2000_22.6.3.LTS\lib\</path>
         <kind>archive</kind>
         <file>rts2800_fpu32_eabi.lib</file>
         <name>fs_div28.asm.obj</name>
      </input_file>
      <input_file id="fl-24">
         <path>C:\ti\ccs2040\ccs\tools\compiler\ti-cgt-c2000_22.6.3.LTS\lib\</path>
         <kind>archive</kind>
         <file>rts2800_fpu32_eabi.lib</file>
         <name>prolog28.asm.obj</name>
      </input_file>
      <input_file id="fl-25">
         <path>C:\ti\ccs2040\ccs\tools\compiler\ti-cgt-c2000_22.6.3.LTS\lib\</path>
         <kind>archive</kind>
         <file>rts2800_fpu32_eabi.lib</file>
         <name>memcpy.c.obj</name>
      </input_file>
      <input_file id="fl-26">
         <path>C:\ti\ccs2040\ccs\tools\compiler\ti-cgt-c2000_22.6.3.LTS\lib\</path>
         <kind>archive</kind>
         <file>rts2800_fpu32_eabi.lib</file>
         <name>pre_init.c.obj</name>
      </input_file>
      <input_file id="fl-27">
         <path>C:\ti\ccs2040\ccs\tools\compiler\ti-cgt-c2000_22.6.3.LTS\lib\</path>
         <kind>archive</kind>
         <file>rts2800_fpu32_eabi.lib</file>
         <name>autoinit.c.obj</name>
      </input_file>
      <input_file id="fl-28">
         <path>C:\ti\ccs2040\ccs\tools\compiler\ti-cgt-c2000_22.6.3.LTS\lib\</path>
         <kind>archive</kind>
         <file>rts2800_fpu32_eabi.lib</file>
         <name>copy_zero_init.c.obj</name>
      </input_file>
      <input_file id="fl-29">
         <path>C:\ti\ccs2040\ccs\tools\compiler\ti-cgt-c2000_22.6.3.LTS\lib\</path>
         <kind>archive</kind>
         <file>rts2800_fpu32_eabi.lib</file>
         <name>copy_decompress_none.c.obj</name>
      </input_file>
      <input_file id="fl-2a">
         <path>C:\ti\ccs2040\ccs\tools\compiler\ti-cgt-c2000_22.6.3.LTS\lib\</path>
         <kind>archive</kind>
         <file>rts2800_fpu32_eabi.lib</file>
         <name>copy_decompress_lzss.c.obj</name>
      </input_file>
      <input_file id="fl-2b">
         <path>C:\ti\ccs2040\ccs\tools\compiler\ti-cgt-c2000_22.6.3.LTS\lib\</path>
         <kind>archive</kind>
         <file>rts2800_fpu32_eabi.lib</file>
         <name>exit.c.obj</name>
      </input_file>
      <input_file id="fl-2c">
         <path>C:\ti\ccs2040\ccs\tools\compiler\ti-cgt-c2000_22.6.3.LTS\lib\</path>
         <kind>archive</kind>
         <file>rts2800_fpu32_eabi.lib</file>
         <name>_lock.c.obj</name>
      </input_file>
      <input_file id="fl-2d">
         <path>C:\ti\ccs2040\ccs\tools\compiler\ti-cgt-c2000_22.6.3.LTS\lib\</path>
         <kind>archive</kind>
         <file>rts2800_fpu32_eabi.lib</file>
         <name>args_main.c.obj</name>
      </input_file>
      <input_file id="fl-2e">
         <path>C:\ti\ccs2040\ccs\tools\compiler\ti-cgt-c2000_22.6.3.LTS\lib\</path>
         <kind>archive</kind>
         <file>rts2800_fpu32_eabi.lib</file>
         <name>memset.c.obj</name>
      </input_file>
      <input_file id="fl-2f">
         <path>C:\ti\ccs2040\ccs\tools\compiler\ti-cgt-c2000_22.6.3.LTS\lib\</path>
         <kind>archive</kind>
         <file>rts2800_fpu32_eabi.lib</file>
         <name>_printfi.c.obj</name>
      </input_file>
      <input_file id="fl-30">
         <path>C:\ti\ccs2040\ccs\tools\compiler\ti-cgt-c2000_22.6.3.LTS\lib\</path>
         <kind>archive</kind>
         <file>rts2800_fpu32_eabi.lib</file>
         <name>wcslen.c.obj</name>
      </input_file>
      <input_file id="fl-31">
         <path>C:\ti\ccs2040\ccs\tools\compiler\ti-cgt-c2000_22.6.3.LTS\lib\</path>
         <kind>archive</kind>
         <file>rts2800_fpu32_eabi.lib</file>
         <name>fd_cmp28.asm.obj</name>
      </input_file>
      <input_file id="fl-32">
         <path>C:\ti\ccs2040\ccs\tools\compiler\ti-cgt-c2000_22.6.3.LTS\lib\</path>
         <kind>archive</kind>
         <file>rts2800_fpu32_eabi.lib</file>
         <name>fd_mpy28.asm.obj</name>
      </input_file>
      <input_file id="fl-33">
         <path>C:\ti\ccs2040\ccs\tools\compiler\ti-cgt-c2000_22.6.3.LTS\lib\</path>
         <kind>archive</kind>
         <file>rts2800_fpu32_eabi.lib</file>
         <name>fd_neg28.asm.obj</name>
      </input_file>
      <input_file id="fl-34">
         <path>C:\ti\ccs2040\ccs\tools\compiler\ti-cgt-c2000_22.6.3.LTS\lib\</path>
         <kind>archive</kind>
         <file>rts2800_fpu32_eabi.lib</file>
         <name>fd_sub28.asm.obj</name>
      </input_file>
      <input_file id="fl-35">
         <path>C:\ti\ccs2040\ccs\tools\compiler\ti-cgt-c2000_22.6.3.LTS\lib\</path>
         <kind>archive</kind>
         <file>rts2800_fpu32_eabi.lib</file>
         <name>fd_toi28.asm.obj</name>
      </input_file>
      <input_file id="fl-36">
         <path>C:\ti\ccs2040\ccs\tools\compiler\ti-cgt-c2000_22.6.3.LTS\lib\</path>
         <kind>archive</kind>
         <file>rts2800_fpu32_eabi.lib</file>
         <name>fd_tol28.asm.obj</name>
      </input_file>
      <input_file id="fl-37">
         <path>C:\ti\ccs2040\ccs\tools\compiler\ti-cgt-c2000_22.6.3.LTS\lib\</path>
         <kind>archive</kind>
         <file>rts2800_fpu32_eabi.lib</file>
         <name>ll_aox28.asm.obj</name>
      </input_file>
      <input_file id="fl-38">
         <path>C:\ti\ccs2040\ccs\tools\compiler\ti-cgt-c2000_22.6.3.LTS\lib\</path>
         <kind>archive</kind>
         <file>rts2800_fpu32_eabi.lib</file>
         <name>ll_cmp28.asm.obj</name>
      </input_file>
      <input_file id="fl-39">
         <path>C:\ti\ccs2040\ccs\tools\compiler\ti-cgt-c2000_22.6.3.LTS\lib\</path>
         <kind>archive</kind>
         <file>rts2800_fpu32_eabi.lib</file>
         <name>ll_div28.asm.obj</name>
      </input_file>
      <input_file id="fl-3a">
         <path>C:\ti\ccs2040\ccs\tools\compiler\ti-cgt-c2000_22.6.3.LTS\lib\</path>
         <kind>archive</kind>
         <file>rts2800_fpu32_eabi.lib</file>
         <name>i_tofd28.asm.obj</name>
      </input_file>
      <input_file id="fl-3b">
         <path>C:\ti\ccs2040\ccs\tools\compiler\ti-cgt-c2000_22.6.3.LTS\lib\</path>
         <kind>archive</kind>
         <file>rts2800_fpu32_eabi.lib</file>
         <name>l_tofd28.asm.obj</name>
      </input_file>
      <input_file id="fl-3c">
         <path>C:\ti\ccs2040\ccs\tools\compiler\ti-cgt-c2000_22.6.3.LTS\lib\</path>
         <kind>archive</kind>
         <file>rts2800_fpu32_eabi.lib</file>
         <name>fd_div28.asm.obj</name>
      </input_file>
      <input_file id="fl-3d">
         <path>C:\ti\ccs2040\ccs\tools\compiler\ti-cgt-c2000_22.6.3.LTS\lib\</path>
         <kind>archive</kind>
         <file>rts2800_fpu32_eabi.lib</file>
         <name>cpy_tbl.c.obj</name>
      </input_file>
      <input_file id="fl-3e">
         <path>C:\ti\ccs2040\ccs\tools\compiler\ti-cgt-c2000_22.6.3.LTS\lib\</path>
         <kind>archive</kind>
         <file>rts2800_fpu32_eabi.lib</file>
         <name>startup.c.obj</name>
      </input_file>
      <input_file id="fl-3f">
         <path>C:\ti\ccs2040\ccs\tools\compiler\ti-cgt-c2000_22.6.3.LTS\lib\</path>
         <kind>archive</kind>
         <file>rts2800_fpu32_eabi.lib</file>
         <name>_ltoa.c.obj</name>
      </input_file>
      <input_file id="fl-40">
         <path>C:\ti\ccs2040\ccs\tools\compiler\ti-cgt-c2000_22.6.3.LTS\lib\</path>
         <kind>archive</kind>
         <file>rts2800_fpu32_eabi.lib</file>
         <name>atoi.c.obj</name>
      </input_file>
      <input_file id="fl-41">
         <path>C:\ti\ccs2040\ccs\tools\compiler\ti-cgt-c2000_22.6.3.LTS\lib\</path>
         <kind>archive</kind>
         <file>rts2800_fpu32_eabi.lib</file>
         <name>ctype.c.obj</name>
      </input_file>
      <input_file id="fl-42">
         <path>C:\ti\ccs2040\ccs\tools\compiler\ti-cgt-c2000_22.6.3.LTS\lib\</path>
         <kind>archive</kind>
         <file>rts2800_fpu32_eabi.lib</file>
         <name>memccpy.c.obj</name>
      </input_file>
      <input_file id="fl-43">
         <path>C:\ti\ccs2040\ccs\tools\compiler\ti-cgt-c2000_22.6.3.LTS\lib\</path>
         <kind>archive</kind>
         <file>rts2800_fpu32_eabi.lib</file>
         <name>strchr.c.obj</name>
      </input_file>
      <input_file id="fl-44">
         <path>C:\ti\ccs2040\ccs\tools\compiler\ti-cgt-c2000_22.6.3.LTS\lib\</path>
         <kind>archive</kind>
         <file>rts2800_fpu32_eabi.lib</file>
         <name>strcpy.c.obj</name>
      </input_file>
      <input_file id="fl-45">
         <path>C:\ti\ccs2040\ccs\tools\compiler\ti-cgt-c2000_22.6.3.LTS\lib\</path>
         <kind>archive</kind>
         <file>rts2800_fpu32_eabi.lib</file>
         <name>strlen.c.obj</name>
      </input_file>
      <input_file id="fl-46">
         <path>C:\ti\ccs2040\ccs\tools\compiler\ti-cgt-c2000_22.6.3.LTS\lib\</path>
         <kind>archive</kind>
         <file>rts2800_fpu32_eabi.lib</file>
         <name>errno.c.obj</name>
      </input_file>
      <input_file id="fl-47">
         <path>C:\ti\ccs2040\ccs\tools\compiler\ti-cgt-c2000_22.6.3.LTS\lib\</path>
         <kind>archive</kind>
         <file>rts2800_fpu32_eabi.lib</file>
         <name>s_frexp.c.obj</name>
      </input_file>
      <input_file id="fl-48">
         <path>C:\ti\ccs2040\ccs\tools\compiler\ti-cgt-c2000_22.6.3.LTS\lib\</path>
         <kind>archive</kind>
         <file>rts2800_fpu32_eabi.lib</file>
         <name>s_scalbn.c.obj</name>
      </input_file>
      <input_file id="fl-49">
         <path>C:\ti\ccs2040\ccs\tools\compiler\ti-cgt-c2000_22.6.3.LTS\lib\</path>
         <kind>archive</kind>
         <file>rts2800_fpu32_eabi.lib</file>
         <name>s_copysign.c.obj</name>
      </input_file>
      <input_file id="fl-4a">
         <path>C:\ti\ccs2040\ccs\tools\compiler\ti-cgt-c2000_22.6.3.LTS\lib\</path>
         <kind>archive</kind>
         <file>rts2800_fpu32_eabi.lib</file>
         <name>fd_add28.asm.obj</name>
      </input_file>
      <input_file id="fl-4b">
         <path>C:\ti\ccs2040\ccs\tools\compiler\ti-cgt-c2000_22.6.3.LTS\lib\</path>
         <kind>archive</kind>
         <file>rts2800_fpu32_eabi.lib</file>
         <name>l_div28.asm.obj</name>
      </input_file>
   </input_file_list>
   <object_component_list>
      <object_component id="oc-4b4">
         <name>.cinit..data.load</name>
         <load_address>0x80008</load_address>
         <run_address>0x80008</run_address>
         <size>0xb</size>
      </object_component>
      <object_component id="oc-4b1">
         <name>__TI_handler_table</name>
         <load_address>0x80014</load_address>
         <run_address>0x80014</run_address>
         <size>0x6</size>
      </object_component>
      <object_component id="oc-4b3">
         <name>.cinit..bss.load</name>
         <load_address>0x8001a</load_address>
         <run_address>0x8001a</run_address>
         <size>0x4</size>
      </object_component>
      <object_component id="oc-4b2">
         <name>__TI_cinit_table</name>
         <load_address>0x8001e</load_address>
         <run_address>0x8001e</run_address>
         <size>0x8</size>
      </object_component>
      <object_component id="oc-3d">
         <name>.text</name>
         <load_address>0x82000</load_address>
         <run_address>0x82000</run_address>
         <size>0x14c1</size>
         <input_file_ref idref="fl-2"/>
      </object_component>
      <object_component id="oc-87">
         <name>.text</name>
         <load_address>0x834c1</load_address>
         <run_address>0x834c1</run_address>
         <size>0xaeb</size>
         <input_file_ref idref="fl-6"/>
      </object_component>
      <object_component id="oc-d7">
         <name>.text:GPIO_setPadConfig</name>
         <load_address>0x83fac</load_address>
         <run_address>0x83fac</run_address>
         <size>0x52</size>
         <input_file_ref idref="fl-11"/>
      </object_component>
      <object_component id="oc-1f2">
         <name>.text</name>
         <load_address>0x83ffe</load_address>
         <run_address>0x83ffe</run_address>
         <size>0x2</size>
         <input_file_ref idref="fl-26"/>
      </object_component>
      <object_component id="oc-394">
         <name>.text</name>
         <load_address>0x84000</load_address>
         <run_address>0x84000</run_address>
         <size>0x6c2</size>
         <input_file_ref idref="fl-2f"/>
      </object_component>
      <object_component id="oc-2fd">
         <name>.text:__TI_printfi</name>
         <load_address>0x846c2</load_address>
         <run_address>0x846c2</run_address>
         <size>0x614</size>
         <input_file_ref idref="fl-2f"/>
      </object_component>
      <object_component id="oc-7e">
         <name>.text</name>
         <load_address>0x84cd6</load_address>
         <run_address>0x84cd6</run_address>
         <size>0x459</size>
         <input_file_ref idref="fl-3"/>
      </object_component>
      <object_component id="oc-3c">
         <name>.text:retain</name>
         <load_address>0x8512f</load_address>
         <run_address>0x8512f</run_address>
         <size>0x44c</size>
         <input_file_ref idref="fl-6"/>
      </object_component>
      <object_component id="oc-12e">
         <name>.text:SysCtl_setClock</name>
         <load_address>0x8557b</load_address>
         <run_address>0x8557b</run_address>
         <size>0x209</size>
         <input_file_ref idref="fl-14"/>
      </object_component>
      <object_component id="oc-380">
         <name>.text</name>
         <load_address>0x85784</load_address>
         <run_address>0x85784</run_address>
         <size>0x107</size>
         <input_file_ref idref="fl-39"/>
      </object_component>
      <object_component id="oc-408">
         <name>.text</name>
         <load_address>0x8588b</load_address>
         <run_address>0x8588b</run_address>
         <size>0xa9</size>
         <input_file_ref idref="fl-48"/>
      </object_component>
      <object_component id="oc-446">
         <name>.text</name>
         <load_address>0x85934</load_address>
         <run_address>0x85934</run_address>
         <size>0x9c</size>
         <input_file_ref idref="fl-4a"/>
      </object_component>
      <object_component id="oc-2e8">
         <name>.text:SysCtl_selectXTAL</name>
         <load_address>0x859d0</load_address>
         <run_address>0x859d0</run_address>
         <size>0x90</size>
         <input_file_ref idref="fl-14"/>
      </object_component>
      <object_component id="oc-3de">
         <name>.text</name>
         <load_address>0x85a60</load_address>
         <run_address>0x85a60</run_address>
         <size>0x8b</size>
         <input_file_ref idref="fl-3c"/>
      </object_component>
      <object_component id="oc-260">
         <name>.text</name>
         <load_address>0x85aeb</load_address>
         <run_address>0x85aeb</run_address>
         <size>0x88</size>
         <input_file_ref idref="fl-23"/>
      </object_component>
      <object_component id="oc-3e3">
         <name>.text</name>
         <load_address>0x85b73</load_address>
         <run_address>0x85b73</run_address>
         <size>0x83</size>
         <input_file_ref idref="fl-32"/>
      </object_component>
      <object_component id="oc-1c5">
         <name>.text:ADC_setINLTrim</name>
         <load_address>0x85bf6</load_address>
         <run_address>0x85bf6</run_address>
         <size>0x6f</size>
         <input_file_ref idref="fl-f"/>
      </object_component>
      <object_component id="oc-128">
         <name>.text:SysCtl_getDeviceParametric</name>
         <load_address>0x85c65</load_address>
         <run_address>0x85c65</run_address>
         <size>0x68</size>
         <input_file_ref idref="fl-14"/>
      </object_component>
      <object_component id="oc-1cb">
         <name>.text:ADC_setOffsetTrim</name>
         <load_address>0x85ccd</load_address>
         <run_address>0x85ccd</run_address>
         <size>0x60</size>
         <input_file_ref idref="fl-f"/>
      </object_component>
      <object_component id="oc-402">
         <name>.text</name>
         <load_address>0x85d2d</load_address>
         <run_address>0x85d2d</run_address>
         <size>0x5a</size>
         <input_file_ref idref="fl-47"/>
      </object_component>
      <object_component id="oc-13a">
         <name>.text:SysCtl_getClock</name>
         <load_address>0x85d87</load_address>
         <run_address>0x85d87</run_address>
         <size>0x51</size>
         <input_file_ref idref="fl-14"/>
      </object_component>
      <object_component id="oc-254">
         <name>.text:SysCtl_selectOscSource</name>
         <load_address>0x85dd8</load_address>
         <run_address>0x85dd8</run_address>
         <size>0x48</size>
         <input_file_ref idref="fl-14"/>
      </object_component>
      <object_component id="oc-bf">
         <name>.text:SCI_clearInterruptStatus</name>
         <load_address>0x85e20</load_address>
         <run_address>0x85e20</run_address>
         <size>0x45</size>
         <input_file_ref idref="fl-13"/>
      </object_component>
      <object_component id="oc-cc">
         <name>.text:SCI_enableInterrupt</name>
         <load_address>0x85e65</load_address>
         <run_address>0x85e65</run_address>
         <size>0x44</size>
         <input_file_ref idref="fl-13"/>
      </object_component>
      <object_component id="oc-c6">
         <name>.text:SCI_setConfig</name>
         <load_address>0x85ea9</load_address>
         <run_address>0x85ea9</run_address>
         <size>0x3e</size>
         <input_file_ref idref="fl-13"/>
      </object_component>
      <object_component id="oc-16b">
         <name>.text:Interrupt_initModule</name>
         <load_address>0x85ee7</load_address>
         <run_address>0x85ee7</run_address>
         <size>0x3d</size>
         <input_file_ref idref="fl-12"/>
      </object_component>
      <object_component id="oc-134">
         <name>.text:SysCtl_selectOscSourceAuxPLL</name>
         <load_address>0x85f24</load_address>
         <run_address>0x85f24</run_address>
         <size>0x3d</size>
         <input_file_ref idref="fl-14"/>
      </object_component>
      <object_component id="oc-e9">
         <name>.text:GPIO_setControllerCore</name>
         <load_address>0x85f61</load_address>
         <run_address>0x85f61</run_address>
         <size>0x37</size>
         <input_file_ref idref="fl-11"/>
      </object_component>
      <object_component id="oc-f6">
         <name>.text:GPIO_setPinConfig</name>
         <load_address>0x85f98</load_address>
         <run_address>0x85f98</run_address>
         <size>0x37</size>
         <input_file_ref idref="fl-11"/>
      </object_component>
      <object_component id="oc-e3">
         <name>.text:GPIO_setDirectionMode</name>
         <load_address>0x85fcf</load_address>
         <run_address>0x85fcf</run_address>
         <size>0x31</size>
         <input_file_ref idref="fl-11"/>
      </object_component>
      <object_component id="oc-dd">
         <name>.text:GPIO_setQualificationMode</name>
         <load_address>0x86128</load_address>
         <run_address>0x86128</run_address>
         <size>0x37</size>
         <input_file_ref idref="fl-11"/>
      </object_component>
      <object_component id="oc-fc">
         <name>.text:Interrupt_enable</name>
         <load_address>0x8615f</load_address>
         <run_address>0x8615f</run_address>
         <size>0x37</size>
         <input_file_ref idref="fl-12"/>
      </object_component>
      <object_component id="oc-14d">
         <name>.text</name>
         <load_address>0x86196</load_address>
         <run_address>0x86196</run_address>
         <size>0x32</size>
         <input_file_ref idref="fl-20"/>
      </object_component>
      <object_component id="oc-375">
         <name>.text</name>
         <load_address>0x861c8</load_address>
         <run_address>0x861c8</run_address>
         <size>0x31</size>
         <input_file_ref idref="fl-40"/>
      </object_component>
      <object_component id="oc-3ed">
         <name>.text</name>
         <load_address>0x861f9</load_address>
         <run_address>0x861f9</run_address>
         <size>0x30</size>
         <input_file_ref idref="fl-3f"/>
      </object_component>
      <object_component id="oc-ef">
         <name>.text:ADC_setMode</name>
         <load_address>0x86229</load_address>
         <run_address>0x86229</run_address>
         <size>0x2f</size>
         <input_file_ref idref="fl-f"/>
      </object_component>
      <object_component id="oc-24">
         <name>.text:decompress:lzss</name>
         <load_address>0x86258</load_address>
         <run_address>0x86258</run_address>
         <size>0x2e</size>
         <input_file_ref idref="fl-2a"/>
      </object_component>
      <object_component id="oc-29c">
         <name>.text:__TI_auto_init_nobinit_nopinit</name>
         <load_address>0x86286</load_address>
         <run_address>0x86286</run_address>
         <size>0x2b</size>
         <input_file_ref idref="fl-27"/>
      </object_component>
      <object_component id="oc-3d4">
         <name>.text</name>
         <load_address>0x862b1</load_address>
         <run_address>0x862b1</run_address>
         <size>0x2a</size>
         <input_file_ref idref="fl-31"/>
      </object_component>
      <object_component id="oc-43e">
         <name>.text</name>
         <load_address>0x862db</load_address>
         <run_address>0x862db</run_address>
         <size>0x2a</size>
         <input_file_ref idref="fl-4b"/>
      </object_component>
      <object_component id="oc-1ff">
         <name>.text</name>
         <load_address>0x86305</load_address>
         <run_address>0x86305</run_address>
         <size>0x29</size>
         <input_file_ref idref="fl-2b"/>
      </object_component>
      <object_component id="oc-341">
         <name>.text:CPUTimer_selectClockSource</name>
         <load_address>0x8632e</load_address>
         <run_address>0x8632e</run_address>
         <size>0x28</size>
         <input_file_ref idref="fl-14"/>
      </object_component>
      <object_component id="oc-213">
         <name>.text:Flash_setBankPowerUpDelay</name>
         <load_address>0x86356</load_address>
         <run_address>0x86356</run_address>
         <size>0x26</size>
         <input_file_ref idref="fl-10"/>
      </object_component>
      <object_component id="oc-455">
         <name>.text</name>
         <load_address>0x8637c</load_address>
         <run_address>0x8637c</run_address>
         <size>0x24</size>
         <input_file_ref idref="fl-49"/>
      </object_component>
      <object_component id="oc-3fd">
         <name>.text</name>
         <load_address>0x863a0</load_address>
         <run_address>0x863a0</run_address>
         <size>0x21</size>
         <input_file_ref idref="fl-35"/>
      </object_component>
      <object_component id="oc-3b5">
         <name>.text:CPUTimer_getTimerOverflowStatus</name>
         <load_address>0x863c1</load_address>
         <run_address>0x863c1</run_address>
         <size>0x1f</size>
         <input_file_ref idref="fl-14"/>
      </object_component>
      <object_component id="oc-3e8">
         <name>.text</name>
         <load_address>0x863e0</load_address>
         <run_address>0x863e0</run_address>
         <size>0x1f</size>
         <input_file_ref idref="fl-36"/>
      </object_component>
      <object_component id="oc-4b">
         <name>.text:Interrupt_initVectorTable</name>
         <load_address>0x863ff</load_address>
         <run_address>0x863ff</run_address>
         <size>0x1e</size>
         <input_file_ref idref="fl-12"/>
      </object_component>
      <object_component id="oc-37b">
         <name>.text</name>
         <load_address>0x8641d</load_address>
         <run_address>0x8641d</run_address>
         <size>0x1e</size>
         <input_file_ref idref="fl-38"/>
      </object_component>
      <object_component id="oc-40e">
         <name>.text</name>
         <load_address>0x8643b</load_address>
         <run_address>0x8643b</run_address>
         <size>0x1d</size>
         <input_file_ref idref="fl-3a"/>
      </object_component>
      <object_component id="oc-63">
         <name>.text</name>
         <load_address>0x86458</load_address>
         <run_address>0x86458</run_address>
         <size>0x1d</size>
         <input_file_ref idref="fl-25"/>
      </object_component>
      <object_component id="oc-3f3">
         <name>.text</name>
         <load_address>0x86475</load_address>
         <run_address>0x86475</run_address>
         <size>0x1c</size>
         <input_file_ref idref="fl-3b"/>
      </object_component>
      <object_component id="oc-1be">
         <name>.text:ADC_isBaseValid</name>
         <load_address>0x86491</load_address>
         <run_address>0x86491</run_address>
         <size>0x1b</size>
         <input_file_ref idref="fl-f"/>
      </object_component>
      <object_component id="oc-194">
         <name>.text:SCI_isBaseValid</name>
         <load_address>0x864ac</load_address>
         <run_address>0x864ac</run_address>
         <size>0x1b</size>
         <input_file_ref idref="fl-13"/>
      </object_component>
      <object_component id="oc-34d">
         <name>.text:CPUTimer_startTimer</name>
         <load_address>0x864c7</load_address>
         <run_address>0x864c7</run_address>
         <size>0x1a</size>
         <input_file_ref idref="fl-14"/>
      </object_component>
      <object_component id="oc-140">
         <name>.text:SysCtl_getLowSpeedClock</name>
         <load_address>0x864e1</load_address>
         <run_address>0x864e1</run_address>
         <size>0x1a</size>
         <input_file_ref idref="fl-14"/>
      </object_component>
      <object_component id="oc-ba">
         <name>.text</name>
         <load_address>0x864fb</load_address>
         <run_address>0x864fb</run_address>
         <size>0x19</size>
         <input_file_ref idref="fl-24"/>
      </object_component>
      <object_component id="oc-1a3">
         <name>.text:SCI_disableModule</name>
         <load_address>0x86514</load_address>
         <run_address>0x86514</run_address>
         <size>0x18</size>
         <input_file_ref idref="fl-13"/>
      </object_component>
      <object_component id="oc-19b">
         <name>.text:SCI_performSoftwareReset</name>
         <load_address>0x8652c</load_address>
         <run_address>0x8652c</run_address>
         <size>0x18</size>
         <input_file_ref idref="fl-13"/>
      </object_component>
      <object_component id="oc-385">
         <name>.text</name>
         <load_address>0x86544</load_address>
         <run_address>0x86544</run_address>
         <size>0x18</size>
         <input_file_ref idref="fl-37"/>
      </object_component>
      <object_component id="oc-3a9">
         <name>.text:CPUTimer_isBaseValid</name>
         <load_address>0x8655c</load_address>
         <run_address>0x8655c</run_address>
         <size>0x17</size>
         <input_file_ref idref="fl-14"/>
      </object_component>
      <object_component id="oc-11c">
         <name>.text</name>
         <load_address>0x86573</load_address>
         <run_address>0x86573</run_address>
         <size>0x17</size>
         <input_file_ref idref="fl-21"/>
      </object_component>
      <object_component id="oc-48">
         <name>.text:Interrupt_defaultHandler</name>
         <load_address>0x8658a</load_address>
         <run_address>0x8658a</run_address>
         <size>0x16</size>
         <input_file_ref idref="fl-12"/>
      </object_component>
      <object_component id="oc-335">
         <name>.text:CPUTimer_stopTimer</name>
         <load_address>0x865a0</load_address>
         <run_address>0x865a0</run_address>
         <size>0x14</size>
         <input_file_ref idref="fl-14"/>
      </object_component>
      <object_component id="oc-1a9">
         <name>.text:SCI_enableModule</name>
         <load_address>0x865b4</load_address>
         <run_address>0x865b4</run_address>
         <size>0x13</size>
         <input_file_ref idref="fl-13"/>
      </object_component>
      <object_component id="oc-347">
         <name>.text:CPUTimer_clearOverflowFlag</name>
         <load_address>0x865c7</load_address>
         <run_address>0x865c7</run_address>
         <size>0x12</size>
         <input_file_ref idref="fl-14"/>
      </object_component>
      <object_component id="oc-32f">
         <name>.text:CPUTimer_disableInterrupt</name>
         <load_address>0x865d9</load_address>
         <run_address>0x865d9</run_address>
         <size>0x12</size>
         <input_file_ref idref="fl-14"/>
      </object_component>
      <object_component id="oc-33b">
         <name>.text:CPUTimer_setPeriod</name>
         <load_address>0x865eb</load_address>
         <run_address>0x865eb</run_address>
         <size>0x11</size>
         <input_file_ref idref="fl-14"/>
      </object_component>
      <object_component id="oc-206">
         <name>.text:Flash_isCtrlBaseValid</name>
         <load_address>0x865fc</load_address>
         <run_address>0x865fc</run_address>
         <size>0x10</size>
         <input_file_ref idref="fl-10"/>
      </object_component>
      <object_component id="oc-20d">
         <name>.text:Flash_isECCBaseValid</name>
         <load_address>0x8660c</load_address>
         <run_address>0x8660c</run_address>
         <size>0x10</size>
         <input_file_ref idref="fl-10"/>
      </object_component>
      <object_component id="oc-36d">
         <name>.text</name>
         <load_address>0x8661c</load_address>
         <run_address>0x8661c</run_address>
         <size>0x10</size>
         <input_file_ref idref="fl-42"/>
      </object_component>
      <object_component id="oc-353">
         <name>.text:SysCtl_pollCpuTimer</name>
         <load_address>0x8662c</load_address>
         <run_address>0x8662c</run_address>
         <size>0xf</size>
         <input_file_ref idref="fl-14"/>
      </object_component>
      <object_component id="oc-1b2">
         <name>.text:GPIO_isPinValid</name>
         <load_address>0x8663b</load_address>
         <run_address>0x8663b</run_address>
         <size>0xe</size>
         <input_file_ref idref="fl-11"/>
      </object_component>
      <object_component id="oc-3f8">
         <name>.text</name>
         <load_address>0x86649</load_address>
         <run_address>0x86649</run_address>
         <size>0xe</size>
         <input_file_ref idref="fl-34"/>
      </object_component>
      <object_component id="oc-1d4">
         <name>.text:Interrupt_disableGlobal</name>
         <load_address>0x86657</load_address>
         <run_address>0x86657</run_address>
         <size>0xd</size>
         <input_file_ref idref="fl-12"/>
      </object_component>
      <object_component id="oc-1da">
         <name>.text:Interrupt_enableGlobal</name>
         <load_address>0x86664</load_address>
         <run_address>0x86664</run_address>
         <size>0xd</size>
         <input_file_ref idref="fl-12"/>
      </object_component>
      <object_component id="oc-1f9">
         <name>.text</name>
         <load_address>0x86671</load_address>
         <run_address>0x86671</run_address>
         <size>0xc</size>
         <input_file_ref idref="fl-2d"/>
      </object_component>
      <object_component id="oc-d2">
         <name>.text</name>
         <load_address>0x8667d</load_address>
         <run_address>0x8667d</run_address>
         <size>0xc</size>
         <input_file_ref idref="fl-22"/>
      </object_component>
      <object_component id="oc-413">
         <name>.text</name>
         <load_address>0x86689</load_address>
         <run_address>0x86689</run_address>
         <size>0xc</size>
         <input_file_ref idref="fl-43"/>
      </object_component>
      <object_component id="oc-24e">
         <name>.text:SysCtl_isMCDClockFailureDetected</name>
         <load_address>0x86695</load_address>
         <run_address>0x86695</run_address>
         <size>0xb</size>
         <input_file_ref idref="fl-14"/>
      </object_component>
      <object_component id="oc-38a">
         <name>.text</name>
         <load_address>0x866a0</load_address>
         <run_address>0x866a0</run_address>
         <size>0xb</size>
         <input_file_ref idref="fl-30"/>
      </object_component>
      <object_component id="oc-54">
         <name>.text:Interrupt_illegalOperationHandler</name>
         <load_address>0x866ab</load_address>
         <run_address>0x866ab</run_address>
         <size>0xa</size>
         <input_file_ref idref="fl-12"/>
      </object_component>
      <object_component id="oc-5a">
         <name>.text:Interrupt_nmiHandler</name>
         <load_address>0x866b5</load_address>
         <run_address>0x866b5</run_address>
         <size>0xa</size>
         <input_file_ref idref="fl-12"/>
      </object_component>
      <object_component id="oc-25a">
         <name>.text:SysCtl_serviceWatchdog</name>
         <load_address>0x866bf</load_address>
         <run_address>0x866bf</run_address>
         <size>0x9</size>
         <input_file_ref idref="fl-14"/>
      </object_component>
      <object_component id="oc-323">
         <name>.text</name>
         <load_address>0x866c8</load_address>
         <run_address>0x866c8</run_address>
         <size>0x9</size>
         <input_file_ref idref="fl-2c"/>
      </object_component>
      <object_component id="oc-3d9">
         <name>.text</name>
         <load_address>0x866d1</load_address>
         <run_address>0x866d1</run_address>
         <size>0x9</size>
         <input_file_ref idref="fl-33"/>
      </object_component>
      <object_component id="oc-2a">
         <name>.text:decompress:none</name>
         <load_address>0x866da</load_address>
         <run_address>0x866da</run_address>
         <size>0x8</size>
         <input_file_ref idref="fl-29"/>
      </object_component>
      <object_component id="oc-77">
         <name>.text</name>
         <load_address>0x866e2</load_address>
         <run_address>0x866e2</run_address>
         <size>0x8</size>
         <input_file_ref idref="fl-5"/>
      </object_component>
      <object_component id="oc-361">
         <name>.text</name>
         <load_address>0x866ea</load_address>
         <run_address>0x866ea</run_address>
         <size>0x8</size>
         <input_file_ref idref="fl-45"/>
      </object_component>
      <object_component id="oc-359">
         <name>.text:SysCtl_resetMCD</name>
         <load_address>0x866f2</load_address>
         <run_address>0x866f2</run_address>
         <size>0x7</size>
         <input_file_ref idref="fl-14"/>
      </object_component>
      <object_component id="oc-115">
         <name>.text</name>
         <load_address>0x866f9</load_address>
         <run_address>0x866f9</run_address>
         <size>0x7</size>
         <input_file_ref idref="fl-2e"/>
      </object_component>
      <object_component id="oc-71">
         <name>.text:decompress:ZI</name>
         <load_address>0x86700</load_address>
         <run_address>0x86700</run_address>
         <size>0x6</size>
         <input_file_ref idref="fl-28"/>
      </object_component>
      <object_component id="oc-367">
         <name>.text</name>
         <load_address>0x86706</load_address>
         <run_address>0x86706</run_address>
         <size>0x5</size>
         <input_file_ref idref="fl-44"/>
      </object_component>
      <object_component id="oc-309">
         <name>.text</name>
         <load_address>0x8670b</load_address>
         <run_address>0x8670b</run_address>
         <size>0x1</size>
         <input_file_ref idref="fl-3e"/>
      </object_component>
      <object_component id="oc-31">
         <name>codestart</name>
         <load_address>0x80000</load_address>
         <run_address>0x80000</run_address>
         <size>0x2</size>
         <input_file_ref idref="fl-5"/>
      </object_component>
      <object_component id="oc-60">
         <name>.stack</name>
         <uninitialized>true</uninitialized>
         <run_address>0x400</run_address>
         <size>0x0</size>
         <input_file_ref idref="fl-21"/>
      </object_component>
      <object_component id="oc-4b5">
         <name>.stack</name>
         <uninitialized>true</uninitialized>
         <run_address>0x400</run_address>
         <size>0x0</size>
      </object_component>
      <object_component id="oc-8d">
         <name>.bss:adc2Results</name>
         <uninitialized>true</uninitialized>
         <run_address>0xcca4</run_address>
         <size>0x14</size>
         <input_file_ref idref="fl-6"/>
      </object_component>
      <object_component id="oc-93">
         <name>.bss:adc0Results</name>
         <uninitialized>true</uninitialized>
         <run_address>0xcc68</run_address>
         <size>0x1e</size>
         <input_file_ref idref="fl-6"/>
      </object_component>
      <object_component id="oc-90">
         <name>.bss:adc1Results</name>
         <uninitialized>true</uninitialized>
         <run_address>0xcc86</run_address>
         <size>0x1e</size>
         <input_file_ref idref="fl-6"/>
      </object_component>
      <object_component id="oc-84">
         <name>.bss:adc3Results</name>
         <uninitialized>true</uninitialized>
         <run_address>0xcc40</run_address>
         <size>0x28</size>
         <input_file_ref idref="fl-6"/>
      </object_component>
      <object_component id="oc-156">
         <name>.bss:adc2TestResults</name>
         <uninitialized>true</uninitialized>
         <run_address>0xcba0</run_address>
         <size>0xa0</size>
         <input_file_ref idref="fl-6"/>
      </object_component>
      <object_component id="oc-15c">
         <name>.bss:adc0TestResults</name>
         <uninitialized>true</uninitialized>
         <run_address>0xc9c0</run_address>
         <size>0xf0</size>
         <input_file_ref idref="fl-6"/>
      </object_component>
      <object_component id="oc-159">
         <name>.bss:adc1TestResults</name>
         <uninitialized>true</uninitialized>
         <run_address>0xcab0</run_address>
         <size>0xf0</size>
         <input_file_ref idref="fl-6"/>
      </object_component>
      <object_component id="oc-14a">
         <name>.bss:uartBuffer</name>
         <uninitialized>true</uninitialized>
         <run_address>0xc8c0</run_address>
         <size>0x100</size>
         <input_file_ref idref="fl-6"/>
      </object_component>
      <object_component id="oc-153">
         <name>.bss:adc3TestResults</name>
         <uninitialized>true</uninitialized>
         <run_address>0xc780</run_address>
         <size>0x140</size>
         <input_file_ref idref="fl-6"/>
      </object_component>
      <object_component id="oc-165">
         <name>.bss:adc2WindowResults</name>
         <uninitialized>true</uninitialized>
         <run_address>0xc640</run_address>
         <size>0x140</size>
         <input_file_ref idref="fl-6"/>
      </object_component>
      <object_component id="oc-15f">
         <name>.bss:adc0WindowResults</name>
         <uninitialized>true</uninitialized>
         <run_address>0xc280</run_address>
         <size>0x1e0</size>
         <input_file_ref idref="fl-6"/>
      </object_component>
      <object_component id="oc-162">
         <name>.bss:adc1WindowResults</name>
         <uninitialized>true</uninitialized>
         <run_address>0xc460</run_address>
         <size>0x1e0</size>
         <input_file_ref idref="fl-6"/>
      </object_component>
      <object_component id="oc-168">
         <name>.bss:adc3WindowResults</name>
         <uninitialized>true</uninitialized>
         <run_address>0xc000</run_address>
         <size>0x280</size>
         <input_file_ref idref="fl-6"/>
      </object_component>
      <object_component id="oc-171">
         <name>.data</name>
         <load_address>0xa82f</load_address>
         <run_address>0xa82f</run_address>
         <size>0x1</size>
         <input_file_ref idref="fl-6"/>
      </object_component>
      <object_component id="oc-9f">
         <name>.data:adc2Index</name>
         <load_address>0xa82a</load_address>
         <run_address>0xa82a</run_address>
         <size>0x2</size>
         <input_file_ref idref="fl-6"/>
      </object_component>
      <object_component id="oc-a2">
         <name>.data:adc2SampleCount</name>
         <load_address>0xa82c</load_address>
         <run_address>0xa82c</run_address>
         <size>0x2</size>
         <input_file_ref idref="fl-6"/>
      </object_component>
      <object_component id="oc-a5">
         <name>.data:adc2Complete</name>
         <load_address>0xa828</load_address>
         <run_address>0xa828</run_address>
         <size>0x2</size>
         <input_file_ref idref="fl-6"/>
      </object_component>
      <object_component id="oc-b1">
         <name>.data:adc0Index</name>
         <load_address>0xa815</load_address>
         <run_address>0xa815</run_address>
         <size>0x3</size>
         <input_file_ref idref="fl-6"/>
      </object_component>
      <object_component id="oc-b4">
         <name>.data:adc0SampleCount</name>
         <load_address>0xa818</load_address>
         <run_address>0xa818</run_address>
         <size>0x3</size>
         <input_file_ref idref="fl-6"/>
      </object_component>
      <object_component id="oc-b7">
         <name>.data:adc0Complete</name>
         <load_address>0xa812</load_address>
         <run_address>0xa812</run_address>
         <size>0x3</size>
         <input_file_ref idref="fl-6"/>
      </object_component>
      <object_component id="oc-a8">
         <name>.data:adc1Index</name>
         <load_address>0xa81e</load_address>
         <run_address>0xa81e</run_address>
         <size>0x3</size>
         <input_file_ref idref="fl-6"/>
      </object_component>
      <object_component id="oc-ab">
         <name>.data:adc1SampleCount</name>
         <load_address>0xa821</load_address>
         <run_address>0xa821</run_address>
         <size>0x3</size>
         <input_file_ref idref="fl-6"/>
      </object_component>
      <object_component id="oc-ae">
         <name>.data:adc1Complete</name>
         <load_address>0xa81b</load_address>
         <run_address>0xa81b</run_address>
         <size>0x3</size>
         <input_file_ref idref="fl-6"/>
      </object_component>
      <object_component id="oc-96">
         <name>.data:adc3Index</name>
         <load_address>0xa80a</load_address>
         <run_address>0xa80a</run_address>
         <size>0x4</size>
         <input_file_ref idref="fl-6"/>
      </object_component>
      <object_component id="oc-99">
         <name>.data:adc3SampleCount</name>
         <load_address>0xa80e</load_address>
         <run_address>0xa80e</run_address>
         <size>0x4</size>
         <input_file_ref idref="fl-6"/>
      </object_component>
      <object_component id="oc-9c">
         <name>.data:adc3Complete</name>
         <load_address>0xa806</load_address>
         <run_address>0xa806</run_address>
         <size>0x4</size>
         <input_file_ref idref="fl-6"/>
      </object_component>
      <object_component id="oc-2ce">
         <name>.data</name>
         <load_address>0xa800</load_address>
         <run_address>0xa800</run_address>
         <size>0x6</size>
         <input_file_ref idref="fl-2b"/>
      </object_component>
      <object_component id="oc-2d1">
         <name>.data:_lock</name>
         <load_address>0xa824</load_address>
         <run_address>0xa824</run_address>
         <size>0x2</size>
         <input_file_ref idref="fl-2c"/>
      </object_component>
      <object_component id="oc-3a2">
         <name>.data:_unlock</name>
         <load_address>0xa826</load_address>
         <run_address>0xa826</run_address>
         <size>0x2</size>
         <input_file_ref idref="fl-2c"/>
      </object_component>
      <object_component id="oc-390">
         <name>.data</name>
         <load_address>0xa82e</load_address>
         <run_address>0xa82e</run_address>
         <size>0x1</size>
         <input_file_ref idref="fl-46"/>
      </object_component>
      <object_component id="oc-7d">
         <name>.const:.string</name>
         <load_address>0x90000</load_address>
         <run_address>0x90000</run_address>
         <size>0x628</size>
         <input_file_ref idref="fl-6"/>
      </object_component>
      <object_component id="oc-3c6">
         <name>.const:.string:_ctypes_</name>
         <load_address>0x90628</load_address>
         <run_address>0x90628</run_address>
         <size>0x101</size>
         <input_file_ref idref="fl-41"/>
      </object_component>
      <object_component id="oc-c5">
         <name>.const:.string</name>
         <load_address>0x9072a</load_address>
         <run_address>0x9072a</run_address>
         <size>0xfa</size>
         <input_file_ref idref="fl-2"/>
      </object_component>
      <object_component id="oc-24d">
         <name>.const:.string</name>
         <load_address>0x90824</load_address>
         <run_address>0x90824</run_address>
         <size>0xc2</size>
         <input_file_ref idref="fl-14"/>
      </object_component>
      <object_component id="oc-20c">
         <name>.const:.string</name>
         <load_address>0x908e6</load_address>
         <run_address>0x908e6</run_address>
         <size>0xbf</size>
         <input_file_ref idref="fl-10"/>
      </object_component>
      <object_component id="oc-1b8">
         <name>.const:.string</name>
         <load_address>0x909a6</load_address>
         <run_address>0x909a6</run_address>
         <size>0xbc</size>
         <input_file_ref idref="fl-11"/>
      </object_component>
      <object_component id="oc-19a">
         <name>.const:.string</name>
         <load_address>0x90a62</load_address>
         <run_address>0x90a62</run_address>
         <size>0xbb</size>
         <input_file_ref idref="fl-13"/>
      </object_component>
      <object_component id="oc-1c4">
         <name>.const:.string</name>
         <load_address>0x90b1e</load_address>
         <run_address>0x90b1e</run_address>
         <size>0x5d</size>
         <input_file_ref idref="fl-f"/>
      </object_component>
      <object_component id="oc-360">
         <name>.const:.string</name>
         <load_address>0x90b7c</load_address>
         <run_address>0x90b7c</run_address>
         <size>0x26</size>
         <input_file_ref idref="fl-2f"/>
      </object_component>
      <object_component id="oc-3d3">
         <name>.const</name>
         <load_address>0x90ba2</load_address>
         <run_address>0x90ba2</run_address>
         <size>0x1c</size>
         <input_file_ref idref="fl-2f"/>
      </object_component>
      <object_component id="oc-452">
         <name>.const</name>
         <load_address>0x90bc0</load_address>
         <run_address>0x90bc0</run_address>
         <size>0x1c</size>
         <input_file_ref idref="fl-48"/>
      </object_component>
      <object_component id="oc-44d">
         <name>.const</name>
         <load_address>0x90bdc</load_address>
         <run_address>0x90bdc</run_address>
         <size>0x8</size>
         <input_file_ref idref="fl-47"/>
      </object_component>
      <object_component id="oc-122">
         <name>.TI.ramfunc:Flash_initModule</name>
         <load_address>0x86000</load_address>
         <run_address>0x8000</run_address>
         <size>0x43</size>
         <input_file_ref idref="fl-10"/>
      </object_component>
      <object_component id="oc-219">
         <name>.TI.ramfunc:Flash_setBankPowerMode</name>
         <load_address>0x86043</load_address>
         <run_address>0x8043</run_address>
         <size>0x2c</size>
         <input_file_ref idref="fl-10"/>
      </object_component>
      <object_component id="oc-231">
         <name>.TI.ramfunc:Flash_setWaitstates</name>
         <load_address>0x8606f</load_address>
         <run_address>0x806f</run_address>
         <size>0x24</size>
         <input_file_ref idref="fl-10"/>
      </object_component>
      <object_component id="oc-21f">
         <name>.TI.ramfunc:Flash_setPumpPowerMode</name>
         <load_address>0x86093</load_address>
         <run_address>0x8093</run_address>
         <size>0x1d</size>
         <input_file_ref idref="fl-10"/>
      </object_component>
      <object_component id="oc-225">
         <name>.TI.ramfunc:Flash_disableCache</name>
         <load_address>0x860b0</load_address>
         <run_address>0x80b0</run_address>
         <size>0x18</size>
         <input_file_ref idref="fl-10"/>
      </object_component>
      <object_component id="oc-22b">
         <name>.TI.ramfunc:Flash_disablePrefetch</name>
         <load_address>0x860c8</load_address>
         <run_address>0x80c8</run_address>
         <size>0x18</size>
         <input_file_ref idref="fl-10"/>
      </object_component>
      <object_component id="oc-237">
         <name>.TI.ramfunc:Flash_enableCache</name>
         <load_address>0x860e0</load_address>
         <run_address>0x80e0</run_address>
         <size>0x17</size>
         <input_file_ref idref="fl-10"/>
      </object_component>
      <object_component id="oc-23d">
         <name>.TI.ramfunc:Flash_enablePrefetch</name>
         <load_address>0x860f7</load_address>
         <run_address>0x80f7</run_address>
         <size>0x17</size>
         <input_file_ref idref="fl-10"/>
      </object_component>
      <object_component id="oc-243">
         <name>.TI.ramfunc:Flash_enableECC</name>
         <load_address>0x8610e</load_address>
         <run_address>0x810e</run_address>
         <size>0x16</size>
         <input_file_ref idref="fl-10"/>
      </object_component>
      <object_component id="oc-f5">
         <name>.TI.ramfunc</name>
         <load_address>0x86124</load_address>
         <run_address>0x8124</run_address>
         <size>0x4</size>
         <input_file_ref idref="fl-14"/>
      </object_component>
      <object_component id="oc-103">
         <name>.debug_types</name>
         <load_address>0x0</load_address>
         <run_address>0x0</run_address>
         <size>0x374b</size>
         <input_file_ref idref="fl-2"/>
      </object_component>
      <object_component id="oc-147">
         <name>.debug_types</name>
         <load_address>0x374b</load_address>
         <run_address>0x374b</run_address>
         <size>0x5e6</size>
         <input_file_ref idref="fl-3"/>
      </object_component>
      <object_component id="oc-105">
         <name>.debug_types</name>
         <load_address>0x3d31</load_address>
         <run_address>0x3d31</run_address>
         <size>0x582</size>
         <input_file_ref idref="fl-6"/>
      </object_component>
      <object_component id="oc-1d2">
         <name>.debug_types</name>
         <load_address>0x42b3</load_address>
         <run_address>0x42b3</run_address>
         <size>0x19a</size>
         <input_file_ref idref="fl-f"/>
      </object_component>
      <object_component id="oc-24a">
         <name>.debug_types</name>
         <load_address>0x444d</load_address>
         <run_address>0x444d</run_address>
         <size>0x1d7</size>
         <input_file_ref idref="fl-10"/>
      </object_component>
      <object_component id="oc-1ba">
         <name>.debug_types</name>
         <load_address>0x4624</load_address>
         <run_address>0x4624</run_address>
         <size>0x2c4</size>
         <input_file_ref idref="fl-11"/>
      </object_component>
      <object_component id="oc-107">
         <name>.debug_types</name>
         <load_address>0x0</load_address>
         <run_address>0x0</run_address>
         <size>0x0</size>
         <input_file_ref idref="fl-12"/>
      </object_component>
      <object_component id="oc-1a2">
         <name>.debug_types</name>
         <load_address>0x48e8</load_address>
         <run_address>0x48e8</run_address>
         <size>0xe3</size>
         <input_file_ref idref="fl-13"/>
      </object_component>
      <object_component id="oc-24c">
         <name>.debug_types</name>
         <load_address>0x49cb</load_address>
         <run_address>0x49cb</run_address>
         <size>0x254</size>
         <input_file_ref idref="fl-14"/>
      </object_component>
      <object_component id="oc-270">
         <name>.debug_types</name>
         <load_address>0x4c1f</load_address>
         <run_address>0x4c1f</run_address>
         <size>0x2c2</size>
         <input_file_ref idref="fl-20"/>
      </object_component>
      <object_component id="oc-10f">
         <name>.debug_types</name>
         <load_address>0x4ee1</load_address>
         <run_address>0x4ee1</run_address>
         <size>0x89</size>
         <input_file_ref idref="fl-25"/>
      </object_component>
      <object_component id="oc-29b">
         <name>.debug_types</name>
         <load_address>0x0</load_address>
         <run_address>0x0</run_address>
         <size>0x0</size>
         <input_file_ref idref="fl-26"/>
      </object_component>
      <object_component id="oc-310">
         <name>.debug_types</name>
         <load_address>0x4f6a</load_address>
         <run_address>0x4f6a</run_address>
         <size>0x412</size>
         <input_file_ref idref="fl-27"/>
      </object_component>
      <object_component id="oc-114">
         <name>.debug_types</name>
         <load_address>0x537c</load_address>
         <run_address>0x537c</run_address>
         <size>0x194</size>
         <input_file_ref idref="fl-28"/>
      </object_component>
      <object_component id="oc-6a">
         <name>.debug_types</name>
         <load_address>0x0</load_address>
         <run_address>0x0</run_address>
         <size>0x0</size>
         <input_file_ref idref="fl-29"/>
      </object_component>
      <object_component id="oc-62">
         <name>.debug_types</name>
         <load_address>0x5510</load_address>
         <run_address>0x5510</run_address>
         <size>0x191</size>
         <input_file_ref idref="fl-2a"/>
      </object_component>
      <object_component id="oc-2d5">
         <name>.debug_types</name>
         <load_address>0x56a1</load_address>
         <run_address>0x56a1</run_address>
         <size>0x90</size>
         <input_file_ref idref="fl-2b"/>
      </object_component>
      <object_component id="oc-32b">
         <name>.debug_types</name>
         <load_address>0x5731</load_address>
         <run_address>0x5731</run_address>
         <size>0x2f</size>
         <input_file_ref idref="fl-2c"/>
      </object_component>
      <object_component id="oc-2cd">
         <name>.debug_types</name>
         <load_address>0x5760</load_address>
         <run_address>0x5760</run_address>
         <size>0xb6</size>
         <input_file_ref idref="fl-2d"/>
      </object_component>
      <object_component id="oc-1f1">
         <name>.debug_types</name>
         <load_address>0x0</load_address>
         <run_address>0x0</run_address>
         <size>0x0</size>
         <input_file_ref idref="fl-2e"/>
      </object_component>
      <object_component id="oc-374">
         <name>.debug_types</name>
         <load_address>0x5816</load_address>
         <run_address>0x5816</run_address>
         <size>0x9dd</size>
         <input_file_ref idref="fl-2f"/>
      </object_component>
      <object_component id="oc-3cf">
         <name>.debug_types</name>
         <load_address>0x61f3</load_address>
         <run_address>0x61f3</run_address>
         <size>0x160</size>
         <input_file_ref idref="fl-30"/>
      </object_component>
      <object_component id="oc-39c">
         <name>.debug_types</name>
         <load_address>0x0</load_address>
         <run_address>0x0</run_address>
         <size>0x0</size>
         <input_file_ref idref="fl-3e"/>
      </object_component>
      <object_component id="oc-444">
         <name>.debug_types</name>
         <load_address>0x6353</load_address>
         <run_address>0x6353</run_address>
         <size>0x61</size>
         <input_file_ref idref="fl-3f"/>
      </object_component>
      <object_component id="oc-3ca">
         <name>.debug_types</name>
         <load_address>0x63b4</load_address>
         <run_address>0x63b4</run_address>
         <size>0x34</size>
         <input_file_ref idref="fl-40"/>
      </object_component>
      <object_component id="oc-42f">
         <name>.debug_types</name>
         <load_address>0x0</load_address>
         <run_address>0x0</run_address>
         <size>0x0</size>
         <input_file_ref idref="fl-41"/>
      </object_component>
      <object_component id="oc-3c2">
         <name>.debug_types</name>
         <load_address>0x0</load_address>
         <run_address>0x0</run_address>
         <size>0x0</size>
         <input_file_ref idref="fl-42"/>
      </object_component>
      <object_component id="oc-45f">
         <name>.debug_types</name>
         <load_address>0x0</load_address>
         <run_address>0x0</run_address>
         <size>0x0</size>
         <input_file_ref idref="fl-43"/>
      </object_component>
      <object_component id="oc-3c0">
         <name>.debug_types</name>
         <load_address>0x63e8</load_address>
         <run_address>0x63e8</run_address>
         <size>0x34</size>
         <input_file_ref idref="fl-44"/>
      </object_component>
      <object_component id="oc-3be">
         <name>.debug_types</name>
         <load_address>0x0</load_address>
         <run_address>0x0</run_address>
         <size>0x0</size>
         <input_file_ref idref="fl-45"/>
      </object_component>
      <object_component id="oc-3d2">
         <name>.debug_types</name>
         <load_address>0x0</load_address>
         <run_address>0x0</run_address>
         <size>0x0</size>
         <input_file_ref idref="fl-46"/>
      </object_component>
      <object_component id="oc-451">
         <name>.debug_types</name>
         <load_address>0x641c</load_address>
         <run_address>0x641c</run_address>
         <size>0x2f</size>
         <input_file_ref idref="fl-47"/>
      </object_component>
      <object_component id="oc-45c">
         <name>.debug_types</name>
         <load_address>0x0</load_address>
         <run_address>0x0</run_address>
         <size>0x0</size>
         <input_file_ref idref="fl-48"/>
      </object_component>
      <object_component id="oc-470">
         <name>.debug_types</name>
         <load_address>0x0</load_address>
         <run_address>0x0</run_address>
         <size>0x0</size>
         <input_file_ref idref="fl-49"/>
      </object_component>
      <object_component id="oc-3e">
         <name>.debug_info</name>
         <load_address>0x0</load_address>
         <run_address>0x0</run_address>
         <size>0x72fb</size>
         <input_file_ref idref="fl-2"/>
      </object_component>
      <object_component id="oc-81">
         <name>.debug_info</name>
         <load_address>0x72fb</load_address>
         <run_address>0x72fb</run_address>
         <size>0x16b3</size>
         <input_file_ref idref="fl-3"/>
      </object_component>
      <object_component id="oc-32">
         <name>.debug_info</name>
         <load_address>0x89ae</load_address>
         <run_address>0x89ae</run_address>
         <size>0x187</size>
         <input_file_ref idref="fl-5"/>
      </object_component>
      <object_component id="oc-7a">
         <name>.debug_info</name>
         <load_address>0x8b35</load_address>
         <run_address>0x8b35</run_address>
         <size>0x188</size>
         <input_file_ref idref="fl-5"/>
      </object_component>
      <object_component id="oc-172">
         <name>.debug_info</name>
         <load_address>0x8cbd</load_address>
         <run_address>0x8cbd</run_address>
         <size>0xf7</size>
         <input_file_ref idref="fl-6"/>
      </object_component>
      <object_component id="oc-a0">
         <name>.debug_info</name>
         <load_address>0x8db4</load_address>
         <run_address>0x8db4</run_address>
         <size>0xf1</size>
         <input_file_ref idref="fl-6"/>
      </object_component>
      <object_component id="oc-a3">
         <name>.debug_info</name>
         <load_address>0x8ea5</load_address>
         <run_address>0x8ea5</run_address>
         <size>0xfd</size>
         <input_file_ref idref="fl-6"/>
      </object_component>
      <object_component id="oc-a6">
         <name>.debug_info</name>
         <load_address>0x8fa2</load_address>
         <run_address>0x8fa2</run_address>
         <size>0xf7</size>
         <input_file_ref idref="fl-6"/>
      </object_component>
      <object_component id="oc-b2">
         <name>.debug_info</name>
         <load_address>0x9099</load_address>
         <run_address>0x9099</run_address>
         <size>0xf1</size>
         <input_file_ref idref="fl-6"/>
      </object_component>
      <object_component id="oc-b5">
         <name>.debug_info</name>
         <load_address>0x918a</load_address>
         <run_address>0x918a</run_address>
         <size>0xfd</size>
         <input_file_ref idref="fl-6"/>
      </object_component>
      <object_component id="oc-b8">
         <name>.debug_info</name>
         <load_address>0x9287</load_address>
         <run_address>0x9287</run_address>
         <size>0xf7</size>
         <input_file_ref idref="fl-6"/>
      </object_component>
      <object_component id="oc-a9">
         <name>.debug_info</name>
         <load_address>0x937e</load_address>
         <run_address>0x937e</run_address>
         <size>0xf1</size>
         <input_file_ref idref="fl-6"/>
      </object_component>
      <object_component id="oc-ac">
         <name>.debug_info</name>
         <load_address>0x946f</load_address>
         <run_address>0x946f</run_address>
         <size>0xfd</size>
         <input_file_ref idref="fl-6"/>
      </object_component>
      <object_component id="oc-af">
         <name>.debug_info</name>
         <load_address>0x956c</load_address>
         <run_address>0x956c</run_address>
         <size>0xf7</size>
         <input_file_ref idref="fl-6"/>
      </object_component>
      <object_component id="oc-97">
         <name>.debug_info</name>
         <load_address>0x9663</load_address>
         <run_address>0x9663</run_address>
         <size>0xf1</size>
         <input_file_ref idref="fl-6"/>
      </object_component>
      <object_component id="oc-9a">
         <name>.debug_info</name>
         <load_address>0x9754</load_address>
         <run_address>0x9754</run_address>
         <size>0xfd</size>
         <input_file_ref idref="fl-6"/>
      </object_component>
      <object_component id="oc-9d">
         <name>.debug_info</name>
         <load_address>0x9851</load_address>
         <run_address>0x9851</run_address>
         <size>0xf7</size>
         <input_file_ref idref="fl-6"/>
      </object_component>
      <object_component id="oc-8e">
         <name>.debug_info</name>
         <load_address>0x9948</load_address>
         <run_address>0x9948</run_address>
         <size>0xf5</size>
         <input_file_ref idref="fl-6"/>
      </object_component>
      <object_component id="oc-94">
         <name>.debug_info</name>
         <load_address>0x9a3d</load_address>
         <run_address>0x9a3d</run_address>
         <size>0xf5</size>
         <input_file_ref idref="fl-6"/>
      </object_component>
      <object_component id="oc-91">
         <name>.debug_info</name>
         <load_address>0x9b32</load_address>
         <run_address>0x9b32</run_address>
         <size>0xf5</size>
         <input_file_ref idref="fl-6"/>
      </object_component>
      <object_component id="oc-85">
         <name>.debug_info</name>
         <load_address>0x9c27</load_address>
         <run_address>0x9c27</run_address>
         <size>0xf5</size>
         <input_file_ref idref="fl-6"/>
      </object_component>
      <object_component id="oc-157">
         <name>.debug_info</name>
         <load_address>0x9d1c</load_address>
         <run_address>0x9d1c</run_address>
         <size>0xfd</size>
         <input_file_ref idref="fl-6"/>
      </object_component>
      <object_component id="oc-15d">
         <name>.debug_info</name>
         <load_address>0x9e19</load_address>
         <run_address>0x9e19</run_address>
         <size>0xfd</size>
         <input_file_ref idref="fl-6"/>
      </object_component>
      <object_component id="oc-15a">
         <name>.debug_info</name>
         <load_address>0x9f16</load_address>
         <run_address>0x9f16</run_address>
         <size>0xfd</size>
         <input_file_ref idref="fl-6"/>
      </object_component>
      <object_component id="oc-14b">
         <name>.debug_info</name>
         <load_address>0xa013</load_address>
         <run_address>0xa013</run_address>
         <size>0xf3</size>
         <input_file_ref idref="fl-6"/>
      </object_component>
      <object_component id="oc-154">
         <name>.debug_info</name>
         <load_address>0xa106</load_address>
         <run_address>0xa106</run_address>
         <size>0xfd</size>
         <input_file_ref idref="fl-6"/>
      </object_component>
      <object_component id="oc-166">
         <name>.debug_info</name>
         <load_address>0xa203</load_address>
         <run_address>0xa203</run_address>
         <size>0x101</size>
         <input_file_ref idref="fl-6"/>
      </object_component>
      <object_component id="oc-160">
         <name>.debug_info</name>
         <load_address>0xa304</load_address>
         <run_address>0xa304</run_address>
         <size>0x101</size>
         <input_file_ref idref="fl-6"/>
      </object_component>
      <object_component id="oc-163">
         <name>.debug_info</name>
         <load_address>0xa405</load_address>
         <run_address>0xa405</run_address>
         <size>0x101</size>
         <input_file_ref idref="fl-6"/>
      </object_component>
      <object_component id="oc-169">
         <name>.debug_info</name>
         <load_address>0xa506</load_address>
         <run_address>0xa506</run_address>
         <size>0x101</size>
         <input_file_ref idref="fl-6"/>
      </object_component>
      <object_component id="oc-88">
         <name>.debug_info</name>
         <load_address>0xa607</load_address>
         <run_address>0xa607</run_address>
         <size>0x2d20</size>
         <input_file_ref idref="fl-6"/>
      </object_component>
      <object_component id="oc-43">
         <name>.debug_info</name>
         <load_address>0xd327</load_address>
         <run_address>0xd327</run_address>
         <size>0x81a</size>
         <input_file_ref idref="fl-6"/>
      </object_component>
      <object_component id="oc-1bf">
         <name>.debug_info</name>
         <load_address>0xdb41</load_address>
         <run_address>0xdb41</run_address>
         <size>0x207</size>
         <input_file_ref idref="fl-f"/>
      </object_component>
      <object_component id="oc-f3">
         <name>.debug_info</name>
         <load_address>0xdd48</load_address>
         <run_address>0xdd48</run_address>
         <size>0x2bc</size>
         <input_file_ref idref="fl-f"/>
      </object_component>
      <object_component id="oc-1c6">
         <name>.debug_info</name>
         <load_address>0xe004</load_address>
         <run_address>0xe004</run_address>
         <size>0x24a</size>
         <input_file_ref idref="fl-f"/>
      </object_component>
      <object_component id="oc-1cd">
         <name>.debug_info</name>
         <load_address>0xe24e</load_address>
         <run_address>0xe24e</run_address>
         <size>0x288</size>
         <input_file_ref idref="fl-f"/>
      </object_component>
      <object_component id="oc-209">
         <name>.debug_info</name>
         <load_address>0xe4d6</load_address>
         <run_address>0xe4d6</run_address>
         <size>0x21d</size>
         <input_file_ref idref="fl-10"/>
      </object_component>
      <object_component id="oc-211">
         <name>.debug_info</name>
         <load_address>0xe6f3</load_address>
         <run_address>0xe6f3</run_address>
         <size>0x219</size>
         <input_file_ref idref="fl-10"/>
      </object_component>
      <object_component id="oc-235">
         <name>.debug_info</name>
         <load_address>0xe90c</load_address>
         <run_address>0xe90c</run_address>
         <size>0x279</size>
         <input_file_ref idref="fl-10"/>
      </object_component>
      <object_component id="oc-21d">
         <name>.debug_info</name>
         <load_address>0xeb85</load_address>
         <run_address>0xeb85</run_address>
         <size>0x28f</size>
         <input_file_ref idref="fl-10"/>
      </object_component>
      <object_component id="oc-223">
         <name>.debug_info</name>
         <load_address>0xee14</load_address>
         <run_address>0xee14</run_address>
         <size>0x26e</size>
         <input_file_ref idref="fl-10"/>
      </object_component>
      <object_component id="oc-241">
         <name>.debug_info</name>
         <load_address>0xf082</load_address>
         <run_address>0xf082</run_address>
         <size>0x23f</size>
         <input_file_ref idref="fl-10"/>
      </object_component>
      <object_component id="oc-22f">
         <name>.debug_info</name>
         <load_address>0xf2c1</load_address>
         <run_address>0xf2c1</run_address>
         <size>0x241</size>
         <input_file_ref idref="fl-10"/>
      </object_component>
      <object_component id="oc-23b">
         <name>.debug_info</name>
         <load_address>0xf502</load_address>
         <run_address>0xf502</run_address>
         <size>0x239</size>
         <input_file_ref idref="fl-10"/>
      </object_component>
      <object_component id="oc-229">
         <name>.debug_info</name>
         <load_address>0xf73b</load_address>
         <run_address>0xf73b</run_address>
         <size>0x23b</size>
         <input_file_ref idref="fl-10"/>
      </object_component>
      <object_component id="oc-247">
         <name>.debug_info</name>
         <load_address>0xf976</load_address>
         <run_address>0xf976</run_address>
         <size>0x232</size>
         <input_file_ref idref="fl-10"/>
      </object_component>
      <object_component id="oc-217">
         <name>.debug_info</name>
         <load_address>0xfba8</load_address>
         <run_address>0xfba8</run_address>
         <size>0x27b</size>
         <input_file_ref idref="fl-10"/>
      </object_component>
      <object_component id="oc-126">
         <name>.debug_info</name>
         <load_address>0xfe23</load_address>
         <run_address>0xfe23</run_address>
         <size>0x397</size>
         <input_file_ref idref="fl-10"/>
      </object_component>
      <object_component id="oc-1b3">
         <name>.debug_info</name>
         <load_address>0x101ba</load_address>
         <run_address>0x101ba</run_address>
         <size>0x205</size>
         <input_file_ref idref="fl-11"/>
      </object_component>
      <object_component id="oc-e4">
         <name>.debug_info</name>
         <load_address>0x103bf</load_address>
         <run_address>0x103bf</run_address>
         <size>0x27d</size>
         <input_file_ref idref="fl-11"/>
      </object_component>
      <object_component id="oc-d8">
         <name>.debug_info</name>
         <load_address>0x1063c</load_address>
         <run_address>0x1063c</run_address>
         <size>0x266</size>
         <input_file_ref idref="fl-11"/>
      </object_component>
      <object_component id="oc-de">
         <name>.debug_info</name>
         <load_address>0x108a2</load_address>
         <run_address>0x108a2</run_address>
         <size>0x2ae</size>
         <input_file_ref idref="fl-11"/>
      </object_component>
      <object_component id="oc-ed">
         <name>.debug_info</name>
         <load_address>0x10b50</load_address>
         <run_address>0x10b50</run_address>
         <size>0x296</size>
         <input_file_ref idref="fl-11"/>
      </object_component>
      <object_component id="oc-fa">
         <name>.debug_info</name>
         <load_address>0x10de6</load_address>
         <run_address>0x10de6</run_address>
         <size>0x24f</size>
         <input_file_ref idref="fl-11"/>
      </object_component>
      <object_component id="oc-1de">
         <name>.debug_info</name>
         <load_address>0x11035</load_address>
         <run_address>0x11035</run_address>
         <size>0x1fe</size>
         <input_file_ref idref="fl-12"/>
      </object_component>
      <object_component id="oc-1d8">
         <name>.debug_info</name>
         <load_address>0x11233</load_address>
         <run_address>0x11233</run_address>
         <size>0x200</size>
         <input_file_ref idref="fl-12"/>
      </object_component>
      <object_component id="oc-16f">
         <name>.debug_info</name>
         <load_address>0x11433</load_address>
         <run_address>0x11433</run_address>
         <size>0x20f</size>
         <input_file_ref idref="fl-12"/>
      </object_component>
      <object_component id="oc-52">
         <name>.debug_info</name>
         <load_address>0x11642</load_address>
         <run_address>0x11642</run_address>
         <size>0x21c</size>
         <input_file_ref idref="fl-12"/>
      </object_component>
      <object_component id="oc-57">
         <name>.debug_info</name>
         <load_address>0x1185e</load_address>
         <run_address>0x1185e</run_address>
         <size>0x202</size>
         <input_file_ref idref="fl-12"/>
      </object_component>
      <object_component id="oc-5e">
         <name>.debug_info</name>
         <load_address>0x11a60</load_address>
         <run_address>0x11a60</run_address>
         <size>0x1e8</size>
         <input_file_ref idref="fl-12"/>
      </object_component>
      <object_component id="oc-4f">
         <name>.debug_info</name>
         <load_address>0x11c48</load_address>
         <run_address>0x11c48</run_address>
         <size>0x20c</size>
         <input_file_ref idref="fl-12"/>
      </object_component>
      <object_component id="oc-100">
         <name>.debug_info</name>
         <load_address>0x11e54</load_address>
         <run_address>0x11e54</run_address>
         <size>0x2b3</size>
         <input_file_ref idref="fl-12"/>
      </object_component>
      <object_component id="oc-195">
         <name>.debug_info</name>
         <load_address>0x12107</load_address>
         <run_address>0x12107</run_address>
         <size>0x205</size>
         <input_file_ref idref="fl-13"/>
      </object_component>
      <object_component id="oc-1ac">
         <name>.debug_info</name>
         <load_address>0x1230c</load_address>
         <run_address>0x1230c</run_address>
         <size>0x225</size>
         <input_file_ref idref="fl-13"/>
      </object_component>
      <object_component id="oc-1a4">
         <name>.debug_info</name>
         <load_address>0x12531</load_address>
         <run_address>0x12531</run_address>
         <size>0x227</size>
         <input_file_ref idref="fl-13"/>
      </object_component>
      <object_component id="oc-19d">
         <name>.debug_info</name>
         <load_address>0x12758</load_address>
         <run_address>0x12758</run_address>
         <size>0x235</size>
         <input_file_ref idref="fl-13"/>
      </object_component>
      <object_component id="oc-c9">
         <name>.debug_info</name>
         <load_address>0x1298d</load_address>
         <run_address>0x1298d</run_address>
         <size>0x2b5</size>
         <input_file_ref idref="fl-13"/>
      </object_component>
      <object_component id="oc-ce">
         <name>.debug_info</name>
         <load_address>0x12c42</load_address>
         <run_address>0x12c42</run_address>
         <size>0x23e</size>
         <input_file_ref idref="fl-13"/>
      </object_component>
      <object_component id="oc-c1">
         <name>.debug_info</name>
         <load_address>0x12e80</load_address>
         <run_address>0x12e80</run_address>
         <size>0x268</size>
         <input_file_ref idref="fl-13"/>
      </object_component>
      <object_component id="oc-25c">
         <name>.debug_info</name>
         <load_address>0x130e8</load_address>
         <run_address>0x130e8</run_address>
         <size>0x1f2</size>
         <input_file_ref idref="fl-14"/>
      </object_component>
      <object_component id="oc-251">
         <name>.debug_info</name>
         <load_address>0x132da</load_address>
         <run_address>0x132da</run_address>
         <size>0x20e</size>
         <input_file_ref idref="fl-14"/>
      </object_component>
      <object_component id="oc-35d">
[...]
         <value>0x852b2</value>
         <object_component_ref idref="oc-3c"/>
      </symbol>
      <symbol id="sm-298">
         <name>INT_myADC3_4_ISR</name>
         <value>0x8512f</value>
         <object_component_ref idref="oc-3c"/>
      </symbol>
      <symbol id="sm-299">
         <name>delayMs</name>
         <value>0x83ad6</value>
         <object_component_ref idref="oc-87"/>
      </symbol>
      <symbol id="sm-29a">
         <name>runSingleTestADC0</name>
         <value>0x83a30</value>
         <object_component_ref idref="oc-87"/>
      </symbol>
      <symbol id="sm-29b">
         <name>runSingleTestADC1</name>
         <value>0x83989</value>
         <object_component_ref idref="oc-87"/>
      </symbol>
      <symbol id="sm-29c">
         <name>runSingleTestADC2</name>
         <value>0x8390b</value>
         <object_component_ref idref="oc-87"/>
      </symbol>
      <symbol id="sm-29d">
         <name>runSingleTestADC3</name>
         <value>0x8383b</value>
         <object_component_ref idref="oc-87"/>
      </symbol>
      <symbol id="sm-29e">
         <name>ReconfigureandsetAcquisitionWindowADC3</name>
         <value>0x83fab</value>
         <object_component_ref idref="oc-87"/>
      </symbol>
      <symbol id="sm-29f">
         <name>ReconfigureandsetAcquisitionWindowADC2</name>
         <value>0x83e15</value>
         <object_component_ref idref="oc-87"/>
      </symbol>
      <symbol id="sm-2a0">
         <name>ReconfigureandsetAcquisitionWindowADC1</name>
         <value>0x83dde</value>
         <object_component_ref idref="oc-87"/>
      </symbol>
      <symbol id="sm-2a1">
         <name>ReconfigureandsetAcquisitionWindowADC0</name>
         <value>0x83da7</value>
         <object_component_ref idref="oc-87"/>
      </symbol>
      <symbol id="sm-2a2">
         <name>adc1Complete</name>
         <value>0xa81b</value>
         <object_component_ref idref="oc-ae"/>
      </symbol>
      <symbol id="sm-2a3">
         <name>waitForKeyPress</name>
         <value>0x834fe</value>
         <object_component_ref idref="oc-87"/>
      </symbol>
      <symbol id="sm-2a4">
         <name>UART_writeString</name>
         <value>0x834c1</value>
         <object_component_ref idref="oc-87"/>
      </symbol>
      <symbol id="sm-2a5">
         <name>adc1WindowResults</name>
         <value>0xc460</value>
         <object_component_ref idref="oc-162"/>
      </symbol>
      <symbol id="sm-2a6">
         <name>adc2SampleCount</name>
         <value>0xa82c</value>
         <object_component_ref idref="oc-a2"/>
      </symbol>
      <symbol id="sm-2a7">
         <name>adc3Complete</name>
         <value>0xa806</value>
         <object_component_ref idref="oc-9c"/>
      </symbol>
      <symbol id="sm-2a8">
         <name>INT_myADC3_2_ISR</name>
         <value>0x851f1</value>
         <object_component_ref idref="oc-3c"/>
      </symbol>
      <symbol id="sm-2a9">
         <name>adc1SampleCount</name>
         <value>0xa821</value>
         <object_component_ref idref="oc-ab"/>
      </symbol>
      <symbol id="sm-2aa">
         <name>adc3TestResults</name>
         <value>0xc780</value>
         <object_component_ref idref="oc-153"/>
      </symbol>
      <symbol id="sm-2ab">
         <name>calculateStatistics</name>
         <value>0x837a2</value>
         <object_component_ref idref="oc-87"/>
      </symbol>
      <symbol id="sm-2ac">
         <name>adc2Results</name>
         <value>0xcca4</value>
         <object_component_ref idref="oc-8d"/>
      </symbol>
      <symbol id="sm-2ad">
         <name>INT_myADC2_1_ISR</name>
         <value>0x85313</value>
         <object_component_ref idref="oc-3c"/>
      </symbol>
      <symbol id="sm-2ae">
         <name>INT_myADC3_3_ISR</name>
         <value>0x85190</value>
         <object_component_ref idref="oc-3c"/>
      </symbol>
      <symbol id="sm-2af">
         <name>adc0TestResults</name>
         <value>0xc9c0</value>
         <object_component_ref idref="oc-15c"/>
      </symbol>
      <symbol id="sm-2b0">
         <name>uartBuffer</name>
         <value>0xc8c0</value>
         <object_component_ref idref="oc-14a"/>
      </symbol>
      <symbol id="sm-2b1">
         <name>INT_myADC0_2_ISR</name>
         <value>0x854e2</value>
         <object_component_ref idref="oc-3c"/>
      </symbol>
      <symbol id="sm-2b2">
         <name>adc2WindowResults</name>
         <value>0xc640</value>
         <object_component_ref idref="oc-165"/>
      </symbol>
      <symbol id="sm-2f3">
         <name>ADC_setOffsetTrim</name>
         <value>0x85ccd</value>
         <object_component_ref idref="oc-1cb"/>
      </symbol>
      <symbol id="sm-2f4">
         <name>ADC_setMode</name>
         <value>0x86229</value>
         <object_component_ref idref="oc-ef"/>
      </symbol>
      <symbol id="sm-2f5">
         <name>ADC_setINLTrim</name>
         <value>0x85bf6</value>
         <object_component_ref idref="oc-1c5"/>
      </symbol>
      <symbol id="sm-36f">
         <name>Flash_initModule</name>
         <value>0x8000</value>
         <object_component_ref idref="oc-122"/>
      </symbol>
      <symbol id="sm-3b1">
         <name>GPIO_setQualificationMode</name>
         <value>0x86128</value>
         <object_component_ref idref="oc-dd"/>
      </symbol>
      <symbol id="sm-3b2">
         <name>GPIO_setPadConfig</name>
         <value>0x83fac</value>
         <object_component_ref idref="oc-d7"/>
      </symbol>
      <symbol id="sm-3b3">
         <name>GPIO_setDirectionMode</name>
         <value>0x85fcf</value>
         <object_component_ref idref="oc-e3"/>
      </symbol>
      <symbol id="sm-3b4">
         <name>GPIO_setPinConfig</name>
         <value>0x85f98</value>
         <object_component_ref idref="oc-f6"/>
      </symbol>
      <symbol id="sm-3b5">
         <name>GPIO_setControllerCore</name>
         <value>0x85f61</value>
         <object_component_ref idref="oc-e9"/>
      </symbol>
      <symbol id="sm-404">
         <name>Interrupt_defaultHandler</name>
         <value>0x8658a</value>
         <object_component_ref idref="oc-48"/>
      </symbol>
      <symbol id="sm-405">
         <name>Interrupt_initModule</name>
         <value>0x85ee7</value>
         <object_component_ref idref="oc-16b"/>
      </symbol>
      <symbol id="sm-406">
         <name>Interrupt_nmiHandler</name>
         <value>0x866b5</value>
         <object_component_ref idref="oc-5a"/>
      </symbol>
      <symbol id="sm-407">
         <name>Interrupt_enable</name>
         <value>0x8615f</value>
         <object_component_ref idref="oc-fc"/>
      </symbol>
      <symbol id="sm-408">
         <name>Interrupt_initVectorTable</name>
         <value>0x863ff</value>
         <object_component_ref idref="oc-4b"/>
      </symbol>
      <symbol id="sm-409">
         <name>Interrupt_illegalOperationHandler</name>
         <value>0x866ab</value>
         <object_component_ref idref="oc-54"/>
      </symbol>
      <symbol id="sm-45a">
         <name>SCI_clearInterruptStatus</name>
         <value>0x85e20</value>
         <object_component_ref idref="oc-bf"/>
      </symbol>
      <symbol id="sm-45b">
         <name>SCI_setConfig</name>
         <value>0x85ea9</value>
         <object_component_ref idref="oc-c6"/>
      </symbol>
      <symbol id="sm-45c">
         <name>SCI_enableInterrupt</name>
         <value>0x85e65</value>
         <object_component_ref idref="oc-cc"/>
      </symbol>
      <symbol id="sm-541">
         <name>SysCtl_delay</name>
         <value>0x8124</value>
         <object_component_ref idref="oc-f5"/>
      </symbol>
      <symbol id="sm-542">
         <name>SysCtl_getDeviceParametric</name>
         <value>0x85c65</value>
         <object_component_ref idref="oc-128"/>
      </symbol>
      <symbol id="sm-543">
         <name>SysCtl_selectXTAL</name>
         <value>0x859d0</value>
         <object_component_ref idref="oc-2e8"/>
      </symbol>
      <symbol id="sm-544">
         <name>SysCtl_selectOscSource</name>
         <value>0x85dd8</value>
         <object_component_ref idref="oc-254"/>
      </symbol>
      <symbol id="sm-545">
         <name>SysCtl_getLowSpeedClock</name>
         <value>0x864e1</value>
         <object_component_ref idref="oc-140"/>
      </symbol>
      <symbol id="sm-546">
         <name>SysCtl_setClock</name>
         <value>0x8557b</value>
         <object_component_ref idref="oc-12e"/>
      </symbol>
      <symbol id="sm-547">
         <name>SysCtl_getClock</name>
         <value>0x85d87</value>
         <object_component_ref idref="oc-13a"/>
      </symbol>
      <symbol id="sm-548">
         <name>SysCtl_selectOscSourceAuxPLL</name>
         <value>0x85f24</value>
         <object_component_ref idref="oc-134"/>
      </symbol>
      <symbol id="sm-557">
         <name>sprintf</name>
         <value>0x86196</value>
         <object_component_ref idref="oc-14d"/>
      </symbol>
      <symbol id="sm-561">
         <name>_c_int00</name>
         <value>0x86573</value>
         <object_component_ref idref="oc-11c"/>
      </symbol>
      <symbol id="sm-562">
         <name>__stack</name>
         <value>0x400</value>
         <object_component_ref idref="oc-60"/>
      </symbol>
      <symbol id="sm-56a">
         <name>_epilog_c28x_1</name>
         <value>0x8667d</value>
         <object_component_ref idref="oc-d2"/>
      </symbol>
      <symbol id="sm-56b">
         <name>_epilog_c28x_2</name>
         <value>0x86681</value>
         <object_component_ref idref="oc-d2"/>
      </symbol>
      <symbol id="sm-578">
         <name>__c28xabi_divf</name>
         <value>0x85aeb</value>
         <object_component_ref idref="oc-260"/>
      </symbol>
      <symbol id="sm-580">
         <name>_prolog_c28x_1</name>
         <value>0x864fb</value>
         <object_component_ref idref="oc-ba"/>
      </symbol>
      <symbol id="sm-581">
         <name>_prolog_c28x_2</name>
         <value>0x864ff</value>
         <object_component_ref idref="oc-ba"/>
      </symbol>
      <symbol id="sm-582">
         <name>_prolog_c28x_3</name>
         <value>0x86507</value>
         <object_component_ref idref="oc-ba"/>
      </symbol>
      <symbol id="sm-594">
         <name>memcpy</name>
         <value>0x86458</value>
         <object_component_ref idref="oc-63"/>
      </symbol>
      <symbol id="sm-5a1">
         <name>_system_pre_init</name>
         <value>0x83ffe</value>
         <object_component_ref idref="oc-1f2"/>
      </symbol>
      <symbol id="sm-5b0">
         <name>__TI_auto_init_nobinit_nopinit</name>
         <value>0x86286</value>
         <object_component_ref idref="oc-29c"/>
      </symbol>
      <symbol id="sm-5bd">
         <name>__TI_zero_init</name>
         <value>0x86700</value>
         <object_component_ref idref="oc-71"/>
      </symbol>
      <symbol id="sm-5ca">
         <name>__TI_decompress_none</name>
         <value>0x866da</value>
         <object_component_ref idref="oc-2a"/>
      </symbol>
      <symbol id="sm-5de">
         <name>__TI_decompress_lzss</name>
         <value>0x86258</value>
         <object_component_ref idref="oc-24"/>
      </symbol>
      <symbol id="sm-5f4">
         <name>C$$EXIT</name>
         <value>0x86305</value>
         <object_component_ref idref="oc-1ff"/>
      </symbol>
      <symbol id="sm-5f5">
         <name>abort</name>
         <value>0x86305</value>
         <object_component_ref idref="oc-1ff"/>
      </symbol>
      <symbol id="sm-5f6">
         <name>exit</name>
         <value>0x86307</value>
         <object_component_ref idref="oc-1ff"/>
      </symbol>
      <symbol id="sm-5f7">
         <name>__TI_dtors_ptr</name>
         <value>0xa804</value>
         <object_component_ref idref="oc-2ce"/>
      </symbol>
      <symbol id="sm-5f8">
         <name>__TI_cleanup_ptr</name>
         <value>0xa802</value>
         <object_component_ref idref="oc-2ce"/>
      </symbol>
      <symbol id="sm-5f9">
         <name>__TI_enable_exit_profile_output</name>
         <value>0xa800</value>
         <object_component_ref idref="oc-2ce"/>
      </symbol>
      <symbol id="sm-610">
         <name>_nop</name>
         <value>0x866d0</value>
         <object_component_ref idref="oc-323"/>
      </symbol>
      <symbol id="sm-611">
         <name>_lock</name>
         <value>0xa824</value>
         <object_component_ref idref="oc-2d1"/>
      </symbol>
      <symbol id="sm-612">
         <name>_unlock</name>
         <value>0xa826</value>
         <object_component_ref idref="oc-3a2"/>
      </symbol>
      <symbol id="sm-613">
         <name>_register_lock</name>
         <value>0x866cc</value>
         <object_component_ref idref="oc-323"/>
      </symbol>
      <symbol id="sm-614">
         <name>_register_unlock</name>
         <value>0x866c8</value>
         <object_component_ref idref="oc-323"/>
      </symbol>
      <symbol id="sm-623">
         <name>_args_main</name>
         <value>0x86671</value>
         <object_component_ref idref="oc-1f9"/>
      </symbol>
      <symbol id="sm-632">
         <name>memset</name>
         <value>0x866f9</value>
         <object_component_ref idref="oc-115"/>
      </symbol>
      <symbol id="sm-79a">
         <name>__TI_printfi</name>
         <value>0x84b51</value>
         <object_component_ref idref="oc-2fd"/>
      </symbol>
      <symbol id="sm-7a9">
         <name>wcslen</name>
         <value>0x866a0</value>
         <object_component_ref idref="oc-38a"/>
      </symbol>
      <symbol id="sm-7b5">
         <name>__c28xabi_cmpd</name>
         <value>0x862b1</value>
         <object_component_ref idref="oc-3d4"/>
      </symbol>
      <symbol id="sm-7c3">
         <name>__c28xabi_mpyd</name>
         <value>0x85b73</value>
         <object_component_ref idref="oc-3e3"/>
      </symbol>
      <symbol id="sm-7cc">
         <name>__c28xabi_negd</name>
         <value>0x866d1</value>
         <object_component_ref idref="oc-3d9"/>
      </symbol>
      <symbol id="sm-7d4">
         <name>__c28xabi_subd</name>
         <value>0x86649</value>
         <object_component_ref idref="oc-3f8"/>
      </symbol>
      <symbol id="sm-7df">
         <name>__c28xabi_dtoi</name>
         <value>0x863a0</value>
         <object_component_ref idref="oc-3fd"/>
      </symbol>
      <symbol id="sm-7ea">
         <name>__c28xabi_dtol</name>
         <value>0x863e0</value>
         <object_component_ref idref="oc-3e8"/>
      </symbol>
      <symbol id="sm-7f2">
         <name>__c28xabi_orll</name>
         <value>0x8654c</value>
         <object_component_ref idref="oc-385"/>
      </symbol>
      <symbol id="sm-7f3">
         <name>__c28xabi_xorll</name>
         <value>0x86554</value>
         <object_component_ref idref="oc-385"/>
      </symbol>
      <symbol id="sm-7f4">
         <name>__c28xabi_andll</name>
         <value>0x86544</value>
         <object_component_ref idref="oc-385"/>
      </symbol>
      <symbol id="sm-7fe">
         <name>__c28xabi_cmpll</name>
         <value>0x8641d</value>
         <object_component_ref idref="oc-37b"/>
      </symbol>
      <symbol id="sm-7ff">
         <name>__c28xabi_cmpull</name>
         <value>0x8642f</value>
         <object_component_ref idref="oc-37b"/>
      </symbol>
      <symbol id="sm-826">
         <name>__c28xabi_modull</name>
         <value>0x85829</value>
         <object_component_ref idref="oc-380"/>
      </symbol>
      <symbol id="sm-827">
         <name>__c28xabi_divull</name>
         <value>0x857fa</value>
         <object_component_ref idref="oc-380"/>
      </symbol>
      <symbol id="sm-828">
         <name>__c28xabi_divll</name>
         <value>0x85784</value>
         <object_component_ref idref="oc-380"/>
      </symbol>
      <symbol id="sm-829">
         <name>__c28xabi_modll</name>
         <value>0x857c0</value>
         <object_component_ref idref="oc-380"/>
      </symbol>
      <symbol id="sm-835">
         <name>__c28xabi_itod</name>
         <value>0x8643b</value>
         <object_component_ref idref="oc-40e"/>
      </symbol>
      <symbol id="sm-841">
         <name>__c28xabi_ltod</name>
         <value>0x86475</value>
         <object_component_ref idref="oc-3f3"/>
      </symbol>
      <symbol id="sm-854">
         <name>__c28xabi_divd</name>
         <value>0x85a60</value>
         <object_component_ref idref="oc-3de"/>
      </symbol>
      <symbol id="sm-862">
         <name>_system_post_cinit</name>
         <value>0x8670b</value>
         <object_component_ref idref="oc-309"/>
      </symbol>
      <symbol id="sm-871">
         <name>__TI_ltoa</name>
         <value>0x861f9</value>
         <object_component_ref idref="oc-3ed"/>
      </symbol>
      <symbol id="sm-886">
         <name>atoi</name>
         <value>0x861c8</value>
         <object_component_ref idref="oc-375"/>
      </symbol>
      <symbol id="sm-891">
         <name>_ctypes_</name>
         <value>0x90628</value>
         <object_component_ref idref="oc-3c6"/>
      </symbol>
      <symbol id="sm-8a1">
         <name>memccpy</name>
         <value>0x8661c</value>
         <object_component_ref idref="oc-36d"/>
      </symbol>
      <symbol id="sm-8b1">
         <name>strchr</name>
         <value>0x86689</value>
         <object_component_ref idref="oc-413"/>
      </symbol>
      <symbol id="sm-8bf">
         <name>strcpy</name>
         <value>0x86706</value>
         <object_component_ref idref="oc-367"/>
      </symbol>
      <symbol id="sm-8cd">
         <name>strlen</name>
         <value>0x866ea</value>
         <object_component_ref idref="oc-361"/>
      </symbol>
      <symbol id="sm-8d8">
         <name>errno</name>
         <value>0xa82e</value>
         <object_component_ref idref="oc-390"/>
      </symbol>
      <symbol id="sm-8ef">
         <name>frexpl</name>
         <value>0x85d2d</value>
         <object_component_ref idref="oc-402"/>
      </symbol>
      <symbol id="sm-8f0">
         <name>frexp</name>
         <value>0x85d2d</value>
         <object_component_ref idref="oc-402"/>
      </symbol>
      <symbol id="sm-912">
         <name>scalbn</name>
         <value>0x8588b</value>
         <object_component_ref idref="oc-408"/>
      </symbol>
      <symbol id="sm-913">
         <name>scalbnl</name>
         <value>0x8588b</value>
         <object_component_ref idref="oc-408"/>
      </symbol>
      <symbol id="sm-914">
         <name>ldexpl</name>
         <value>0x8588b</value>
         <object_component_ref idref="oc-408"/>
      </symbol>
      <symbol id="sm-915">
         <name>ldexp</name>
         <value>0x8588b</value>
         <object_component_ref idref="oc-408"/>
      </symbol>
      <symbol id="sm-923">
         <name>copysign</name>
         <value>0x8637c</value>
         <object_component_ref idref="oc-455"/>
      </symbol>
      <symbol id="sm-924">
         <name>copysignl</name>
         <value>0x8637c</value>
         <object_component_ref idref="oc-455"/>
      </symbol>
      <symbol id="sm-93b">
         <name>__c28xabi_addd</name>
         <value>0x85934</value>
         <object_component_ref idref="oc-446"/>
      </symbol>
      <symbol id="sm-943">
         <name>__c28xabi_divul</name>
         <value>0x862f8</value>
         <object_component_ref idref="oc-43e"/>
      </symbol>
      <symbol id="sm-944">
         <name>__c28xabi_modul</name>
         <value>0x862ff</value>
         <object_component_ref idref="oc-43e"/>
      </symbol>
      <symbol id="sm-945">
         <name>__c28xabi_modl</name>
         <value>0x862ea</value>
         <object_component_ref idref="oc-43e"/>
      </symbol>
      <symbol id="sm-946">
         <name>__c28xabi_divl</name>
         <value>0x862db</value>
         <object_component_ref idref="oc-43e"/>
      </symbol>
      <symbol id="sm-948">
         <name>__c_args__</name>
         <value>0x0</value>
      </symbol>
   </symbol_table>
   <title>Link successful</title>
</link_info>
