<?xml version="1.0" encoding="ISO-8859-1" ?>
<link_info>
   <banner>TMS320C2000 Linker PC v22.6.3.LTS</banner>
   <copyright>Copyright (c) 1996-2018 Texas Instruments Incorporated</copyright>
   <link_time>0x699566d5</link_time>
   <link_errors>0x0</link_errors>
   <output_file>lab_ePWM_eCAP_controlcard.out</output_file>
   <entry_point>
      <name>code_start</name>
      <address>0x80000</address>
   </entry_point>
   <input_file_list>
      <input_file id="fl-2">
         <path>.\</path>
         <kind>object</kind>
         <file>Zero_002.obj</file>
         <name>Zero_002.obj</name>
      </input_file>
      <input_file id="fl-3">
         <path>.\syscfg\</path>
         <kind>object</kind>
         <file>board.obj</file>
         <name>board.obj</name>
      </input_file>
      <input_file id="fl-4">
         <path>.\syscfg\</path>
         <kind>object</kind>
         <file>device.obj</file>
         <name>device.obj</name>
      </input_file>
      <input_file id="fl-5">
         <path>.\syscfg\</path>
         <kind>object</kind>
         <file>c2000ware_libraries.obj</file>
         <name>c2000ware_libraries.obj</name>
      </input_file>
      <input_file id="fl-6">
         <path>.\</path>
         <kind>object</kind>
         <file>f2837xd_codestartbranch.obj</file>
         <name>f2837xd_codestartbranch.obj</name>
      </input_file>
      <input_file id="fl-b">
         <kind>object</kind>
         <file>&lt;internal&gt;</file>
         <name>&lt;internal&gt;</name>
      </input_file>
      <input_file id="fl-f">
         <path>C:\ti\C2000Ware_6_00_01_00\driverlib\f2837xd\driverlib\ccs\Debug\</path>
         <kind>archive</kind>
         <file>driverlib_eabi.lib</file>
         <name>adc.obj</name>
      </input_file>
      <input_file id="fl-10">
         <path>C:\ti\C2000Ware_6_00_01_00\driverlib\f2837xd\driverlib\ccs\Debug\</path>
         <kind>archive</kind>
         <file>driverlib_eabi.lib</file>
         <name>flash.obj</name>
      </input_file>
      <input_file id="fl-11">
         <path>C:\ti\C2000Ware_6_00_01_00\driverlib\f2837xd\driverlib\ccs\Debug\</path>
         <kind>archive</kind>
         <file>driverlib_eabi.lib</file>
         <name>gpio.obj</name>
      </input_file>
      <input_file id="fl-12">
         <path>C:\ti\C2000Ware_6_00_01_00\driverlib\f2837xd\driverlib\ccs\Debug\</path>
         <kind>archive</kind>
         <file>driverlib_eabi.lib</file>
         <name>interrupt.obj</name>
      </input_file>
      <input_file id="fl-13">
         <path>C:\ti\C2000Ware_6_00_01_00\driverlib\f2837xd\driverlib\ccs\Debug\</path>
         <kind>archive</kind>
         <file>driverlib_eabi.lib</file>
         <name>sci.obj</name>
      </input_file>
      <input_file id="fl-14">
         <path>C:\ti\C2000Ware_6_00_01_00\driverlib\f2837xd\driverlib\ccs\Debug\</path>
         <kind>archive</kind>
         <file>driverlib_eabi.lib</file>
         <name>sysctl.obj</name>
      </input_file>
      <input_file id="fl-20">
         <path>C:\ti\ccs2041\ccs\tools\compiler\ti-cgt-c2000_22.6.3.LTS\lib\</path>
         <kind>archive</kind>
         <file>rts2800_fpu32_eabi.lib</file>
         <name>sprintf.c.obj</name>
      </input_file>
      <input_file id="fl-21">
         <path>C:\ti\ccs2041\ccs\tools\compiler\ti-cgt-c2000_22.6.3.LTS\lib\</path>
         <kind>archive</kind>
         <file>rts2800_fpu32_eabi.lib</file>
         <name>boot28.asm.obj</name>
      </input_file>
      <input_file id="fl-22">
         <path>C:\ti\ccs2041\ccs\tools\compiler\ti-cgt-c2000_22.6.3.LTS\lib\</path>
         <kind>archive</kind>
         <file>rts2800_fpu32_eabi.lib</file>
         <name>epilog28.asm.obj</name>
      </input_file>
      <input_file id="fl-23">
         <path>C:\ti\ccs2041\ccs\tools\compiler\ti-cgt-c2000_22.6.3.LTS\lib\</path>
         <kind>archive</kind>
         <file>rts2800_fpu32_eabi.lib</file>
         <name>fs_div28.asm.obj</name>
      </input_file>
      <input_file id="fl-24">
         <path>C:\ti\ccs2041\ccs\tools\compiler\ti-cgt-c2000_22.6.3.LTS\lib\</path>
         <kind>archive</kind>
         <file>rts2800_fpu32_eabi.lib</file>
         <name>prolog28.asm.obj</name>
      </input_file>
      <input_file id="fl-25">
         <path>C:\ti\ccs2041\ccs\tools\compiler\ti-cgt-c2000_22.6.3.LTS\lib\</path>
         <kind>archive</kind>
         <file>rts2800_fpu32_eabi.lib</file>
         <name>memcpy.c.obj</name>
      </input_file>
      <input_file id="fl-26">
         <path>C:\ti\ccs2041\ccs\tools\compiler\ti-cgt-c2000_22.6.3.LTS\lib\</path>
         <kind>archive</kind>
         <file>rts2800_fpu32_eabi.lib</file>
         <name>pre_init.c.obj</name>
      </input_file>
      <input_file id="fl-27">
         <path>C:\ti\ccs2041\ccs\tools\compiler\ti-cgt-c2000_22.6.3.LTS\lib\</path>
         <kind>archive</kind>
         <file>rts2800_fpu32_eabi.lib</file>
         <name>autoinit.c.obj</name>
      </input_file>
      <input_file id="fl-28">
         <path>C:\ti\ccs2041\ccs\tools\compiler\ti-cgt-c2000_22.6.3.LTS\lib\</path>
         <kind>archive</kind>
         <file>rts2800_fpu32_eabi.lib</file>
         <name>copy_zero_init.c.obj</name>
      </input_file>
      <input_file id="fl-29">
         <path>C:\ti\ccs2041\ccs\tools\compiler\ti-cgt-c2000_22.6.3.LTS\lib\</path>
         <kind>archive</kind>
         <file>rts2800_fpu32_eabi.lib</file>
         <name>copy_decompress_none.c.obj</name>
      </input_file>
      <input_file id="fl-2a">
         <path>C:\ti\ccs2041\ccs\tools\compiler\ti-cgt-c2000_22.6.3.LTS\lib\</path>
         <kind>archive</kind>
         <file>rts2800_fpu32_eabi.lib</file>
         <name>copy_decompress_lzss.c.obj</name>
      </input_file>
      <input_file id="fl-2b">
         <path>C:\ti\ccs2041\ccs\tools\compiler\ti-cgt-c2000_22.6.3.LTS\lib\</path>
         <kind>archive</kind>
         <file>rts2800_fpu32_eabi.lib</file>
         <name>exit.c.obj</name>
      </input_file>
      <input_file id="fl-2c">
         <path>C:\ti\ccs2041\ccs\tools\compiler\ti-cgt-c2000_22.6.3.LTS\lib\</path>
         <kind>archive</kind>
         <file>rts2800_fpu32_eabi.lib</file>
         <name>_lock.c.obj</name>
      </input_file>
      <input_file id="fl-2d">
         <path>C:\ti\ccs2041\ccs\tools\compiler\ti-cgt-c2000_22.6.3.LTS\lib\</path>
         <kind>archive</kind>
         <file>rts2800_fpu32_eabi.lib</file>
         <name>args_main.c.obj</name>
      </input_file>
      <input_file id="fl-2e">
         <path>C:\ti\ccs2041\ccs\tools\compiler\ti-cgt-c2000_22.6.3.LTS\lib\</path>
         <kind>archive</kind>
         <file>rts2800_fpu32_eabi.lib</file>
         <name>memset.c.obj</name>
      </input_file>
      <input_file id="fl-2f">
         <path>C:\ti\ccs2041\ccs\tools\compiler\ti-cgt-c2000_22.6.3.LTS\lib\</path>
         <kind>archive</kind>
         <file>rts2800_fpu32_eabi.lib</file>
         <name>_printfi.c.obj</name>
      </input_file>
      <input_file id="fl-30">
         <path>C:\ti\ccs2041\ccs\tools\compiler\ti-cgt-c2000_22.6.3.LTS\lib\</path>
         <kind>archive</kind>
         <file>rts2800_fpu32_eabi.lib</file>
         <name>wcslen.c.obj</name>
      </input_file>
      <input_file id="fl-31">
         <path>C:\ti\ccs2041\ccs\tools\compiler\ti-cgt-c2000_22.6.3.LTS\lib\</path>
         <kind>archive</kind>
         <file>rts2800_fpu32_eabi.lib</file>
         <name>fd_cmp28.asm.obj</name>
      </input_file>
      <input_file id="fl-32">
         <path>C:\ti\ccs2041\ccs\tools\compiler\ti-cgt-c2000_22.6.3.LTS\lib\</path>
         <kind>archive</kind>
         <file>rts2800_fpu32_eabi.lib</file>
         <name>fd_mpy28.asm.obj</name>
      </input_file>
      <input_file id="fl-33">
         <path>C:\ti\ccs2041\ccs\tools\compiler\ti-cgt-c2000_22.6.3.LTS\lib\</path>
         <kind>archive</kind>
         <file>rts2800_fpu32_eabi.lib</file>
         <name>fd_neg28.asm.obj</name>
      </input_file>
      <input_file id="fl-34">
         <path>C:\ti\ccs2041\ccs\tools\compiler\ti-cgt-c2000_22.6.3.LTS\lib\</path>
         <kind>archive</kind>
         <file>rts2800_fpu32_eabi.lib</file>
         <name>fd_sub28.asm.obj</name>
      </input_file>
      <input_file id="fl-35">
         <path>C:\ti\ccs2041\ccs\tools\compiler\ti-cgt-c2000_22.6.3.LTS\lib\</path>
         <kind>archive</kind>
         <file>rts2800_fpu32_eabi.lib</file>
         <name>fd_toi28.asm.obj</name>
      </input_file>
      <input_file id="fl-36">
         <path>C:\ti\ccs2041\ccs\tools\compiler\ti-cgt-c2000_22.6.3.LTS\lib\</path>
         <kind>archive</kind>
         <file>rts2800_fpu32_eabi.lib</file>
         <name>fd_tol28.asm.obj</name>
      </input_file>
      <input_file id="fl-37">
         <path>C:\ti\ccs2041\ccs\tools\compiler\ti-cgt-c2000_22.6.3.LTS\lib\</path>
         <kind>archive</kind>
         <file>rts2800_fpu32_eabi.lib</file>
         <name>ll_aox28.asm.obj</name>
      </input_file>
      <input_file id="fl-38">
         <path>C:\ti\ccs2041\ccs\tools\compiler\ti-cgt-c2000_22.6.3.LTS\lib\</path>
         <kind>archive</kind>
         <file>rts2800_fpu32_eabi.lib</file>
         <name>ll_cmp28.asm.obj</name>
      </input_file>
      <input_file id="fl-39">
         <path>C:\ti\ccs2041\ccs\tools\compiler\ti-cgt-c2000_22.6.3.LTS\lib\</path>
         <kind>archive</kind>
         <file>rts2800_fpu32_eabi.lib</file>
         <name>ll_div28.asm.obj</name>
      </input_file>
      <input_file id="fl-3a">
         <path>C:\ti\ccs2041\ccs\tools\compiler\ti-cgt-c2000_22.6.3.LTS\lib\</path>
         <kind>archive</kind>
         <file>rts2800_fpu32_eabi.lib</file>
         <name>i_tofd28.asm.obj</name>
      </input_file>
      <input_file id="fl-3b">
         <path>C:\ti\ccs2041\ccs\tools\compiler\ti-cgt-c2000_22.6.3.LTS\lib\</path>
         <kind>archive</kind>
         <file>rts2800_fpu32_eabi.lib</file>
         <name>l_tofd28.asm.obj</name>
      </input_file>
      <input_file id="fl-3c">
         <path>C:\ti\ccs2041\ccs\tools\compiler\ti-cgt-c2000_22.6.3.LTS\lib\</path>
         <kind>archive</kind>
         <file>rts2800_fpu32_eabi.lib</file>
         <name>fd_div28.asm.obj</name>
      </input_file>
      <input_file id="fl-3d">
         <path>C:\ti\ccs2041\ccs\tools\compiler\ti-cgt-c2000_22.6.3.LTS\lib\</path>
         <kind>archive</kind>
         <file>rts2800_fpu32_eabi.lib</file>
         <name>cpy_tbl.c.obj</name>
      </input_file>
      <input_file id="fl-3e">
         <path>C:\ti\ccs2041\ccs\tools\compiler\ti-cgt-c2000_22.6.3.LTS\lib\</path>
         <kind>archive</kind>
         <file>rts2800_fpu32_eabi.lib</file>
         <name>startup.c.obj</name>
      </input_file>
      <input_file id="fl-3f">
         <path>C:\ti\ccs2041\ccs\tools\compiler\ti-cgt-c2000_22.6.3.LTS\lib\</path>
         <kind>archive</kind>
         <file>rts2800_fpu32_eabi.lib</file>
         <name>_ltoa.c.obj</name>
      </input_file>
      <input_file id="fl-40">
         <path>C:\ti\ccs2041\ccs\tools\compiler\ti-cgt-c2000_22.6.3.LTS\lib\</path>
         <kind>archive</kind>
         <file>rts2800_fpu32_eabi.lib</file>
         <name>atoi.c.obj</name>
      </input_file>
      <input_file id="fl-41">
         <path>C:\ti\ccs2041\ccs\tools\compiler\ti-cgt-c2000_22.6.3.LTS\lib\</path>
         <kind>archive</kind>
         <file>rts2800_fpu32_eabi.lib</file>
         <name>ctype.c.obj</name>
      </input_file>
      <input_file id="fl-42">
         <path>C:\ti\ccs2041\ccs\tools\compiler\ti-cgt-c2000_22.6.3.LTS\lib\</path>
         <kind>archive</kind>
         <file>rts2800_fpu32_eabi.lib</file>
         <name>memccpy.c.obj</name>
      </input_file>
      <input_file id="fl-43">
         <path>C:\ti\ccs2041\ccs\tools\compiler\ti-cgt-c2000_22.6.3.LTS\lib\</path>
         <kind>archive</kind>
         <file>rts2800_fpu32_eabi.lib</file>
         <name>strchr.c.obj</name>
      </input_file>
      <input_file id="fl-44">
         <path>C:\ti\ccs2041\ccs\tools\compiler\ti-cgt-c2000_22.6.3.LTS\lib\</path>
         <kind>archive</kind>
         <file>rts2800_fpu32_eabi.lib</file>
         <name>strcpy.c.obj</name>
      </input_file>
      <input_file id="fl-45">
         <path>C:\ti\ccs2041\ccs\tools\compiler\ti-cgt-c2000_22.6.3.LTS\lib\</path>
         <kind>archive</kind>
         <file>rts2800_fpu32_eabi.lib</file>
         <name>strlen.c.obj</name>
      </input_file>
      <input_file id="fl-46">
         <path>C:\ti\ccs2041\ccs\tools\compiler\ti-cgt-c2000_22.6.3.LTS\lib\</path>
         <kind>archive</kind>
         <file>rts2800_fpu32_eabi.lib</file>
         <name>errno.c.obj</name>
      </input_file>
      <input_file id="fl-47">
         <path>C:\ti\ccs2041\ccs\tools\compiler\ti-cgt-c2000_22.6.3.LTS\lib\</path>
         <kind>archive</kind>
         <file>rts2800_fpu32_eabi.lib</file>
         <name>s_frexp.c.obj</name>
      </input_file>
      <input_file id="fl-48">
         <path>C:\ti\ccs2041\ccs\tools\compiler\ti-cgt-c2000_22.6.3.LTS\lib\</path>
         <kind>archive</kind>
         <file>rts2800_fpu32_eabi.lib</file>
         <name>s_scalbn.c.obj</name>
      </input_file>
      <input_file id="fl-49">
         <path>C:\ti\ccs2041\ccs\tools\compiler\ti-cgt-c2000_22.6.3.LTS\lib\</path>
         <kind>archive</kind>
         <file>rts2800_fpu32_eabi.lib</file>
         <name>s_copysign.c.obj</name>
      </input_file>
      <input_file id="fl-4a">
         <path>C:\ti\ccs2041\ccs\tools\compiler\ti-cgt-c2000_22.6.3.LTS\lib\</path>
         <kind>archive</kind>
         <file>rts2800_fpu32_eabi.lib</file>
         <name>fd_add28.asm.obj</name>
      </input_file>
      <input_file id="fl-4b">
         <path>C:\ti\ccs2041\ccs\tools\compiler\ti-cgt-c2000_22.6.3.LTS\lib\</path>
         <kind>archive</kind>
         <file>rts2800_fpu32_eabi.lib</file>
         <name>l_div28.asm.obj</name>
      </input_file>
   </input_file_list>
   <object_component_list>
      <object_component id="oc-476">
         <name>.cinit..data.load</name>
         <load_address>0x80008</load_address>
         <run_address>0x80008</run_address>
         <size>0xa</size>
      </object_component>
      <object_component id="oc-473">
         <name>__TI_handler_table</name>
         <load_address>0x80012</load_address>
         <run_address>0x80012</run_address>
         <size>0x6</size>
      </object_component>
      <object_component id="oc-47e">
         <name>.cinit..bss.1.load</name>
         <load_address>0x80018</load_address>
         <run_address>0x80018</run_address>
         <size>0x4</size>
      </object_component>
      <object_component id="oc-47f">
         <name>.cinit..bss.2.load</name>
         <load_address>0x8001c</load_address>
         <run_address>0x8001c</run_address>
         <size>0x4</size>
      </object_component>
      <object_component id="oc-480">
         <name>.cinit..bss.3.load</name>
         <load_address>0x80020</load_address>
         <run_address>0x80020</run_address>
         <size>0x4</size>
      </object_component>
      <object_component id="oc-474">
         <name>__TI_cinit_table</name>
         <load_address>0x80024</load_address>
         <run_address>0x80024</run_address>
         <size>0x10</size>
      </object_component>
      <object_component id="oc-40">
         <name>.text</name>
         <load_address>0x82000</load_address>
         <run_address>0x82000</run_address>
         <size>0x14c1</size>
         <input_file_ref idref="fl-3"/>
      </object_component>
      <object_component id="oc-87">
         <name>.text</name>
         <load_address>0x834c1</load_address>
         <run_address>0x834c1</run_address>
         <size>0xab2</size>
         <input_file_ref idref="fl-2"/>
      </object_component>
      <object_component id="oc-3a2">
         <name>.text</name>
         <load_address>0x83f73</load_address>
         <run_address>0x83f73</run_address>
         <size>0x8b</size>
         <input_file_ref idref="fl-3c"/>
      </object_component>
      <object_component id="oc-1b6">
         <name>.text</name>
         <load_address>0x83ffe</load_address>
         <run_address>0x83ffe</run_address>
         <size>0x2</size>
         <input_file_ref idref="fl-26"/>
      </object_component>
      <object_component id="oc-358">
         <name>.text</name>
         <load_address>0x84000</load_address>
         <run_address>0x84000</run_address>
         <size>0x6c2</size>
         <input_file_ref idref="fl-2f"/>
      </object_component>
      <object_component id="oc-2c1">
         <name>.text:__TI_printfi</name>
         <load_address>0x846c2</load_address>
         <run_address>0x846c2</run_address>
         <size>0x614</size>
         <input_file_ref idref="fl-2f"/>
      </object_component>
      <object_component id="oc-7e">
         <name>.text</name>
         <load_address>0x84cd6</load_address>
         <run_address>0x84cd6</run_address>
         <size>0x459</size>
         <input_file_ref idref="fl-4"/>
      </object_component>
      <object_component id="oc-3c">
         <name>.text:retain</name>
         <load_address>0x8512f</load_address>
         <run_address>0x8512f</run_address>
         <size>0x44c</size>
         <input_file_ref idref="fl-2"/>
      </object_component>
      <object_component id="oc-10a">
         <name>.text:SysCtl_setClock</name>
         <load_address>0x8557b</load_address>
         <run_address>0x8557b</run_address>
         <size>0x209</size>
         <input_file_ref idref="fl-14"/>
      </object_component>
      <object_component id="oc-344">
         <name>.text</name>
         <load_address>0x85784</load_address>
         <run_address>0x85784</run_address>
         <size>0x107</size>
         <input_file_ref idref="fl-39"/>
      </object_component>
      <object_component id="oc-3cc">
         <name>.text</name>
         <load_address>0x8588b</load_address>
         <run_address>0x8588b</run_address>
         <size>0xa9</size>
         <input_file_ref idref="fl-48"/>
      </object_component>
      <object_component id="oc-40a">
         <name>.text</name>
         <load_address>0x85934</load_address>
         <run_address>0x85934</run_address>
         <size>0x9c</size>
         <input_file_ref idref="fl-4a"/>
      </object_component>
      <object_component id="oc-2ac">
         <name>.text:SysCtl_selectXTAL</name>
         <load_address>0x859d0</load_address>
         <run_address>0x859d0</run_address>
         <size>0x90</size>
         <input_file_ref idref="fl-14"/>
      </object_component>
      <object_component id="oc-224">
         <name>.text</name>
         <load_address>0x85a60</load_address>
         <run_address>0x85a60</run_address>
         <size>0x88</size>
         <input_file_ref idref="fl-23"/>
      </object_component>
      <object_component id="oc-3a7">
         <name>.text</name>
         <load_address>0x85ae8</load_address>
         <run_address>0x85ae8</run_address>
         <size>0x83</size>
         <input_file_ref idref="fl-32"/>
      </object_component>
      <object_component id="oc-189">
         <name>.text:ADC_setINLTrim</name>
         <load_address>0x85b6b</load_address>
         <run_address>0x85b6b</run_address>
         <size>0x6f</size>
         <input_file_ref idref="fl-f"/>
      </object_component>
      <object_component id="oc-104">
         <name>.text:SysCtl_getDeviceParametric</name>
         <load_address>0x85bda</load_address>
         <run_address>0x85bda</run_address>
         <size>0x68</size>
         <input_file_ref idref="fl-14"/>
      </object_component>
      <object_component id="oc-18f">
         <name>.text:ADC_setOffsetTrim</name>
         <load_address>0x85c42</load_address>
         <run_address>0x85c42</run_address>
         <size>0x60</size>
         <input_file_ref idref="fl-f"/>
      </object_component>
      <object_component id="oc-3c6">
         <name>.text</name>
         <load_address>0x85ca2</load_address>
         <run_address>0x85ca2</run_address>
         <size>0x5a</size>
         <input_file_ref idref="fl-47"/>
      </object_component>
      <object_component id="oc-b3">
         <name>.text:GPIO_setPadConfig</name>
         <load_address>0x85cfc</load_address>
         <run_address>0x85cfc</run_address>
         <size>0x52</size>
         <input_file_ref idref="fl-11"/>
      </object_component>
      <object_component id="oc-116">
         <name>.text:SysCtl_getClock</name>
         <load_address>0x85d4e</load_address>
         <run_address>0x85d4e</run_address>
         <size>0x51</size>
         <input_file_ref idref="fl-14"/>
      </object_component>
      <object_component id="oc-218">
         <name>.text:SysCtl_selectOscSource</name>
         <load_address>0x85d9f</load_address>
         <run_address>0x85d9f</run_address>
         <size>0x48</size>
         <input_file_ref idref="fl-14"/>
      </object_component>
      <object_component id="oc-9b">
         <name>.text:SCI_clearInterruptStatus</name>
         <load_address>0x85de7</load_address>
         <run_address>0x85de7</run_address>
         <size>0x45</size>
         <input_file_ref idref="fl-13"/>
      </object_component>
      <object_component id="oc-a8">
         <name>.text:SCI_enableInterrupt</name>
         <load_address>0x85e2c</load_address>
         <run_address>0x85e2c</run_address>
         <size>0x44</size>
         <input_file_ref idref="fl-13"/>
      </object_component>
      <object_component id="oc-a2">
         <name>.text:SCI_setConfig</name>
         <load_address>0x85e70</load_address>
         <run_address>0x85e70</run_address>
         <size>0x3e</size>
         <input_file_ref idref="fl-13"/>
      </object_component>
      <object_component id="oc-147">
         <name>.text:Interrupt_initModule</name>
         <load_address>0x85eae</load_address>
         <run_address>0x85eae</run_address>
         <size>0x3d</size>
         <input_file_ref idref="fl-12"/>
      </object_component>
      <object_component id="oc-110">
         <name>.text:SysCtl_selectOscSourceAuxPLL</name>
         <load_address>0x85eeb</load_address>
         <run_address>0x85eeb</run_address>
         <size>0x3d</size>
         <input_file_ref idref="fl-14"/>
      </object_component>
      <object_component id="oc-c5">
         <name>.text:GPIO_setControllerCore</name>
         <load_address>0x85f28</load_address>
         <run_address>0x85f28</run_address>
         <size>0x37</size>
         <input_file_ref idref="fl-11"/>
      </object_component>
      <object_component id="oc-d2">
         <name>.text:GPIO_setPinConfig</name>
         <load_address>0x85f5f</load_address>
         <run_address>0x85f5f</run_address>
         <size>0x37</size>
         <input_file_ref idref="fl-11"/>
      </object_component>
      <object_component id="oc-b9">
         <name>.text:GPIO_setQualificationMode</name>
         <load_address>0x85f96</load_address>
         <run_address>0x85f96</run_address>
         <size>0x37</size>
         <input_file_ref idref="fl-11"/>
      </object_component>
      <object_component id="oc-129">
         <name>.text</name>
         <load_address>0x85fcd</load_address>
         <run_address>0x85fcd</run_address>
         <size>0x32</size>
         <input_file_ref idref="fl-20"/>
      </object_component>
      <object_component id="oc-2cd">
         <name>.text</name>
         <load_address>0x85fff</load_address>
         <run_address>0x85fff</run_address>
         <size>0x1</size>
         <input_file_ref idref="fl-3e"/>
      </object_component>
      <object_component id="oc-d8">
         <name>.text:Interrupt_enable</name>
         <load_address>0x86128</load_address>
         <run_address>0x86128</run_address>
         <size>0x37</size>
         <input_file_ref idref="fl-12"/>
      </object_component>
      <object_component id="oc-bf">
         <name>.text:GPIO_setDirectionMode</name>
         <load_address>0x8615f</load_address>
         <run_address>0x8615f</run_address>
         <size>0x31</size>
         <input_file_ref idref="fl-11"/>
      </object_component>
      <object_component id="oc-339">
         <name>.text</name>
         <load_address>0x86190</load_address>
         <run_address>0x86190</run_address>
         <size>0x31</size>
         <input_file_ref idref="fl-40"/>
      </object_component>
      <object_component id="oc-3b1">
         <name>.text</name>
         <load_address>0x861c1</load_address>
         <run_address>0x861c1</run_address>
         <size>0x30</size>
         <input_file_ref idref="fl-3f"/>
      </object_component>
      <object_component id="oc-cb">
         <name>.text:ADC_setMode</name>
         <load_address>0x861f1</load_address>
         <run_address>0x861f1</run_address>
         <size>0x2f</size>
         <input_file_ref idref="fl-f"/>
      </object_component>
      <object_component id="oc-24">
         <name>.text:decompress:lzss</name>
         <load_address>0x86220</load_address>
         <run_address>0x86220</run_address>
         <size>0x2e</size>
         <input_file_ref idref="fl-2a"/>
      </object_component>
      <object_component id="oc-260">
         <name>.text:__TI_auto_init_nobinit_nopinit</name>
         <load_address>0x8624e</load_address>
         <run_address>0x8624e</run_address>
         <size>0x2b</size>
         <input_file_ref idref="fl-27"/>
      </object_component>
      <object_component id="oc-398">
         <name>.text</name>
         <load_address>0x86279</load_address>
         <run_address>0x86279</run_address>
         <size>0x2a</size>
         <input_file_ref idref="fl-31"/>
      </object_component>
      <object_component id="oc-402">
         <name>.text</name>
         <load_address>0x862a3</load_address>
         <run_address>0x862a3</run_address>
         <size>0x2a</size>
         <input_file_ref idref="fl-4b"/>
      </object_component>
      <object_component id="oc-1c3">
         <name>.text</name>
         <load_address>0x862cd</load_address>
         <run_address>0x862cd</run_address>
         <size>0x29</size>
         <input_file_ref idref="fl-2b"/>
      </object_component>
      <object_component id="oc-305">
         <name>.text:CPUTimer_selectClockSource</name>
         <load_address>0x862f6</load_address>
         <run_address>0x862f6</run_address>
         <size>0x28</size>
         <input_file_ref idref="fl-14"/>
      </object_component>
      <object_component id="oc-1d7">
         <name>.text:Flash_setBankPowerUpDelay</name>
         <load_address>0x8631e</load_address>
         <run_address>0x8631e</run_address>
         <size>0x26</size>
         <input_file_ref idref="fl-10"/>
      </object_component>
      <object_component id="oc-419">
         <name>.text</name>
         <load_address>0x86344</load_address>
         <run_address>0x86344</run_address>
         <size>0x24</size>
         <input_file_ref idref="fl-49"/>
      </object_component>
      <object_component id="oc-3c1">
         <name>.text</name>
         <load_address>0x86368</load_address>
         <run_address>0x86368</run_address>
         <size>0x21</size>
         <input_file_ref idref="fl-35"/>
      </object_component>
      <object_component id="oc-379">
         <name>.text:CPUTimer_getTimerOverflowStatus</name>
         <load_address>0x86389</load_address>
         <run_address>0x86389</run_address>
         <size>0x1f</size>
         <input_file_ref idref="fl-14"/>
      </object_component>
      <object_component id="oc-3ac">
         <name>.text</name>
         <load_address>0x863a8</load_address>
         <run_address>0x863a8</run_address>
         <size>0x1f</size>
         <input_file_ref idref="fl-36"/>
      </object_component>
      <object_component id="oc-4a">
         <name>.text:Interrupt_initVectorTable</name>
         <load_address>0x863c7</load_address>
         <run_address>0x863c7</run_address>
         <size>0x1e</size>
         <input_file_ref idref="fl-12"/>
      </object_component>
      <object_component id="oc-33f">
         <name>.text</name>
         <load_address>0x863e5</load_address>
         <run_address>0x863e5</run_address>
         <size>0x1e</size>
         <input_file_ref idref="fl-38"/>
      </object_component>
      <object_component id="oc-3d2">
         <name>.text</name>
         <load_address>0x86403</load_address>
         <run_address>0x86403</run_address>
         <size>0x1d</size>
         <input_file_ref idref="fl-3a"/>
      </object_component>
      <object_component id="oc-63">
         <name>.text</name>
         <load_address>0x86420</load_address>
         <run_address>0x86420</run_address>
         <size>0x1d</size>
         <input_file_ref idref="fl-25"/>
      </object_component>
      <object_component id="oc-3b7">
         <name>.text</name>
         <load_address>0x8643d</load_address>
         <run_address>0x8643d</run_address>
         <size>0x1c</size>
         <input_file_ref idref="fl-3b"/>
      </object_component>
      <object_component id="oc-182">
         <name>.text:ADC_isBaseValid</name>
         <load_address>0x86459</load_address>
         <run_address>0x86459</run_address>
         <size>0x1b</size>
         <input_file_ref idref="fl-f"/>
      </object_component>
      <object_component id="oc-158">
         <name>.text:SCI_isBaseValid</name>
         <load_address>0x86474</load_address>
         <run_address>0x86474</run_address>
         <size>0x1b</size>
         <input_file_ref idref="fl-13"/>
      </object_component>
      <object_component id="oc-311">
         <name>.text:CPUTimer_startTimer</name>
         <load_address>0x8648f</load_address>
         <run_address>0x8648f</run_address>
         <size>0x1a</size>
         <input_file_ref idref="fl-14"/>
      </object_component>
      <object_component id="oc-11c">
         <name>.text:SysCtl_getLowSpeedClock</name>
         <load_address>0x864a9</load_address>
         <run_address>0x864a9</run_address>
         <size>0x1a</size>
         <input_file_ref idref="fl-14"/>
      </object_component>
      <object_component id="oc-96">
         <name>.text</name>
         <load_address>0x864c3</load_address>
         <run_address>0x864c3</run_address>
         <size>0x19</size>
         <input_file_ref idref="fl-24"/>
      </object_component>
      <object_component id="oc-167">
         <name>.text:SCI_disableModule</name>
         <load_address>0x864dc</load_address>
         <run_address>0x864dc</run_address>
         <size>0x18</size>
         <input_file_ref idref="fl-13"/>
      </object_component>
      <object_component id="oc-15f">
         <name>.text:SCI_performSoftwareReset</name>
         <load_address>0x864f4</load_address>
         <run_address>0x864f4</run_address>
         <size>0x18</size>
         <input_file_ref idref="fl-13"/>
      </object_component>
      <object_component id="oc-349">
         <name>.text</name>
         <load_address>0x8650c</load_address>
         <run_address>0x8650c</run_address>
         <size>0x18</size>
         <input_file_ref idref="fl-37"/>
      </object_component>
      <object_component id="oc-36d">
         <name>.text:CPUTimer_isBaseValid</name>
         <load_address>0x86524</load_address>
         <run_address>0x86524</run_address>
         <size>0x17</size>
         <input_file_ref idref="fl-14"/>
      </object_component>
      <object_component id="oc-f8">
         <name>.text</name>
         <load_address>0x8653b</load_address>
         <run_address>0x8653b</run_address>
         <size>0x17</size>
         <input_file_ref idref="fl-21"/>
      </object_component>
      <object_component id="oc-48">
         <name>.text:Interrupt_defaultHandler</name>
         <load_address>0x86552</load_address>
         <run_address>0x86552</run_address>
         <size>0x16</size>
         <input_file_ref idref="fl-12"/>
      </object_component>
      <object_component id="oc-2f9">
         <name>.text:CPUTimer_stopTimer</name>
         <load_address>0x86568</load_address>
         <run_address>0x86568</run_address>
         <size>0x14</size>
         <input_file_ref idref="fl-14"/>
      </object_component>
      <object_component id="oc-16d">
         <name>.text:SCI_enableModule</name>
         <load_address>0x8657c</load_address>
         <run_address>0x8657c</run_address>
         <size>0x13</size>
         <input_file_ref idref="fl-13"/>
      </object_component>
      <object_component id="oc-30b">
         <name>.text:CPUTimer_clearOverflowFlag</name>
         <load_address>0x8658f</load_address>
         <run_address>0x8658f</run_address>
         <size>0x12</size>
         <input_file_ref idref="fl-14"/>
      </object_component>
      <object_component id="oc-2f3">
         <name>.text:CPUTimer_disableInterrupt</name>
         <load_address>0x865a1</load_address>
         <run_address>0x865a1</run_address>
         <size>0x12</size>
         <input_file_ref idref="fl-14"/>
      </object_component>
      <object_component id="oc-2ff">
         <name>.text:CPUTimer_setPeriod</name>
         <load_address>0x865b3</load_address>
         <run_address>0x865b3</run_address>
         <size>0x11</size>
         <input_file_ref idref="fl-14"/>
      </object_component>
      <object_component id="oc-1ca">
         <name>.text:Flash_isCtrlBaseValid</name>
         <load_address>0x865c4</load_address>
         <run_address>0x865c4</run_address>
         <size>0x10</size>
         <input_file_ref idref="fl-10"/>
      </object_component>
      <object_component id="oc-1d1">
         <name>.text:Flash_isECCBaseValid</name>
         <load_address>0x865d4</load_address>
         <run_address>0x865d4</run_address>
         <size>0x10</size>
         <input_file_ref idref="fl-10"/>
      </object_component>
      <object_component id="oc-331">
         <name>.text</name>
         <load_address>0x865e4</load_address>
         <run_address>0x865e4</run_address>
         <size>0x10</size>
         <input_file_ref idref="fl-42"/>
      </object_component>
      <object_component id="oc-317">
         <name>.text:SysCtl_pollCpuTimer</name>
         <load_address>0x865f4</load_address>
         <run_address>0x865f4</run_address>
         <size>0xf</size>
         <input_file_ref idref="fl-14"/>
      </object_component>
      <object_component id="oc-176">
         <name>.text:GPIO_isPinValid</name>
         <load_address>0x86603</load_address>
         <run_address>0x86603</run_address>
         <size>0xe</size>
         <input_file_ref idref="fl-11"/>
      </object_component>
      <object_component id="oc-3bc">
         <name>.text</name>
         <load_address>0x86611</load_address>
         <run_address>0x86611</run_address>
         <size>0xe</size>
         <input_file_ref idref="fl-34"/>
      </object_component>
      <object_component id="oc-198">
         <name>.text:Interrupt_disableGlobal</name>
         <load_address>0x8661f</load_address>
         <run_address>0x8661f</run_address>
         <size>0xd</size>
         <input_file_ref idref="fl-12"/>
      </object_component>
      <object_component id="oc-19e">
         <name>.text:Interrupt_enableGlobal</name>
         <load_address>0x8662c</load_address>
         <run_address>0x8662c</run_address>
         <size>0xd</size>
         <input_file_ref idref="fl-12"/>
      </object_component>
      <object_component id="oc-1bd">
         <name>.text</name>
         <load_address>0x86639</load_address>
         <run_address>0x86639</run_address>
         <size>0xc</size>
         <input_file_ref idref="fl-2d"/>
      </object_component>
      <object_component id="oc-ae">
         <name>.text</name>
         <load_address>0x86645</load_address>
         <run_address>0x86645</run_address>
         <size>0xc</size>
         <input_file_ref idref="fl-22"/>
      </object_component>
      <object_component id="oc-3d7">
         <name>.text</name>
         <load_address>0x86651</load_address>
         <run_address>0x86651</run_address>
         <size>0xc</size>
         <input_file_ref idref="fl-43"/>
      </object_component>
      <object_component id="oc-212">
         <name>.text:SysCtl_isMCDClockFailureDetected</name>
         <load_address>0x8665d</load_address>
         <run_address>0x8665d</run_address>
         <size>0xb</size>
         <input_file_ref idref="fl-14"/>
      </object_component>
      <object_component id="oc-34e">
         <name>.text</name>
         <load_address>0x86668</load_address>
         <run_address>0x86668</run_address>
         <size>0xb</size>
         <input_file_ref idref="fl-30"/>
      </object_component>
      <object_component id="oc-54">
         <name>.text:Interrupt_illegalOperationHandler</name>
         <load_address>0x86673</load_address>
         <run_address>0x86673</run_address>
         <size>0xa</size>
         <input_file_ref idref="fl-12"/>
      </object_component>
      <object_component id="oc-5a">
         <name>.text:Interrupt_nmiHandler</name>
         <load_address>0x8667d</load_address>
         <run_address>0x8667d</run_address>
         <size>0xa</size>
         <input_file_ref idref="fl-12"/>
      </object_component>
      <object_component id="oc-21e">
         <name>.text:SysCtl_serviceWatchdog</name>
         <load_address>0x86687</load_address>
         <run_address>0x86687</run_address>
         <size>0x9</size>
         <input_file_ref idref="fl-14"/>
      </object_component>
      <object_component id="oc-2e7">
         <name>.text</name>
         <load_address>0x86690</load_address>
         <run_address>0x86690</run_address>
         <size>0x9</size>
         <input_file_ref idref="fl-2c"/>
      </object_component>
      <object_component id="oc-39d">
         <name>.text</name>
         <load_address>0x86699</load_address>
         <run_address>0x86699</run_address>
         <size>0x9</size>
         <input_file_ref idref="fl-33"/>
      </object_component>
      <object_component id="oc-2a">
         <name>.text:decompress:none</name>
         <load_address>0x866a2</load_address>
         <run_address>0x866a2</run_address>
         <size>0x8</size>
         <input_file_ref idref="fl-29"/>
      </object_component>
      <object_component id="oc-77">
         <name>.text</name>
         <load_address>0x866aa</load_address>
         <run_address>0x866aa</run_address>
         <size>0x8</size>
         <input_file_ref idref="fl-6"/>
      </object_component>
      <object_component id="oc-325">
         <name>.text</name>
         <load_address>0x866b2</load_address>
         <run_address>0x866b2</run_address>
         <size>0x8</size>
         <input_file_ref idref="fl-45"/>
      </object_component>
      <object_component id="oc-31d">
         <name>.text:SysCtl_resetMCD</name>
         <load_address>0x866ba</load_address>
         <run_address>0x866ba</run_address>
         <size>0x7</size>
         <input_file_ref idref="fl-14"/>
      </object_component>
      <object_component id="oc-f1">
         <name>.text</name>
         <load_address>0x866c1</load_address>
         <run_address>0x866c1</run_address>
         <size>0x7</size>
         <input_file_ref idref="fl-2e"/>
      </object_component>
      <object_component id="oc-71">
         <name>.text:decompress:ZI</name>
         <load_address>0x866c8</load_address>
         <run_address>0x866c8</run_address>
         <size>0x6</size>
         <input_file_ref idref="fl-28"/>
      </object_component>
      <object_component id="oc-32b">
         <name>.text</name>
         <load_address>0x866ce</load_address>
         <run_address>0x866ce</run_address>
         <size>0x5</size>
         <input_file_ref idref="fl-44"/>
      </object_component>
      <object_component id="oc-31">
         <name>codestart</name>
         <load_address>0x80000</load_address>
         <run_address>0x80000</run_address>
         <size>0x2</size>
         <input_file_ref idref="fl-6"/>
      </object_component>
      <object_component id="oc-60">
         <name>.stack</name>
         <uninitialized>true</uninitialized>
         <run_address>0x400</run_address>
         <size>0x0</size>
         <input_file_ref idref="fl-21"/>
      </object_component>
      <object_component id="oc-477">
         <name>.stack</name>
         <uninitialized>true</uninitialized>
         <run_address>0x400</run_address>
         <size>0x0</size>
      </object_component>
      <object_component id="oc-12f">
         <name>.bss:adc3TestResults</name>
         <uninitialized>true</uninitialized>
         <run_address>0xa80c</run_address>
         <size>0x640</size>
         <input_file_ref idref="fl-2"/>
      </object_component>
      <object_component id="oc-141">
         <name>.bss:adc2WindowResults</name>
         <uninitialized>true</uninitialized>
         <run_address>0xae4c</run_address>
         <size>0x140</size>
         <input_file_ref idref="fl-2"/>
      </object_component>
      <object_component id="oc-93">
         <name>.bss:adcComplete</name>
         <uninitialized>true</uninitialized>
         <run_address>0xaf8c</run_address>
         <size>0x4</size>
         <input_file_ref idref="fl-2"/>
      </object_component>
      <object_component id="oc-8d">
         <name>.bss:adcIndex</name>
         <uninitialized>true</uninitialized>
         <run_address>0xaf90</run_address>
         <size>0x4</size>
         <input_file_ref idref="fl-2"/>
      </object_component>
      <object_component id="oc-90">
         <name>.bss:adcSampleCount</name>
         <uninitialized>true</uninitialized>
         <run_address>0xaf94</run_address>
         <size>0x4</size>
         <input_file_ref idref="fl-2"/>
      </object_component>
      <object_component id="oc-138">
         <name>.bss:adc0TestResults</name>
         <uninitialized>true</uninitialized>
         <run_address>0xc000</run_address>
         <size>0x4b0</size>
         <input_file_ref idref="fl-2"/>
      </object_component>
      <object_component id="oc-135">
         <name>.bss:adc1TestResults</name>
         <uninitialized>true</uninitialized>
         <run_address>0xc4b0</run_address>
         <size>0x4b0</size>
         <input_file_ref idref="fl-2"/>
      </object_component>
      <object_component id="oc-132">
         <name>.bss:adc2TestResults</name>
         <uninitialized>true</uninitialized>
         <run_address>0xc960</run_address>
         <size>0x320</size>
         <input_file_ref idref="fl-2"/>
      </object_component>
      <object_component id="oc-144">
         <name>.bss:adc3WindowResults</name>
         <uninitialized>true</uninitialized>
         <run_address>0xcc80</run_address>
         <size>0x280</size>
         <input_file_ref idref="fl-2"/>
      </object_component>
      <object_component id="oc-126">
         <name>.bss:uartBuffer</name>
         <uninitialized>true</uninitialized>
         <run_address>0xcf00</run_address>
         <size>0x100</size>
         <input_file_ref idref="fl-2"/>
      </object_component>
      <object_component id="oc-13b">
         <name>.bss:adc0WindowResults</name>
         <uninitialized>true</uninitialized>
         <run_address>0xd000</run_address>
         <size>0x1e0</size>
         <input_file_ref idref="fl-2"/>
      </object_component>
      <object_component id="oc-13e">
         <name>.bss:adc1WindowResults</name>
         <uninitialized>true</uninitialized>
         <run_address>0xd1e0</run_address>
         <size>0x1e0</size>
         <input_file_ref idref="fl-2"/>
      </object_component>
      <object_component id="oc-84">
         <name>.bss:adcResults</name>
         <uninitialized>true</uninitialized>
         <run_address>0xd3c0</run_address>
         <size>0xc8</size>
         <input_file_ref idref="fl-2"/>
      </object_component>
      <object_component id="oc-14d">
         <name>.data</name>
         <load_address>0xa80a</load_address>
         <run_address>0xa80a</run_address>
         <size>0x1</size>
         <input_file_ref idref="fl-2"/>
      </object_component>
      <object_component id="oc-292">
         <name>.data</name>
         <load_address>0xa800</load_address>
         <run_address>0xa800</run_address>
         <size>0x6</size>
         <input_file_ref idref="fl-2b"/>
      </object_component>
      <object_component id="oc-295">
         <name>.data:_lock</name>
         <load_address>0xa806</load_address>
         <run_address>0xa806</run_address>
         <size>0x2</size>
         <input_file_ref idref="fl-2c"/>
      </object_component>
      <object_component id="oc-366">
         <name>.data:_unlock</name>
         <load_address>0xa808</load_address>
         <run_address>0xa808</run_address>
         <size>0x2</size>
         <input_file_ref idref="fl-2c"/>
      </object_component>
      <object_component id="oc-354">
         <name>.data</name>
         <load_address>0xa80b</load_address>
         <run_address>0xa80b</run_address>
         <size>0x1</size>
         <input_file_ref idref="fl-46"/>
      </object_component>
      <object_component id="oc-7d">
         <name>.const:.string</name>
         <load_address>0x90000</load_address>
         <run_address>0x90000</run_address>
         <size>0x607</size>
         <input_file_ref idref="fl-2"/>
      </object_component>
      <object_component id="oc-38a">
         <name>.const:.string:_ctypes_</name>
         <load_address>0x90607</load_address>
         <run_address>0x90607</run_address>
         <size>0x101</size>
         <input_file_ref idref="fl-41"/>
      </object_component>
      <object_component id="oc-a1">
         <name>.const:.string</name>
         <load_address>0x90708</load_address>
         <run_address>0x90708</run_address>
         <size>0xfa</size>
         <input_file_ref idref="fl-3"/>
      </object_component>
      <object_component id="oc-211">
         <name>.const:.string</name>
         <load_address>0x90802</load_address>
         <run_address>0x90802</run_address>
         <size>0xc2</size>
         <input_file_ref idref="fl-14"/>
      </object_component>
      <object_component id="oc-1d0">
         <name>.const:.string</name>
         <load_address>0x908c4</load_address>
         <run_address>0x908c4</run_address>
         <size>0xbf</size>
         <input_file_ref idref="fl-10"/>
      </object_component>
      <object_component id="oc-17c">
         <name>.const:.string</name>
         <load_address>0x90984</load_address>
         <run_address>0x90984</run_address>
         <size>0xbc</size>
         <input_file_ref idref="fl-11"/>
      </object_component>
      <object_component id="oc-15e">
         <name>.const:.string</name>
         <load_address>0x90a40</load_address>
         <run_address>0x90a40</run_address>
         <size>0xbb</size>
         <input_file_ref idref="fl-13"/>
      </object_component>
      <object_component id="oc-188">
         <name>.const:.string</name>
         <load_address>0x90afc</load_address>
         <run_address>0x90afc</run_address>
         <size>0x5d</size>
         <input_file_ref idref="fl-f"/>
      </object_component>
      <object_component id="oc-324">
         <name>.const:.string</name>
         <load_address>0x90b5a</load_address>
         <run_address>0x90b5a</run_address>
         <size>0x26</size>
         <input_file_ref idref="fl-2f"/>
      </object_component>
      <object_component id="oc-397">
         <name>.const</name>
         <load_address>0x90b80</load_address>
         <run_address>0x90b80</run_address>
         <size>0x1c</size>
         <input_file_ref idref="fl-2f"/>
      </object_component>
      <object_component id="oc-416">
         <name>.const</name>
         <load_address>0x90b9c</load_address>
         <run_address>0x90b9c</run_address>
         <size>0x1c</size>
         <input_file_ref idref="fl-48"/>
      </object_component>
      <object_component id="oc-411">
         <name>.const</name>
         <load_address>0x90bb8</load_address>
         <run_address>0x90bb8</run_address>
         <size>0x8</size>
         <input_file_ref idref="fl-47"/>
      </object_component>
      <object_component id="oc-fe">
         <name>.TI.ramfunc:Flash_initModule</name>
         <load_address>0x86000</load_address>
         <run_address>0x8000</run_address>
         <size>0x43</size>
         <input_file_ref idref="fl-10"/>
      </object_component>
      <object_component id="oc-1dd">
         <name>.TI.ramfunc:Flash_setBankPowerMode</name>
         <load_address>0x86043</load_address>
         <run_address>0x8043</run_address>
         <size>0x2c</size>
         <input_file_ref idref="fl-10"/>
      </object_component>
      <object_component id="oc-1f5">
         <name>.TI.ramfunc:Flash_setWaitstates</name>
         <load_address>0x8606f</load_address>
         <run_address>0x806f</run_address>
         <size>0x24</size>
         <input_file_ref idref="fl-10"/>
      </object_component>
      <object_component id="oc-1e3">
         <name>.TI.ramfunc:Flash_setPumpPowerMode</name>
         <load_address>0x86093</load_address>
         <run_address>0x8093</run_address>
         <size>0x1d</size>
         <input_file_ref idref="fl-10"/>
      </object_component>
      <object_component id="oc-1e9">
         <name>.TI.ramfunc:Flash_disableCache</name>
         <load_address>0x860b0</load_address>
         <run_address>0x80b0</run_address>
         <size>0x18</size>
         <input_file_ref idref="fl-10"/>
      </object_component>
      <object_component id="oc-1ef">
         <name>.TI.ramfunc:Flash_disablePrefetch</name>
         <load_address>0x860c8</load_address>
         <run_address>0x80c8</run_address>
         <size>0x18</size>
         <input_file_ref idref="fl-10"/>
      </object_component>
      <object_component id="oc-1fb">
         <name>.TI.ramfunc:Flash_enableCache</name>
         <load_address>0x860e0</load_address>
         <run_address>0x80e0</run_address>
         <size>0x17</size>
         <input_file_ref idref="fl-10"/>
      </object_component>
      <object_component id="oc-201">
         <name>.TI.ramfunc:Flash_enablePrefetch</name>
         <load_address>0x860f7</load_address>
         <run_address>0x80f7</run_address>
         <size>0x17</size>
         <input_file_ref idref="fl-10"/>
      </object_component>
      <object_component id="oc-207">
         <name>.TI.ramfunc:Flash_enableECC</name>
         <load_address>0x8610e</load_address>
         <run_address>0x810e</run_address>
         <size>0x16</size>
         <input_file_ref idref="fl-10"/>
      </object_component>
      <object_component id="oc-d1">
         <name>.TI.ramfunc</name>
         <load_address>0x86124</load_address>
         <run_address>0x8124</run_address>
         <size>0x4</size>
         <input_file_ref idref="fl-14"/>
      </object_component>
      <object_component id="oc-e1">
         <name>.debug_types</name>
         <load_address>0x0</load_address>
         <run_address>0x0</run_address>
         <size>0x1d57</size>
         <input_file_ref idref="fl-2"/>
      </object_component>
      <object_component id="oc-df">
         <name>.debug_types</name>
         <load_address>0x1d57</load_address>
         <run_address>0x1d57</run_address>
         <size>0x1f07</size>
         <input_file_ref idref="fl-3"/>
      </object_component>
      <object_component id="oc-123">
         <name>.debug_types</name>
         <load_address>0x3c5e</load_address>
         <run_address>0x3c5e</run_address>
         <size>0x58c</size>
         <input_file_ref idref="fl-4"/>
      </object_component>
      <object_component id="oc-196">
         <name>.debug_types</name>
         <load_address>0x41ea</load_address>
         <run_address>0x41ea</run_address>
         <size>0x19a</size>
         <input_file_ref idref="fl-f"/>
      </object_component>
      <object_component id="oc-20e">
         <name>.debug_types</name>
         <load_address>0x4384</load_address>
         <run_address>0x4384</run_address>
         <size>0x1d7</size>
         <input_file_ref idref="fl-10"/>
      </object_component>
      <object_component id="oc-17e">
         <name>.debug_types</name>
         <load_address>0x455b</load_address>
         <run_address>0x455b</run_address>
         <size>0x2c4</size>
         <input_file_ref idref="fl-11"/>
      </object_component>
      <object_component id="oc-e3">
         <name>.debug_types</name>
         <load_address>0x0</load_address>
         <run_address>0x0</run_address>
         <size>0x0</size>
         <input_file_ref idref="fl-12"/>
      </object_component>
      <object_component id="oc-166">
         <name>.debug_types</name>
         <load_address>0x481f</load_address>
         <run_address>0x481f</run_address>
         <size>0xe3</size>
         <input_file_ref idref="fl-13"/>
      </object_component>
      <object_component id="oc-210">
         <name>.debug_types</name>
         <load_address>0x4902</load_address>
         <run_address>0x4902</run_address>
         <size>0x254</size>
         <input_file_ref idref="fl-14"/>
      </object_component>
      <object_component id="oc-234">
         <name>.debug_types</name>
         <load_address>0x4b56</load_address>
         <run_address>0x4b56</run_address>
         <size>0x2c2</size>
         <input_file_ref idref="fl-20"/>
      </object_component>
      <object_component id="oc-eb">
         <name>.debug_types</name>
         <load_address>0x4e18</load_address>
         <run_address>0x4e18</run_address>
         <size>0x89</size>
         <input_file_ref idref="fl-25"/>
      </object_component>
      <object_component id="oc-25f">
         <name>.debug_types</name>
         <load_address>0x0</load_address>
         <run_address>0x0</run_address>
         <size>0x0</size>
         <input_file_ref idref="fl-26"/>
      </object_component>
      <object_component id="oc-2d4">
         <name>.debug_types</name>
         <load_address>0x4ea1</load_address>
         <run_address>0x4ea1</run_address>
         <size>0x412</size>
         <input_file_ref idref="fl-27"/>
      </object_component>
      <object_component id="oc-f0">
         <name>.debug_types</name>
         <load_address>0x52b3</load_address>
         <run_address>0x52b3</run_address>
         <size>0x194</size>
         <input_file_ref idref="fl-28"/>
      </object_component>
      <object_component id="oc-6a">
         <name>.debug_types</name>
         <load_address>0x0</load_address>
         <run_address>0x0</run_address>
         <size>0x0</size>
         <input_file_ref idref="fl-29"/>
      </object_component>
      <object_component id="oc-62">
         <name>.debug_types</name>
         <load_address>0x5447</load_address>
         <run_address>0x5447</run_address>
         <size>0x191</size>
         <input_file_ref idref="fl-2a"/>
      </object_component>
      <object_component id="oc-299">
         <name>.debug_types</name>
         <load_address>0x55d8</load_address>
         <run_address>0x55d8</run_address>
         <size>0x90</size>
         <input_file_ref idref="fl-2b"/>
      </object_component>
      <object_component id="oc-2ef">
         <name>.debug_types</name>
         <load_address>0x5668</load_address>
         <run_address>0x5668</run_address>
         <size>0x2f</size>
         <input_file_ref idref="fl-2c"/>
      </object_component>
      <object_component id="oc-291">
         <name>.debug_types</name>
         <load_address>0x5697</load_address>
         <run_address>0x5697</run_address>
         <size>0xb6</size>
         <input_file_ref idref="fl-2d"/>
      </object_component>
      <object_component id="oc-1b5">
         <name>.debug_types</name>
         <load_address>0x0</load_address>
         <run_address>0x0</run_address>
         <size>0x0</size>
         <input_file_ref idref="fl-2e"/>
      </object_component>
      <object_component id="oc-338">
         <name>.debug_types</name>
         <load_address>0x574d</load_address>
         <run_address>0x574d</run_address>
         <size>0x9dd</size>
         <input_file_ref idref="fl-2f"/>
      </object_component>
      <object_component id="oc-393">
         <name>.debug_types</name>
         <load_address>0x612a</load_address>
         <run_address>0x612a</run_address>
         <size>0x160</size>
         <input_file_ref idref="fl-30"/>
      </object_component>
      <object_component id="oc-360">
         <name>.debug_types</name>
         <load_address>0x0</load_address>
         <run_address>0x0</run_address>
         <size>0x0</size>
         <input_file_ref idref="fl-3e"/>
      </object_component>
      <object_component id="oc-408">
         <name>.debug_types</name>
         <load_address>0x628a</load_address>
         <run_address>0x628a</run_address>
         <size>0x61</size>
         <input_file_ref idref="fl-3f"/>
      </object_component>
      <object_component id="oc-38e">
         <name>.debug_types</name>
         <load_address>0x62eb</load_address>
         <run_address>0x62eb</run_address>
         <size>0x34</size>
         <input_file_ref idref="fl-40"/>
      </object_component>
      <object_component id="oc-3f3">
         <name>.debug_types</name>
         <load_address>0x0</load_address>
         <run_address>0x0</run_address>
         <size>0x0</size>
         <input_file_ref idref="fl-41"/>
      </object_component>
      <object_component id="oc-386">
         <name>.debug_types</name>
         <load_address>0x0</load_address>
         <run_address>0x0</run_address>
         <size>0x0</size>
         <input_file_ref idref="fl-42"/>
      </object_component>
      <object_component id="oc-423">
         <name>.debug_types</name>
         <load_address>0x0</load_address>
         <run_address>0x0</run_address>
         <size>0x0</size>
         <input_file_ref idref="fl-43"/>
      </object_component>
      <object_component id="oc-384">
         <name>.debug_types</name>
         <load_address>0x631f</load_address>
         <run_address>0x631f</run_address>
         <size>0x34</size>
         <input_file_ref idref="fl-44"/>
      </object_component>
      <object_component id="oc-382">
         <name>.debug_types</name>
         <load_address>0x0</load_address>
         <run_address>0x0</run_address>
         <size>0x0</size>
         <input_file_ref idref="fl-45"/>
      </object_component>
      <object_component id="oc-396">
         <name>.debug_types</name>
         <load_address>0x0</load_address>
         <run_address>0x0</run_address>
         <size>0x0</size>
         <input_file_ref idref="fl-46"/>
      </object_component>
      <object_component id="oc-415">
         <name>.debug_types</name>
         <load_address>0x6353</load_address>
         <run_address>0x6353</run_address>
         <size>0x2f</size>
         <input_file_ref idref="fl-47"/>
      </object_component>
      <object_component id="oc-420">
         <name>.debug_types</name>
         <load_address>0x0</load_address>
         <run_address>0x0</run_address>
         <size>0x0</size>
         <input_file_ref idref="fl-48"/>
      </object_component>
      <object_component id="oc-434">
         <name>.debug_types</name>
         <load_address>0x0</load_address>
         <run_address>0x0</run_address>
         <size>0x0</size>
         <input_file_ref idref="fl-49"/>
      </object_component>
      <object_component id="oc-14e">
         <name>.debug_info</name>
         <load_address>0x0</load_address>
         <run_address>0x0</run_address>
         <size>0x120</size>
         <input_file_ref idref="fl-2"/>
      </object_component>
      <object_component id="oc-8e">
         <name>.debug_info</name>
         <load_address>0x120</load_address>
         <run_address>0x120</run_address>
         <size>0x118</size>
         <input_file_ref idref="fl-2"/>
      </object_component>
      <object_component id="oc-91">
         <name>.debug_info</name>
         <load_address>0x238</load_address>
         <run_address>0x238</run_address>
         <size>0x124</size>
         <input_file_ref idref="fl-2"/>
      </object_component>
      <object_component id="oc-94">
         <name>.debug_info</name>
         <load_address>0x35c</load_address>
         <run_address>0x35c</run_address>
         <size>0x11e</size>
         <input_file_ref idref="fl-2"/>
      </object_component>
      <object_component id="oc-85">
         <name>.debug_info</name>
         <load_address>0x47a</load_address>
         <run_address>0x47a</run_address>
         <size>0x11c</size>
         <input_file_ref idref="fl-2"/>
      </object_component>
      <object_component id="oc-127">
         <name>.debug_info</name>
         <load_address>0x596</load_address>
         <run_address>0x596</run_address>
         <size>0x11c</size>
         <input_file_ref idref="fl-2"/>
      </object_component>
      <object_component id="oc-142">
         <name>.debug_info</name>
         <load_address>0x6b2</load_address>
         <run_address>0x6b2</run_address>
         <size>0x12a</size>
         <input_file_ref idref="fl-2"/>
      </object_component>
      <object_component id="oc-13c">
         <name>.debug_info</name>
         <load_address>0x7dc</load_address>
         <run_address>0x7dc</run_address>
         <size>0x12a</size>
         <input_file_ref idref="fl-2"/>
      </object_component>
      <object_component id="oc-13f">
         <name>.debug_info</name>
         <load_address>0x906</load_address>
         <run_address>0x906</run_address>
         <size>0x12a</size>
         <input_file_ref idref="fl-2"/>
      </object_component>
      <object_component id="oc-145">
         <name>.debug_info</name>
         <load_address>0xa30</load_address>
         <run_address>0xa30</run_address>
         <size>0x12a</size>
         <input_file_ref idref="fl-2"/>
      </object_component>
      <object_component id="oc-133">
         <name>.debug_info</name>
         <load_address>0xb5a</load_address>
         <run_address>0xb5a</run_address>
         <size>0x126</size>
         <input_file_ref idref="fl-2"/>
      </object_component>
      <object_component id="oc-139">
         <name>.debug_info</name>
         <load_address>0xc80</load_address>
         <run_address>0xc80</run_address>
         <size>0x126</size>
         <input_file_ref idref="fl-2"/>
      </object_component>
      <object_component id="oc-136">
         <name>.debug_info</name>
         <load_address>0xda6</load_address>
         <run_address>0xda6</run_address>
         <size>0x126</size>
         <input_file_ref idref="fl-2"/>
      </object_component>
      <object_component id="oc-130">
         <name>.debug_info</name>
         <load_address>0xecc</load_address>
         <run_address>0xecc</run_address>
         <size>0x126</size>
         <input_file_ref idref="fl-2"/>
      </object_component>
      <object_component id="oc-8b">
         <name>.debug_info</name>
         <load_address>0xff2</load_address>
         <run_address>0xff2</run_address>
         <size>0x2fee</size>
         <input_file_ref idref="fl-2"/>
      </object_component>
      <object_component id="oc-46">
         <name>.debug_info</name>
         <load_address>0x3fe0</load_address>
         <run_address>0x3fe0</run_address>
         <size>0x873</size>
         <input_file_ref idref="fl-2"/>
      </object_component>
      <object_component id="oc-42">
         <name>.debug_info</name>
         <load_address>0x4853</load_address>
         <run_address>0x4853</run_address>
         <size>0x7320</size>
         <input_file_ref idref="fl-3"/>
      </object_component>
      <object_component id="oc-7f">
         <name>.debug_info</name>
         <load_address>0xbb73</load_address>
         <run_address>0xbb73</run_address>
         <size>0x16d8</size>
         <input_file_ref idref="fl-4"/>
      </object_component>
      <object_component id="oc-33">
         <name>.debug_info</name>
         <load_address>0xd24b</load_address>
         <run_address>0xd24b</run_address>
         <size>0x1ac</size>
         <input_file_ref idref="fl-6"/>
      </object_component>
      <object_component id="oc-79">
         <name>.debug_info</name>
         <load_address>0xd3f7</load_address>
         <run_address>0xd3f7</run_address>
         <size>0x1ad</size>
         <input_file_ref idref="fl-6"/>
      </object_component>
      <object_component id="oc-183">
         <name>.debug_info</name>
         <load_address>0xd5a4</load_address>
         <run_address>0xd5a4</run_address>
         <size>0x207</size>
         <input_file_ref idref="fl-f"/>
      </object_component>
      <object_component id="oc-cc">
         <name>.debug_info</name>
         <load_address>0xd7ab</load_address>
         <run_address>0xd7ab</run_address>
         <size>0x2bc</size>
         <input_file_ref idref="fl-f"/>
      </object_component>
      <object_component id="oc-18a">
         <name>.debug_info</name>
         <load_address>0xda67</load_address>
         <run_address>0xda67</run_address>
         <size>0x24a</size>
         <input_file_ref idref="fl-f"/>
      </object_component>
      <object_component id="oc-190">
         <name>.debug_info</name>
         <load_address>0xdcb1</load_address>
         <run_address>0xdcb1</run_address>
         <size>0x288</size>
         <input_file_ref idref="fl-f"/>
      </object_component>
      <object_component id="oc-1cb">
         <name>.debug_info</name>
         <load_address>0xdf39</load_address>
         <run_address>0xdf39</run_address>
         <size>0x21d</size>
         <input_file_ref idref="fl-10"/>
      </object_component>
      <object_component id="oc-1d4">
         <name>.debug_info</name>
         <load_address>0xe156</load_address>
         <run_address>0xe156</run_address>
         <size>0x219</size>
         <input_file_ref idref="fl-10"/>
      </object_component>
      <object_component id="oc-1f8">
         <name>.debug_info</name>
         <load_address>0xe36f</load_address>
         <run_address>0xe36f</run_address>
         <size>0x279</size>
         <input_file_ref idref="fl-10"/>
      </object_component>
      <object_component id="oc-1de">
         <name>.debug_info</name>
         <load_address>0xe5e8</load_address>
         <run_address>0xe5e8</run_address>
         <size>0x28f</size>
         <input_file_ref idref="fl-10"/>
      </object_component>
      <object_component id="oc-1e4">
         <name>.debug_info</name>
         <load_address>0xe877</load_address>
         <run_address>0xe877</run_address>
         <size>0x26e</size>
         <input_file_ref idref="fl-10"/>
      </object_component>
      <object_component id="oc-203">
         <name>.debug_info</name>
         <load_address>0xeae5</load_address>
         <run_address>0xeae5</run_address>
         <size>0x23f</size>
         <input_file_ref idref="fl-10"/>
      </object_component>
      <object_component id="oc-1f2">
         <name>.debug_info</name>
         <load_address>0xed24</load_address>
         <run_address>0xed24</run_address>
         <size>0x241</size>
         <input_file_ref idref="fl-10"/>
      </object_component>
      <object_component id="oc-1fe">
         <name>.debug_info</name>
         <load_address>0xef65</load_address>
         <run_address>0xef65</run_address>
         <size>0x239</size>
         <input_file_ref idref="fl-10"/>
      </object_component>
      <object_component id="oc-1eb">
         <name>.debug_info</name>
         <load_address>0xf19e</load_address>
         <run_address>0xf19e</run_address>
         <size>0x23b</size>
         <input_file_ref idref="fl-10"/>
      </object_component>
      <object_component id="oc-209">
         <name>.debug_info</name>
         <load_address>0xf3d9</load_address>
         <run_address>0xf3d9</run_address>
         <size>0x232</size>
         <input_file_ref idref="fl-10"/>
      </object_component>
      <object_component id="oc-1d8">
         <name>.debug_info</name>
         <load_address>0xf60b</load_address>
         <run_address>0xf60b</run_address>
         <size>0x27b</size>
         <input_file_ref idref="fl-10"/>
      </object_component>
      <object_component id="oc-ff">
         <name>.debug_info</name>
         <load_address>0xf886</load_address>
         <run_address>0xf886</run_address>
         <size>0x397</size>
         <input_file_ref idref="fl-10"/>
      </object_component>
      <object_component id="oc-17a">
         <name>.debug_info</name>
         <load_address>0xfc1d</load_address>
         <run_address>0xfc1d</run_address>
         <size>0x205</size>
         <input_file_ref idref="fl-11"/>
      </object_component>
      <object_component id="oc-c2">
         <name>.debug_info</name>
         <load_address>0xfe22</load_address>
         <run_address>0xfe22</run_address>
         <size>0x27d</size>
         <input_file_ref idref="fl-11"/>
      </object_component>
      <object_component id="oc-b7">
         <name>.debug_info</name>
         <load_address>0x1009f</load_address>
         <run_address>0x1009f</run_address>
         <size>0x266</size>
         <input_file_ref idref="fl-11"/>
      </object_component>
      <object_component id="oc-bc">
         <name>.debug_info</name>
         <load_address>0x10305</load_address>
         <run_address>0x10305</run_address>
         <size>0x2ae</size>
         <input_file_ref idref="fl-11"/>
      </object_component>
      <object_component id="oc-c8">
         <name>.debug_info</name>
         <load_address>0x105b3</load_address>
         <run_address>0x105b3</run_address>
         <size>0x296</size>
         <input_file_ref idref="fl-11"/>
      </object_component>
      <object_component id="oc-d6">
         <name>.debug_info</name>
         <load_address>0x10849</load_address>
         <run_address>0x10849</run_address>
         <size>0x24f</size>
         <input_file_ref idref="fl-11"/>
      </object_component>
      <object_component id="oc-1a0">
         <name>.debug_info</name>
         <load_address>0x10a98</load_address>
         <run_address>0x10a98</run_address>
         <size>0x1fe</size>
         <input_file_ref idref="fl-12"/>
      </object_component>
      <object_component id="oc-199">
         <name>.debug_info</name>
         <load_address>0x10c96</load_address>
         <run_address>0x10c96</run_address>
         <size>0x200</size>
         <input_file_ref idref="fl-12"/>
      </object_component>
      <object_component id="oc-148">
         <name>.debug_info</name>
         <load_address>0x10e96</load_address>
         <run_address>0x10e96</run_address>
         <size>0x20f</size>
         <input_file_ref idref="fl-12"/>
      </object_component>
      <object_component id="oc-51">
         <name>.debug_info</name>
         <load_address>0x110a5</load_address>
         <run_address>0x110a5</run_address>
         <size>0x21c</size>
         <input_file_ref idref="fl-12"/>
      </object_component>
      <object_component id="oc-55">
         <name>.debug_info</name>
         <load_address>0x112c1</load_address>
         <run_address>0x112c1</run_address>
         <size>0x202</size>
         <input_file_ref idref="fl-12"/>
      </object_component>
      <object_component id="oc-5d">
         <name>.debug_info</name>
         <load_address>0x114c3</load_address>
         <run_address>0x114c3</run_address>
         <size>0x1e8</size>
         <input_file_ref idref="fl-12"/>
      </object_component>
      <object_component id="oc-4c">
         <name>.debug_info</name>
         <load_address>0x116ab</load_address>
         <run_address>0x116ab</run_address>
         <size>0x20c</size>
         <input_file_ref idref="fl-12"/>
      </object_component>
      <object_component id="oc-da">
         <name>.debug_info</name>
         <load_address>0x118b7</load_address>
         <run_address>0x118b7</run_address>
         <size>0x2b3</size>
         <input_file_ref idref="fl-12"/>
      </object_component>
      <object_component id="oc-159">
         <name>.debug_info</name>
         <load_address>0x11b6a</load_address>
         <run_address>0x11b6a</run_address>
         <size>0x205</size>
         <input_file_ref idref="fl-13"/>
      </object_component>
      <object_component id="oc-16e">
         <name>.debug_info</name>
         <load_address>0x11d6f</load_address>
         <run_address>0x11d6f</run_address>
         <size>0x225</size>
         <input_file_ref idref="fl-13"/>
      </object_component>
      <object_component id="oc-168">
         <name>.debug_info</name>
         <load_address>0x11f94</load_address>
         <run_address>0x11f94</run_address>
         <size>0x227</size>
         <input_file_ref idref="fl-13"/>
      </object_component>
      <object_component id="oc-160">
         <name>.debug_info</name>
         <load_address>0x121bb</load_address>
         <run_address>0x121bb</run_address>
         <size>0x235</size>
         <input_file_ref idref="fl-13"/>
      </object_component>
      <object_component id="oc-a3">
         <name>.debug_info</name>
         <load_address>0x123f0</load_address>
         <run_address>0x123f0</run_address>
         <size>0x2b5</size>
         <input_file_ref idref="fl-13"/>
      </object_component>
      <object_component id="oc-a9">
         <name>.debug_info</name>
         <load_address>0x126a5</load_address>
         <run_address>0x126a5</run_address>
         <size>0x23e</size>
         <input_file_ref idref="fl-13"/>
      </object_component>
      <object_component id="oc-9d">
         <name>.debug_info</name>
         <load_address>0x128e3</load_address>
         <run_address>0x128e3</run_address>
         <size>0x268</size>
         <input_file_ref idref="fl-13"/>
      </object_component>
      <object_component id="oc-21f">
         <name>.debug_info</name>
         <load_address>0x12b4b</load_address>
         <run_address>0x12b4b</run_address>
         <size>0x1f2</size>
         <input_file_ref idref="fl-14"/>
      </object_component>
      <object_component id="oc-213">
         <name>.debug_info</name>
         <load_address>0x12d3d</load_address>
         <run_address>0x12d3d</run_address>
         <size>0x20e</size>
         <input_file_ref idref="fl-14"/>
      </object_component>
      <object_component id="oc-31e">
         <name>.debug_info</name>
         <load_address>0x12f4b</load_address>
         <run_address>0x12f4b</run_address>
         <size>0x1e4</size>
         <input_file_ref idref="fl-14"/>
      </object_component>
      <object_component id="oc-36e">
         <name>.debug_info</name>
         <load_address>0x1312f</load_address>
         <run_address>0x1312f</run_address>
         <size>0x217</size>
         <input_file_ref idref="fl-14"/>
      </object_component>
      <object_component id="oc-30c">
         <name>.debug_info</name>
         <load_address>0x13346</load_address>
         <run_address>0x13346</run_address>
         <size>0x244</size>
         <input_file_ref idref="fl-14"/>
      </object_component>
      <object_component id="oc-2f4">
         <name>.debug_info</name>
         <load_address>0x1358a</load_address>
         <run_address>0x1358a</run_address>
         <size>0x242</size>
         <input_file_ref idref="fl-14"/>
      </object_component>
      <object_component id="oc-2fa">
         <name>.debug_info</name>
         <load_address>0x137cc</load_address>
         <run_address>0x137cc</run_address>
         <size>0x24a</size>
         <input_file_ref idref="fl-14"/>
      </object_component>
      <object_component id="oc-312">
         <name>.debug_info</name>
         <load_address>0x13a16</load_address>
         <run_address>0x13a16</run_address>
         <size>0x24d</size>
         <input_file_ref idref="fl-14"/>
      </object_component>
      <object_component id="oc-300">
         <name>.debug_info</name>
         <load_address>0x13c63</load_address>
         <run_address>0x13c63</run_address>
         <size>0x24e</size>
         <input_file_ref idref="fl-14"/>
      </object_component>
      <object_component id="oc-37a">
         <name>.debug_info</name>
         <load_address>0x13eb1</load_address>
         <run_address>0x13eb1</run_address>
         <size>0x258</size>
         <input_file_ref idref="fl-14"/>
      </object_component>
      <object_component id="oc-308">
         <name>.debug_info</name>
         <load_address>0x14109</load_address>
         <run_address>0x14109</run_address>
         <size>0x27c</size>
         <input_file_ref idref="fl-14"/>
      </object_component>
      <object_component id="oc-319">
         <name>.debug_info</name>
         <load_address>0x14385</load_address>
         <run_address>0x14385</run_address>
         <size>0x241</size>
         <input_file_ref idref="fl-14"/>
      </object_component>
      <object_component id="oc-118">
         <name>.debug_info</name>
         <load_address>0x145c6</load_address>
         <run_address>0x145c6</run_address>
         <size>0x277</size>
         <input_file_ref idref="fl-14"/>
      </object_component>
      <object_component id="oc-10d">
         <name>.debug_info</name>
         <load_address>0x1483d</load_address>
         <run_address>0x1483d</run_address>
         <size>0x519</size>
         <input_file_ref idref="fl-14"/>
      </object_component>
      <object_component id="oc-2ae">
         <name>.debug_info</name>
         <load_address>0x14d56</load_address>
         <run_address>0x14d56</run_address>
         <size>0x3ba</size>
         <input_file_ref idref="fl-14"/>
      </object_component>
      <object_component id="oc-219">
         <name>.debug_info</name>
         <load_address>0x15110</load_address>
         <run_address>0x15110</run_address>
         <size>0x243</size>
         <input_file_ref idref="fl-14"/>
      </object_component>
      <object_component id="oc-113">
         <name>.debug_info</name>
         <load_address>0x15353</load_address>
         <run_address>0x15353</run_address>
         <size>0x23c</size>
         <input_file_ref idref="fl-14"/>
      </object_component>
      <object_component id="oc-11f">
         <name>.debug_info</name>
         <load_address>0x1558f</load_address>
         <run_address>0x1558f</run_address>
         <size>0x251</size>
         <input_file_ref idref="fl-14"/>
      </object_component>
      <object_component id="oc-107">
         <name>.debug_info</name>
         <load_address>0x157e0</load_address>
         <run_address>0x157e0</run_address>
         <size>0x241</size>
         <input_file_ref idref="fl-14"/>
      </object_component>
      <object_component id="oc-12c">
         <name>.debug_info</name>
         <load_address>0x15a21</load_address>
         <run_address>0x15a21</run_address>
         <size>0x2b1</size>
         <input_file_ref idref="fl-20"/>
      </object_component>
      <object_component id="oc-f9">
         <name>.debug_info</name>
         <load_address>0x15cd2</load_address>
         <run_address>0x15cd2</run_address>
         <size>0x140</size>
         <input_file_ref idref="fl-21"/>
      </object_component>
      <object_component id="oc-af">
         <name>.debug_info</name>
         <load_address>0x15e12</load_address>
         <run_address>0x15e12</run_address>
         <size>0x14c</size>
         <input_file_ref idref="fl-22"/>
      </object_component>
      <object_component id="oc-225">
         <name>.debug_info</name>
         <load_address>0x15f5e</load_address>
         <run_address>0x15f5e</run_address>
         <size>0x10f</size>
         <input_file_ref idref="fl-23"/>
      </object_component>
      <object_component id="oc-97">
         <name>.debug_info</name>
         <load_address>0x1606d</load_address>
         <run_address>0x1606d</run_address>
         <size>0x189</size>
         <input_file_ref idref="fl-24"/>
      </object_component>
      <object_component id="oc-64">
         <name>.debug_info</name>
[...]
      </symbol>
      <symbol id="sm-17b">
         <name>uartBuffer</name>
         <value>0xcf00</value>
         <object_component_ref idref="oc-126"/>
      </symbol>
      <symbol id="sm-17c">
         <name>INT_myADC0_2_ISR</name>
         <value>0x854e2</value>
         <object_component_ref idref="oc-3c"/>
      </symbol>
      <symbol id="sm-17d">
         <name>adc2WindowResults</name>
         <value>0xae4c</value>
         <object_component_ref idref="oc-141"/>
      </symbol>
      <symbol id="sm-20a">
         <name>INTERRUPT_init</name>
         <value>0x82a6c</value>
         <object_component_ref idref="oc-40"/>
      </symbol>
      <symbol id="sm-20b">
         <name>PinMux_init</name>
         <value>0x8296a</value>
         <object_component_ref idref="oc-40"/>
      </symbol>
      <symbol id="sm-20c">
         <name>SCI_init</name>
         <value>0x82000</value>
         <object_component_ref idref="oc-40"/>
      </symbol>
      <symbol id="sm-20d">
         <name>Board_init</name>
         <value>0x834ae</value>
         <object_component_ref idref="oc-40"/>
      </symbol>
      <symbol id="sm-20e">
         <name>GPIO_init</name>
         <value>0x820b2</value>
         <object_component_ref idref="oc-40"/>
      </symbol>
      <symbol id="sm-20f">
         <name>myBoardLED0_GPIO_init</name>
         <value>0x820b2</value>
         <object_component_ref idref="oc-40"/>
      </symbol>
      <symbol id="sm-210">
         <name>SYSCTL_init</name>
         <value>0x826af</value>
         <object_component_ref idref="oc-40"/>
      </symbol>
      <symbol id="sm-211">
         <name>ADC_init</name>
         <value>0x834a5</value>
         <object_component_ref idref="oc-40"/>
      </symbol>
      <symbol id="sm-212">
         <name>myADC2_init</name>
         <value>0x8239b</value>
         <object_component_ref idref="oc-40"/>
      </symbol>
      <symbol id="sm-213">
         <name>myADC3_init</name>
         <value>0x8221d</value>
         <object_component_ref idref="oc-40"/>
      </symbol>
      <symbol id="sm-214">
         <name>myADC0_init</name>
         <value>0x825a9</value>
         <object_component_ref idref="oc-40"/>
      </symbol>
      <symbol id="sm-215">
         <name>SYNC_init</name>
         <value>0x828d6</value>
         <object_component_ref idref="oc-40"/>
      </symbol>
      <symbol id="sm-216">
         <name>myADC1_init</name>
         <value>0x82490</value>
         <object_component_ref idref="oc-40"/>
      </symbol>
      <symbol id="sm-217">
         <name>EPWM_init</name>
         <value>0x82daa</value>
         <object_component_ref idref="oc-40"/>
      </symbol>
      <symbol id="sm-218">
         <name>mySCI0_init</name>
         <value>0x82000</value>
         <object_component_ref idref="oc-40"/>
      </symbol>
      <symbol id="sm-242">
         <name>Device_enableAllPeripherals</name>
         <value>0x84e7c</value>
         <object_component_ref idref="oc-7e"/>
      </symbol>
      <symbol id="sm-243">
         <name>Device_initGPIO</name>
         <value>0x84d19</value>
         <object_component_ref idref="oc-7e"/>
      </symbol>
      <symbol id="sm-244">
         <name>Device_bootCPU2</name>
         <value>0x84f67</value>
         <object_component_ref idref="oc-7e"/>
      </symbol>
      <symbol id="sm-245">
         <name>Device_init</name>
         <value>0x84db8</value>
         <object_component_ref idref="oc-7e"/>
      </symbol>
      <symbol id="sm-246">
         <name>Device_enableUnbondedGPIOPullups</name>
         <value>0x84d09</value>
         <object_component_ref idref="oc-7e"/>
      </symbol>
      <symbol id="sm-247">
         <name>__error__</name>
         <value>0x84cd6</value>
         <object_component_ref idref="oc-7e"/>
      </symbol>
      <symbol id="sm-248">
         <name>Device_configureTMXAnalogTrim</name>
         <value>0x84d63</value>
         <object_component_ref idref="oc-7e"/>
      </symbol>
      <symbol id="sm-249">
         <name>Device_enableUnbondedGPIOPullupsFor176Pin</name>
         <value>0x84cd9</value>
         <object_component_ref idref="oc-7e"/>
      </symbol>
      <symbol id="sm-24a">
         <name>Device_enableUnbondedGPIOPullupsFor100Pin</name>
         <value>0x84cec</value>
         <object_component_ref idref="oc-7e"/>
      </symbol>
      <symbol id="sm-25a">
         <name>code_start</name>
         <value>0x80000</value>
         <object_component_ref idref="oc-31"/>
      </symbol>
      <symbol id="sm-29b">
         <name>ADC_setOffsetTrim</name>
         <value>0x85c42</value>
         <object_component_ref idref="oc-18f"/>
      </symbol>
      <symbol id="sm-29c">
         <name>ADC_setMode</name>
         <value>0x861f1</value>
         <object_component_ref idref="oc-cb"/>
      </symbol>
      <symbol id="sm-29d">
         <name>ADC_setINLTrim</name>
         <value>0x85b6b</value>
         <object_component_ref idref="oc-189"/>
      </symbol>
      <symbol id="sm-317">
         <name>Flash_initModule</name>
         <value>0x8000</value>
         <object_component_ref idref="oc-fe"/>
      </symbol>
      <symbol id="sm-359">
         <name>GPIO_setQualificationMode</name>
         <value>0x85f96</value>
         <object_component_ref idref="oc-b9"/>
      </symbol>
      <symbol id="sm-35a">
         <name>GPIO_setPadConfig</name>
         <value>0x85cfc</value>
         <object_component_ref idref="oc-b3"/>
      </symbol>
      <symbol id="sm-35b">
         <name>GPIO_setDirectionMode</name>
         <value>0x8615f</value>
         <object_component_ref idref="oc-bf"/>
      </symbol>
      <symbol id="sm-35c">
         <name>GPIO_setPinConfig</name>
         <value>0x85f5f</value>
         <object_component_ref idref="oc-d2"/>
      </symbol>
      <symbol id="sm-35d">
         <name>GPIO_setControllerCore</name>
         <value>0x85f28</value>
         <object_component_ref idref="oc-c5"/>
      </symbol>
      <symbol id="sm-3ac">
         <name>Interrupt_defaultHandler</name>
         <value>0x86552</value>
         <object_component_ref idref="oc-48"/>
      </symbol>
      <symbol id="sm-3ad">
         <name>Interrupt_initModule</name>
         <value>0x85eae</value>
         <object_component_ref idref="oc-147"/>
      </symbol>
      <symbol id="sm-3ae">
         <name>Interrupt_nmiHandler</name>
         <value>0x8667d</value>
         <object_component_ref idref="oc-5a"/>
      </symbol>
      <symbol id="sm-3af">
         <name>Interrupt_enable</name>
         <value>0x86128</value>
         <object_component_ref idref="oc-d8"/>
      </symbol>
      <symbol id="sm-3b0">
         <name>Interrupt_initVectorTable</name>
         <value>0x863c7</value>
         <object_component_ref idref="oc-4a"/>
      </symbol>
      <symbol id="sm-3b1">
         <name>Interrupt_illegalOperationHandler</name>
         <value>0x86673</value>
         <object_component_ref idref="oc-54"/>
      </symbol>
      <symbol id="sm-402">
         <name>SCI_clearInterruptStatus</name>
         <value>0x85de7</value>
         <object_component_ref idref="oc-9b"/>
      </symbol>
      <symbol id="sm-403">
         <name>SCI_setConfig</name>
         <value>0x85e70</value>
         <object_component_ref idref="oc-a2"/>
      </symbol>
      <symbol id="sm-404">
         <name>SCI_enableInterrupt</name>
         <value>0x85e2c</value>
         <object_component_ref idref="oc-a8"/>
      </symbol>
      <symbol id="sm-4e9">
         <name>SysCtl_delay</name>
         <value>0x8124</value>
         <object_component_ref idref="oc-d1"/>
      </symbol>
      <symbol id="sm-4ea">
         <name>SysCtl_getDeviceParametric</name>
         <value>0x85bda</value>
         <object_component_ref idref="oc-104"/>
      </symbol>
      <symbol id="sm-4eb">
         <name>SysCtl_selectXTAL</name>
         <value>0x859d0</value>
         <object_component_ref idref="oc-2ac"/>
      </symbol>
      <symbol id="sm-4ec">
         <name>SysCtl_selectOscSource</name>
         <value>0x85d9f</value>
         <object_component_ref idref="oc-218"/>
      </symbol>
      <symbol id="sm-4ed">
         <name>SysCtl_getLowSpeedClock</name>
         <value>0x864a9</value>
         <object_component_ref idref="oc-11c"/>
      </symbol>
      <symbol id="sm-4ee">
         <name>SysCtl_setClock</name>
         <value>0x8557b</value>
         <object_component_ref idref="oc-10a"/>
      </symbol>
      <symbol id="sm-4ef">
         <name>SysCtl_getClock</name>
         <value>0x85d4e</value>
         <object_component_ref idref="oc-116"/>
      </symbol>
      <symbol id="sm-4f0">
         <name>SysCtl_selectOscSourceAuxPLL</name>
         <value>0x85eeb</value>
         <object_component_ref idref="oc-110"/>
      </symbol>
      <symbol id="sm-4ff">
         <name>sprintf</name>
         <value>0x85fcd</value>
         <object_component_ref idref="oc-129"/>
      </symbol>
      <symbol id="sm-509">
         <name>_c_int00</name>
         <value>0x8653b</value>
         <object_component_ref idref="oc-f8"/>
      </symbol>
      <symbol id="sm-50a">
         <name>__stack</name>
         <value>0x400</value>
         <object_component_ref idref="oc-60"/>
      </symbol>
      <symbol id="sm-512">
         <name>_epilog_c28x_1</name>
         <value>0x86645</value>
         <object_component_ref idref="oc-ae"/>
      </symbol>
      <symbol id="sm-513">
         <name>_epilog_c28x_2</name>
         <value>0x86649</value>
         <object_component_ref idref="oc-ae"/>
      </symbol>
      <symbol id="sm-520">
         <name>__c28xabi_divf</name>
         <value>0x85a60</value>
         <object_component_ref idref="oc-224"/>
      </symbol>
      <symbol id="sm-528">
         <name>_prolog_c28x_1</name>
         <value>0x864c3</value>
         <object_component_ref idref="oc-96"/>
      </symbol>
      <symbol id="sm-529">
         <name>_prolog_c28x_2</name>
         <value>0x864c7</value>
         <object_component_ref idref="oc-96"/>
      </symbol>
      <symbol id="sm-52a">
         <name>_prolog_c28x_3</name>
         <value>0x864cf</value>
         <object_component_ref idref="oc-96"/>
      </symbol>
      <symbol id="sm-53c">
         <name>memcpy</name>
         <value>0x86420</value>
         <object_component_ref idref="oc-63"/>
      </symbol>
      <symbol id="sm-549">
         <name>_system_pre_init</name>
         <value>0x83ffe</value>
         <object_component_ref idref="oc-1b6"/>
      </symbol>
      <symbol id="sm-558">
         <name>__TI_auto_init_nobinit_nopinit</name>
         <value>0x8624e</value>
         <object_component_ref idref="oc-260"/>
      </symbol>
      <symbol id="sm-565">
         <name>__TI_zero_init</name>
         <value>0x866c8</value>
         <object_component_ref idref="oc-71"/>
      </symbol>
      <symbol id="sm-572">
         <name>__TI_decompress_none</name>
         <value>0x866a2</value>
         <object_component_ref idref="oc-2a"/>
      </symbol>
      <symbol id="sm-586">
         <name>__TI_decompress_lzss</name>
         <value>0x86220</value>
         <object_component_ref idref="oc-24"/>
      </symbol>
      <symbol id="sm-59c">
         <name>C$$EXIT</name>
         <value>0x862cd</value>
         <object_component_ref idref="oc-1c3"/>
      </symbol>
      <symbol id="sm-59d">
         <name>abort</name>
         <value>0x862cd</value>
         <object_component_ref idref="oc-1c3"/>
      </symbol>
      <symbol id="sm-59e">
         <name>exit</name>
         <value>0x862cf</value>
         <object_component_ref idref="oc-1c3"/>
      </symbol>
      <symbol id="sm-59f">
         <name>__TI_dtors_ptr</name>
         <value>0xa804</value>
         <object_component_ref idref="oc-292"/>
      </symbol>
      <symbol id="sm-5a0">
         <name>__TI_cleanup_ptr</name>
         <value>0xa802</value>
         <object_component_ref idref="oc-292"/>
      </symbol>
      <symbol id="sm-5a1">
         <name>__TI_enable_exit_profile_output</name>
         <value>0xa800</value>
         <object_component_ref idref="oc-292"/>
      </symbol>
      <symbol id="sm-5b8">
         <name>_nop</name>
         <value>0x86698</value>
         <object_component_ref idref="oc-2e7"/>
      </symbol>
      <symbol id="sm-5b9">
         <name>_lock</name>
         <value>0xa806</value>
         <object_component_ref idref="oc-295"/>
      </symbol>
      <symbol id="sm-5ba">
         <name>_unlock</name>
         <value>0xa808</value>
         <object_component_ref idref="oc-366"/>
      </symbol>
      <symbol id="sm-5bb">
         <name>_register_lock</name>
         <value>0x86694</value>
         <object_component_ref idref="oc-2e7"/>
      </symbol>
      <symbol id="sm-5bc">
         <name>_register_unlock</name>
         <value>0x86690</value>
         <object_component_ref idref="oc-2e7"/>
      </symbol>
      <symbol id="sm-5cb">
         <name>_args_main</name>
         <value>0x86639</value>
         <object_component_ref idref="oc-1bd"/>
      </symbol>
      <symbol id="sm-5da">
         <name>memset</name>
         <value>0x866c1</value>
         <object_component_ref idref="oc-f1"/>
      </symbol>
      <symbol id="sm-742">
         <name>__TI_printfi</name>
         <value>0x84b51</value>
         <object_component_ref idref="oc-2c1"/>
      </symbol>
      <symbol id="sm-751">
         <name>wcslen</name>
         <value>0x86668</value>
         <object_component_ref idref="oc-34e"/>
      </symbol>
      <symbol id="sm-75d">
         <name>__c28xabi_cmpd</name>
         <value>0x86279</value>
         <object_component_ref idref="oc-398"/>
      </symbol>
      <symbol id="sm-76b">
         <name>__c28xabi_mpyd</name>
         <value>0x85ae8</value>
         <object_component_ref idref="oc-3a7"/>
      </symbol>
      <symbol id="sm-774">
         <name>__c28xabi_negd</name>
         <value>0x86699</value>
         <object_component_ref idref="oc-39d"/>
      </symbol>
      <symbol id="sm-77c">
         <name>__c28xabi_subd</name>
         <value>0x86611</value>
         <object_component_ref idref="oc-3bc"/>
      </symbol>
      <symbol id="sm-787">
         <name>__c28xabi_dtoi</name>
         <value>0x86368</value>
         <object_component_ref idref="oc-3c1"/>
      </symbol>
      <symbol id="sm-792">
         <name>__c28xabi_dtol</name>
         <value>0x863a8</value>
         <object_component_ref idref="oc-3ac"/>
      </symbol>
      <symbol id="sm-79a">
         <name>__c28xabi_orll</name>
         <value>0x86514</value>
         <object_component_ref idref="oc-349"/>
      </symbol>
      <symbol id="sm-79b">
         <name>__c28xabi_xorll</name>
         <value>0x8651c</value>
         <object_component_ref idref="oc-349"/>
      </symbol>
      <symbol id="sm-79c">
         <name>__c28xabi_andll</name>
         <value>0x8650c</value>
         <object_component_ref idref="oc-349"/>
      </symbol>
      <symbol id="sm-7a6">
         <name>__c28xabi_cmpll</name>
         <value>0x863e5</value>
         <object_component_ref idref="oc-33f"/>
      </symbol>
      <symbol id="sm-7a7">
         <name>__c28xabi_cmpull</name>
         <value>0x863f7</value>
         <object_component_ref idref="oc-33f"/>
      </symbol>
      <symbol id="sm-7ce">
         <name>__c28xabi_modull</name>
         <value>0x85829</value>
         <object_component_ref idref="oc-344"/>
      </symbol>
      <symbol id="sm-7cf">
         <name>__c28xabi_divull</name>
         <value>0x857fa</value>
         <object_component_ref idref="oc-344"/>
      </symbol>
      <symbol id="sm-7d0">
         <name>__c28xabi_divll</name>
         <value>0x85784</value>
         <object_component_ref idref="oc-344"/>
      </symbol>
      <symbol id="sm-7d1">
         <name>__c28xabi_modll</name>
         <value>0x857c0</value>
         <object_component_ref idref="oc-344"/>
      </symbol>
      <symbol id="sm-7dd">
         <name>__c28xabi_itod</name>
         <value>0x86403</value>
         <object_component_ref idref="oc-3d2"/>
      </symbol>
      <symbol id="sm-7e9">
         <name>__c28xabi_ltod</name>
         <value>0x8643d</value>
         <object_component_ref idref="oc-3b7"/>
      </symbol>
      <symbol id="sm-7fc">
         <name>__c28xabi_divd</name>
         <value>0x83f73</value>
         <object_component_ref idref="oc-3a2"/>
      </symbol>
      <symbol id="sm-80a">
         <name>_system_post_cinit</name>
         <value>0x85fff</value>
         <object_component_ref idref="oc-2cd"/>
      </symbol>
      <symbol id="sm-819">
         <name>__TI_ltoa</name>
         <value>0x861c1</value>
         <object_component_ref idref="oc-3b1"/>
      </symbol>
      <symbol id="sm-82e">
         <name>atoi</name>
         <value>0x86190</value>
         <object_component_ref idref="oc-339"/>
      </symbol>
      <symbol id="sm-839">
         <name>_ctypes_</name>
         <value>0x90607</value>
         <object_component_ref idref="oc-38a"/>
      </symbol>
      <symbol id="sm-849">
         <name>memccpy</name>
         <value>0x865e4</value>
         <object_component_ref idref="oc-331"/>
      </symbol>
      <symbol id="sm-859">
         <name>strchr</name>
         <value>0x86651</value>
         <object_component_ref idref="oc-3d7"/>
      </symbol>
      <symbol id="sm-867">
         <name>strcpy</name>
         <value>0x866ce</value>
         <object_component_ref idref="oc-32b"/>
      </symbol>
      <symbol id="sm-875">
         <name>strlen</name>
         <value>0x866b2</value>
         <object_component_ref idref="oc-325"/>
      </symbol>
      <symbol id="sm-880">
         <name>errno</name>
         <value>0xa80b</value>
         <object_component_ref idref="oc-354"/>
      </symbol>
      <symbol id="sm-897">
         <name>frexpl</name>
         <value>0x85ca2</value>
         <object_component_ref idref="oc-3c6"/>
      </symbol>
      <symbol id="sm-898">
         <name>frexp</name>
         <value>0x85ca2</value>
         <object_component_ref idref="oc-3c6"/>
      </symbol>
      <symbol id="sm-8ba">
         <name>scalbn</name>
         <value>0x8588b</value>
         <object_component_ref idref="oc-3cc"/>
      </symbol>
      <symbol id="sm-8bb">
         <name>scalbnl</name>
         <value>0x8588b</value>
         <object_component_ref idref="oc-3cc"/>
      </symbol>
      <symbol id="sm-8bc">
         <name>ldexpl</name>
         <value>0x8588b</value>
         <object_component_ref idref="oc-3cc"/>
      </symbol>
      <symbol id="sm-8bd">
         <name>ldexp</name>
         <value>0x8588b</value>
         <object_component_ref idref="oc-3cc"/>
      </symbol>
      <symbol id="sm-8cb">
         <name>copysign</name>
         <value>0x86344</value>
         <object_component_ref idref="oc-419"/>
      </symbol>
      <symbol id="sm-8cc">
         <name>copysignl</name>
         <value>0x86344</value>
         <object_component_ref idref="oc-419"/>
      </symbol>
      <symbol id="sm-8e3">
         <name>__c28xabi_addd</name>
         <value>0x85934</value>
         <object_component_ref idref="oc-40a"/>
      </symbol>
      <symbol id="sm-8eb">
         <name>__c28xabi_divul</name>
         <value>0x862c0</value>
         <object_component_ref idref="oc-402"/>
      </symbol>
      <symbol id="sm-8ec">
         <name>__c28xabi_modul</name>
         <value>0x862c7</value>
         <object_component_ref idref="oc-402"/>
      </symbol>
      <symbol id="sm-8ed">
         <name>__c28xabi_modl</name>
         <value>0x862b2</value>
         <object_component_ref idref="oc-402"/>
      </symbol>
      <symbol id="sm-8ee">
         <name>__c28xabi_divl</name>
         <value>0x862a3</value>
         <object_component_ref idref="oc-402"/>
      </symbol>
      <symbol id="sm-8f0">
         <name>__c_args__</name>
         <value>0x0</value>
      </symbol>
   </symbol_table>
   <title>Link successful</title>
</link_info>
