******************************************************************************
             TMS320C2000 Linker PC v22.6.3                     
******************************************************************************
>> Linked Wed Feb 11 20:08:26 2026

OUTPUT FILE NAME:   <lab_ePWM_eCAP_controlcard.out>
ENTRY POINT SYMBOL: "code_start"  address: 00080000


MEMORY CONFIGURATION

         name            origin    length      used     unused   attr    fill
----------------------  --------  ---------  --------  --------  ----  --------
PAGE 0:
  RAMM0                 00000123   000002dd  00000000  000002dd  RWIX
  RAMLS0                00008000   00000800  00000128  000006d8  RWIX
  RAMLS1                00008800   00000800  00000000  00000800  RWIX
  RAMLS2                00009000   00000800  00000000  00000800  RWIX
  RAMLS3                00009800   00000800  00000000  00000800  RWIX
  RAMLS4                0000a000   00000800  00000000  00000800  RWIX
  RAMD0                 0000b000   00000800  00000000  00000800  RWIX
  RAMGS14               0001a000   00001000  00000000  00001000  RWIX
  RAMGS15               0001b000   00000ff8  00000000  00000ff8  RWIX
  BEGIN                 00080000   00000002  00000002  00000000  RWIX
  FLASHA                00080002   00001ffe  0000001e  00001fe0  RWIX
  FLASHB                00082000   00002000  00002000  00000000  RWIX
  FLASHC                00084000   00002000  00002000  00000000  RWIX
  FLASHD                00086000   00002000  0000070c  000018f4  RWIX
  FLASHE                00088000   00008000  00000000  00008000  RWIX
  FLASHF                00090000   00008000  00000be4  0000741c  RWIX
  FLASHG                00098000   00008000  00000000  00008000  RWIX
  FLASHH                000a0000   00008000  00000000  00008000  RWIX
  FLASHI                000a8000   00008000  00000000  00008000  RWIX
  FLASHJ                000b0000   00008000  00000000  00008000  RWIX
  FLASHK                000b8000   00002000  00000000  00002000  RWIX
  FLASHL                000ba000   00002000  00000000  00002000  RWIX
  FLASHM                000bc000   00002000  00000000  00002000  RWIX
  FLASHN                000be000   00001ff0  00000000  00001ff0  RWIX
  RESET                 003fffc0   00000002  00000000  00000002  RWIX

PAGE 1:
  BOOT_RSVD             00000002   00000121  00000000  00000121  RWIX
  RAMM1                 00000400   000003f8  00000100  000002f8  RWIX
  RAMLS5                0000a800   00000800  00000030  000007d0  RWIX
  RAMD1                 0000b800   00000800  00000000  00000800  RWIX
  RAMGS0                0000c000   00001000  00000cb8  00000348  RWIX
  RAMGS1                0000d000   00001000  00000000  00001000  RWIX
  RAMGS2                0000e000   00001000  00000000  00001000  RWIX
  RAMGS3                0000f000   00001000  00000000  00001000  RWIX
  RAMGS4                00010000   00001000  00000000  00001000  RWIX
  RAMGS5                00011000   00001000  00000000  00001000  RWIX
  RAMGS6                00012000   00001000  00000000  00001000  RWIX
  RAMGS7                00013000   00001000  00000000  00001000  RWIX
  RAMGS8                00014000   00001000  00000000  00001000  RWIX
  RAMGS9                00015000   00001000  00000000  00001000  RWIX
  RAMGS10               00016000   00001000  00000000  00001000  RWIX
  RAMGS11               00017000   00001000  00000000  00001000  RWIX
  RAMGS12               00018000   00001000  00000000  00001000  RWIX
  RAMGS13               00019000   00001000  00000000  00001000  RWIX
  CPU2TOCPU1RAM         0003f800   00000400  00000000  00000400  RWIX
  CPU1TOCPU2RAM         0003fc00   00000400  00000000  00000400  RWIX


SECTION ALLOCATION MAP

 output                                  attributes/
section   page    origin      length       input sections
--------  ----  ----------  ----------   ----------------
codestart 
*          0    00080000    00000002     
                  00080000    00000002     f2837xd_codestartbranch.obj (codestart)

.cinit     0    00080008    0000001e     
                  00080008    0000000b     (.cinit..data.load) [load image, compression = lzss]
                  00080013    00000001     --HOLE-- [fill = 0]
                  00080014    00000006     (__TI_handler_table)
                  0008001a    00000004     (.cinit..bss.load) [load image, compression = zero_init]
                  0008001e    00000008     (__TI_cinit_table)

.stack     1    00000400    00000100     UNINITIALIZED
                  00000400    00000100     --HOLE--

.reset     0    003fffc0    00000000     DSECT

.init_array 
*          0    00082000    00000000     UNINITIALIZED

.bss       1    0000c000    00000cb8     UNINITIALIZED
                  0000c000    00000280     zero.obj (.bss:adc3WindowResults)
                  0000c280    000001e0     zero.obj (.bss:adc0WindowResults)
                  0000c460    000001e0     zero.obj (.bss:adc1WindowResults)
                  0000c640    00000140     zero.obj (.bss:adc2WindowResults)
                  0000c780    00000140     zero.obj (.bss:adc3TestResults)
                  0000c8c0    00000100     zero.obj (.bss:uartBuffer)
                  0000c9c0    000000f0     zero.obj (.bss:adc0TestResults)
                  0000cab0    000000f0     zero.obj (.bss:adc1TestResults)
                  0000cba0    000000a0     zero.obj (.bss:adc2TestResults)
                  0000cc40    00000028     zero.obj (.bss:adc3Results)
                  0000cc68    0000001e     zero.obj (.bss:adc0Results)
                  0000cc86    0000001e     zero.obj (.bss:adc1Results)
                  0000cca4    00000014     zero.obj (.bss:adc2Results)

.data      1    0000a800    00000030     UNINITIALIZED
                  0000a800    00000006     rts2800_fpu32_eabi.lib : exit.c.obj (.data)
                  0000a806    00000004     zero.obj (.data:adc3Complete)
                  0000a80a    00000004     zero.obj (.data:adc3Index)
                  0000a80e    00000004     zero.obj (.data:adc3SampleCount)
                  0000a812    00000003     zero.obj (.data:adc0Complete)
                  0000a815    00000003     zero.obj (.data:adc0Index)
                  0000a818    00000003     zero.obj (.data:adc0SampleCount)
                  0000a81b    00000003     zero.obj (.data:adc1Complete)
                  0000a81e    00000003     zero.obj (.data:adc1Index)
                  0000a821    00000003     zero.obj (.data:adc1SampleCount)
                  0000a824    00000002     rts2800_fpu32_eabi.lib : _lock.c.obj (.data:_lock)
                  0000a826    00000002                            : _lock.c.obj (.data:_unlock)
                  0000a828    00000002     zero.obj (.data:adc2Complete)
                  0000a82a    00000002     zero.obj (.data:adc2Index)
                  0000a82c    00000002     zero.obj (.data:adc2SampleCount)
                  0000a82e    00000001     rts2800_fpu32_eabi.lib : errno.c.obj (.data)
                  0000a82f    00000001     zero.obj (.data)

.const     0    00090000    00000be4     
                  00090000    00000628     zero.obj (.const:.string)
                  00090628    00000101     rts2800_fpu32_eabi.lib : ctype.c.obj (.const:.string:_ctypes_)
                  00090729    00000001     --HOLE-- [fill = 0]
                  0009072a    000000fa     board.obj (.const:.string)
                  00090824    000000c2     driverlib_eabi.lib : sysctl.obj (.const:.string)
                  000908e6    000000bf                        : flash.obj (.const:.string)
                  000909a5    00000001     --HOLE-- [fill = 0]
                  000909a6    000000bc                        : gpio.obj (.const:.string)
                  00090a62    000000bb                        : sci.obj (.const:.string)
                  00090b1d    00000001     --HOLE-- [fill = 0]
                  00090b1e    0000005d                        : adc.obj (.const:.string)
                  00090b7b    00000001     --HOLE-- [fill = 0]
                  00090b7c    00000026     rts2800_fpu32_eabi.lib : _printfi.c.obj (.const:.string)
                  00090ba2    0000001c                            : _printfi.c.obj (.const)
                  00090bbe    00000002     --HOLE-- [fill = 0]
                  00090bc0    0000001c                            : s_scalbn.c.obj (.const)
                  00090bdc    00000008                            : s_frexp.c.obj (.const)

.TI.ramfunc 
*          0    00086000    00000128     RUN ADDR = 00008000
                  00086000    00000043     driverlib_eabi.lib : flash.obj (.TI.ramfunc:Flash_initModule)
                  00086043    0000002c                        : flash.obj (.TI.ramfunc:Flash_setBankPowerMode)
                  0008606f    00000024                        : flash.obj (.TI.ramfunc:Flash_setWaitstates)
                  00086093    0000001d                        : flash.obj (.TI.ramfunc:Flash_setPumpPowerMode)
                  000860b0    00000018                        : flash.obj (.TI.ramfunc:Flash_disableCache)
                  000860c8    00000018                        : flash.obj (.TI.ramfunc:Flash_disablePrefetch)
                  000860e0    00000017                        : flash.obj (.TI.ramfunc:Flash_enableCache)
                  000860f7    00000017                        : flash.obj (.TI.ramfunc:Flash_enablePrefetch)
                  0008610e    00000016                        : flash.obj (.TI.ramfunc:Flash_enableECC)
                  00086124    00000004                        : sysctl.obj (.TI.ramfunc)

GETBUFFER 
*          0    0003f800    00000000     DSECT

GETWRITEIDX 
*          0    0003f800    00000000     DSECT

PUTREADIDX 
*          0    0003f800    00000000     DSECT

.text.1    0    00082000    00002000     
                  00082000    000014c1     board.obj (.text)
                  000834c1    00000aeb     zero.obj (.text)
                  00083fac    00000052     driverlib_eabi.lib : gpio.obj (.text:GPIO_setPadConfig)
                  00083ffe    00000002     rts2800_fpu32_eabi.lib : pre_init.c.obj (.text)

.text.2    0    00084000    00002000     
                  00084000    000006c2     rts2800_fpu32_eabi.lib : _printfi.c.obj (.text)
                  000846c2    00000614                            : _printfi.c.obj (.text:__TI_printfi)
                  00084cd6    00000459     device.obj (.text)
                  0008512f    0000044c     zero.obj (.text:retain)
                  0008557b    00000209     driverlib_eabi.lib : sysctl.obj (.text:SysCtl_setClock)
                  00085784    00000107     rts2800_fpu32_eabi.lib : ll_div28.asm.obj (.text)
                  0008588b    000000a9                            : s_scalbn.c.obj (.text)
                  00085934    0000009c                            : fd_add28.asm.obj (.text)
                  000859d0    00000090     driverlib_eabi.lib : sysctl.obj (.text:SysCtl_selectXTAL)
                  00085a60    0000008b     rts2800_fpu32_eabi.lib : fd_div28.asm.obj (.text)
                  00085aeb    00000088                            : fs_div28.asm.obj (.text)
                  00085b73    00000083                            : fd_mpy28.asm.obj (.text)
                  00085bf6    0000006f     driverlib_eabi.lib : adc.obj (.text:ADC_setINLTrim)
                  00085c65    00000068                        : sysctl.obj (.text:SysCtl_getDeviceParametric)
                  00085ccd    00000060                        : adc.obj (.text:ADC_setOffsetTrim)
                  00085d2d    0000005a     rts2800_fpu32_eabi.lib : s_frexp.c.obj (.text)
                  00085d87    00000051     driverlib_eabi.lib : sysctl.obj (.text:SysCtl_getClock)
                  00085dd8    00000048                        : sysctl.obj (.text:SysCtl_selectOscSource)
                  00085e20    00000045                        : sci.obj (.text:SCI_clearInterruptStatus)
                  00085e65    00000044                        : sci.obj (.text:SCI_enableInterrupt)
                  00085ea9    0000003e                        : sci.obj (.text:SCI_setConfig)
                  00085ee7    0000003d                        : interrupt.obj (.text:Interrupt_initModule)
                  00085f24    0000003d                        : sysctl.obj (.text:SysCtl_selectOscSourceAuxPLL)
                  00085f61    00000037                        : gpio.obj (.text:GPIO_setControllerCore)
                  00085f98    00000037                        : gpio.obj (.text:GPIO_setPinConfig)
                  00085fcf    00000031                        : gpio.obj (.text:GPIO_setDirectionMode)

.text.3    0    00086128    000005e4     
                  00086128    00000037     driverlib_eabi.lib : gpio.obj (.text:GPIO_setQualificationMode)
                  0008615f    00000037                        : interrupt.obj (.text:Interrupt_enable)
                  00086196    00000032     rts2800_fpu32_eabi.lib : sprintf.c.obj (.text)
                  000861c8    00000031                            : atoi.c.obj (.text)
                  000861f9    00000030                            : _ltoa.c.obj (.text)
                  00086229    0000002f     driverlib_eabi.lib : adc.obj (.text:ADC_setMode)
                  00086258    0000002e     rts2800_fpu32_eabi.lib : copy_decompress_lzss.c.obj (.text:decompress:lzss)
                  00086286    0000002b                            : autoinit.c.obj (.text:__TI_auto_init_nobinit_nopinit)
                  000862b1    0000002a                            : fd_cmp28.asm.obj (.text)
                  000862db    0000002a                            : l_div28.asm.obj (.text)
                  00086305    00000029                            : exit.c.obj (.text)
                  0008632e    00000028     driverlib_eabi.lib : sysctl.obj (.text:CPUTimer_selectClockSource)
                  00086356    00000026                        : flash.obj (.text:Flash_setBankPowerUpDelay)
                  0008637c    00000024     rts2800_fpu32_eabi.lib : s_copysign.c.obj (.text)
                  000863a0    00000021                            : fd_toi28.asm.obj (.text)
                  000863c1    0000001f     driverlib_eabi.lib : sysctl.obj (.text:CPUTimer_getTimerOverflowStatus)
                  000863e0    0000001f     rts2800_fpu32_eabi.lib : fd_tol28.asm.obj (.text)
                  000863ff    0000001e     driverlib_eabi.lib : interrupt.obj (.text:Interrupt_initVectorTable)
                  0008641d    0000001e     rts2800_fpu32_eabi.lib : ll_cmp28.asm.obj (.text)
                  0008643b    0000001d                            : i_tofd28.asm.obj (.text)
                  00086458    0000001d                            : memcpy.c.obj (.text)
                  00086475    0000001c                            : l_tofd28.asm.obj (.text)
                  00086491    0000001b     driverlib_eabi.lib : adc.obj (.text:ADC_isBaseValid)
                  000864ac    0000001b                        : sci.obj (.text:SCI_isBaseValid)
                  000864c7    0000001a                        : sysctl.obj (.text:CPUTimer_startTimer)
                  000864e1    0000001a                        : sysctl.obj (.text:SysCtl_getLowSpeedClock)
                  000864fb    00000019     rts2800_fpu32_eabi.lib : prolog28.asm.obj (.text)
                  00086514    00000018     driverlib_eabi.lib : sci.obj (.text:SCI_disableModule)
                  0008652c    00000018                        : sci.obj (.text:SCI_performSoftwareReset)
                  00086544    00000018     rts2800_fpu32_eabi.lib : ll_aox28.asm.obj (.text)
                  0008655c    00000017     driverlib_eabi.lib : sysctl.obj (.text:CPUTimer_isBaseValid)
                  00086573    00000017     rts2800_fpu32_eabi.lib : boot28.asm.obj (.text)
                  0008658a    00000016     driverlib_eabi.lib : interrupt.obj (.text:Interrupt_defaultHandler)
                  000865a0    00000014                        : sysctl.obj (.text:CPUTimer_stopTimer)
                  000865b4    00000013                        : sci.obj (.text:SCI_enableModule)
                  000865c7    00000012                        : sysctl.obj (.text:CPUTimer_clearOverflowFlag)
                  000865d9    00000012                        : sysctl.obj (.text:CPUTimer_disableInterrupt)
                  000865eb    00000011                        : sysctl.obj (.text:CPUTimer_setPeriod)
                  000865fc    00000010                        : flash.obj (.text:Flash_isCtrlBaseValid)
                  0008660c    00000010                        : flash.obj (.text:Flash_isECCBaseValid)
                  0008661c    00000010     rts2800_fpu32_eabi.lib : memccpy.c.obj (.text)
                  0008662c    0000000f     driverlib_eabi.lib : sysctl.obj (.text:SysCtl_pollCpuTimer)
                  0008663b    0000000e                        : gpio.obj (.text:GPIO_isPinValid)
                  00086649    0000000e     rts2800_fpu32_eabi.lib : fd_sub28.asm.obj (.text)
                  00086657    0000000d     driverlib_eabi.lib : interrupt.obj (.text:Interrupt_disableGlobal)
                  00086664    0000000d                        : interrupt.obj (.text:Interrupt_enableGlobal)
                  00086671    0000000c     rts2800_fpu32_eabi.lib : args_main.c.obj (.text)
                  0008667d    0000000c                            : epilog28.asm.obj (.text)
                  00086689    0000000c                            : strchr.c.obj (.text)
                  00086695    0000000b     driverlib_eabi.lib : sysctl.obj (.text:SysCtl_isMCDClockFailureDetected)
                  000866a0    0000000b     rts2800_fpu32_eabi.lib : wcslen.c.obj (.text)
                  000866ab    0000000a     driverlib_eabi.lib : interrupt.obj (.text:Interrupt_illegalOperationHandler)
                  000866b5    0000000a                        : interrupt.obj (.text:Interrupt_nmiHandler)
                  000866bf    00000009                        : sysctl.obj (.text:SysCtl_serviceWatchdog)
                  000866c8    00000009     rts2800_fpu32_eabi.lib : _lock.c.obj (.text)
                  000866d1    00000009                            : fd_neg28.asm.obj (.text)
                  000866da    00000008                            : copy_decompress_none.c.obj (.text:decompress:none)
                  000866e2    00000008     f2837xd_codestartbranch.obj (.text)
                  000866ea    00000008     rts2800_fpu32_eabi.lib : strlen.c.obj (.text)
                  000866f2    00000007     driverlib_eabi.lib : sysctl.obj (.text:SysCtl_resetMCD)
                  000866f9    00000007     rts2800_fpu32_eabi.lib : memset.c.obj (.text)
                  00086700    00000006                            : copy_zero_init.c.obj (.text:decompress:ZI)
                  00086706    00000005                            : strcpy.c.obj (.text)
                  0008670b    00000001                            : startup.c.obj (.text)

MODULE SUMMARY

       Module                        code    ro data   rw data
       ------                        ----    -------   -------
    .\
       zero.obj                      3895    1576      3293   
       f2837xd_codestartbranch.obj   10      0         0      
    +--+-----------------------------+-------+---------+---------+
       Total:                        3905    1576      3293   
                                                              
    .\syscfg\
       board.obj                     5313    250       0      
       device.obj                    1113    0         0      
    +--+-----------------------------+-------+---------+---------+
       Total:                        6426    250       0      
                                                              
    C:\ti\C2000Ware_6_00_01_00\driverlib\f2837xd\driverlib\ccs\Debug\driverlib_eabi.lib
       sysctl.obj                    1252    194       0      
       flash.obj                     654     191       0      
       gpio.obj                      310     188       0      
       sci.obj                       293     187       0      
       adc.obj                       281     93        0      
       interrupt.obj                 214     0         0      
    +--+-----------------------------+-------+---------+---------+
       Total:                        3004    853       0      
                                                              
    C:\ti\ccs2040\ccs\tools\compiler\ti-cgt-c2000_22.6.3.LTS\lib\rts2800_fpu32_eabi.lib
       _printfi.c.obj                3286    66        0      
       ll_div28.asm.obj              263     0         0      
       ctype.c.obj                   0       257       0      
       s_scalbn.c.obj                169     28        0      
       fd_add28.asm.obj              156     0         0      
       fd_div28.asm.obj              139     0         0      
       fs_div28.asm.obj              136     0         0      
       fd_mpy28.asm.obj              131     0         0      
       s_frexp.c.obj                 90      8         0      
       sprintf.c.obj                 50      0         0      
       atoi.c.obj                    49      0         0      
       _ltoa.c.obj                   48      0         0      
       exit.c.obj                    41      0         6      
       copy_decompress_lzss.c.obj    46      0         0      
       autoinit.c.obj                43      0         0      
       fd_cmp28.asm.obj              42      0         0      
       l_div28.asm.obj               42      0         0      
       s_copysign.c.obj              36      0         0      
       fd_toi28.asm.obj              33      0         0      
       fd_tol28.asm.obj              31      0         0      
       ll_cmp28.asm.obj              30      0         0      
       i_tofd28.asm.obj              29      0         0      
       memcpy.c.obj                  29      0         0      
       l_tofd28.asm.obj              28      0         0      
       prolog28.asm.obj              25      0         0      
       ll_aox28.asm.obj              24      0         0      
       boot28.asm.obj                23      0         0      
       memccpy.c.obj                 16      0         0      
       fd_sub28.asm.obj              14      0         0      
       _lock.c.obj                   9       0         4      
       args_main.c.obj               12      0         0      
       epilog28.asm.obj              12      0         0      
       strchr.c.obj                  12      0         0      
       wcslen.c.obj                  11      0         0      
       fd_neg28.asm.obj              9       0         0      
       copy_decompress_none.c.obj    8       0         0      
       strlen.c.obj                  8       0         0      
       memset.c.obj                  7       0         0      
       copy_zero_init.c.obj          6       0         0      
       strcpy.c.obj                  5       0         0      
       pre_init.c.obj                2       0         0      
       errno.c.obj                   0       0         1      
       startup.c.obj                 1       0         0      
    +--+-----------------------------+-------+---------+---------+
       Total:                        5151    359       11     
                                                              
       Stack:                        0       0         256    
       Linker Generated:             0       29        0      
    +--+-----------------------------+-------+---------+---------+
       Grand Total:                  18486   3067      3560   


LINKER GENERATED COPY TABLES

__TI_cinit_table @ 0008001e records: 2, size/record: 4, table size: 8
	.data: load addr=00080008, load size=0000000b bytes, run addr=0000a800, run size=00000030 bytes, compression=lzss
	.bss: load addr=0008001a, load size=00000004 bytes, run addr=0000c000, run size=00000cb8 bytes, compression=zero_init


LINKER GENERATED HANDLER TABLE

__TI_handler_table @ 00080014 records: 3, size/record: 2, table size: 6
	index: 0, handler: __TI_zero_init
	index: 1, handler: __TI_decompress_lzss
	index: 2, handler: __TI_decompress_none


GLOBAL DATA SYMBOLS: SORTED BY DATA PAGE

address     data page           name
--------    ----------------    ----
00000400      10 (00000400)     __stack

0000a800     2a0 (0000a800)     __TI_enable_exit_profile_output
0000a802     2a0 (0000a800)     __TI_cleanup_ptr
0000a804     2a0 (0000a800)     __TI_dtors_ptr
0000a806     2a0 (0000a800)     adc3Complete
0000a80a     2a0 (0000a800)     adc3Index
0000a80e     2a0 (0000a800)     adc3SampleCount
0000a812     2a0 (0000a800)     adc0Complete
0000a815     2a0 (0000a800)     adc0Index
0000a818     2a0 (0000a800)     adc0SampleCount
0000a81b     2a0 (0000a800)     adc1Complete
0000a81e     2a0 (0000a800)     adc1Index
0000a821     2a0 (0000a800)     adc1SampleCount
0000a824     2a0 (0000a800)     _lock
0000a826     2a0 (0000a800)     _unlock
0000a828     2a0 (0000a800)     adc2Complete
0000a82a     2a0 (0000a800)     adc2Index
0000a82c     2a0 (0000a800)     adc2SampleCount
0000a82e     2a0 (0000a800)     errno
0000a82f     2a0 (0000a800)     systemSynced

0000c000     300 (0000c000)     adc3WindowResults

0000c280     30a (0000c280)     adc0WindowResults

0000c460     311 (0000c440)     adc1WindowResults

0000c640     319 (0000c640)     adc2WindowResults

0000c780     31e (0000c780)     adc3TestResults

0000c8c0     323 (0000c8c0)     uartBuffer

0000c9c0     327 (0000c9c0)     adc0TestResults

0000cab0     32a (0000ca80)     adc1TestResults

0000cba0     32e (0000cb80)     adc2TestResults

0000cc40     331 (0000cc40)     adc3Results
0000cc68     331 (0000cc40)     adc0Results

0000cc86     332 (0000cc80)     adc1Results
0000cca4     332 (0000cc80)     adc2Results

00090628    2418 (00090600)     _ctypes_


GLOBAL SYMBOLS: SORTED ALPHABETICALLY BY Name 

page  address   name                                     
----  -------   ----                                     
0     000834a5  ADC_init                                 
0     00085bf6  ADC_setINLTrim                           
0     00086229  ADC_setMode                              
0     00085ccd  ADC_setOffsetTrim                        
0     000834ae  Board_init                               
0     00086305  C$$EXIT                                  
0     00084f67  Device_bootCPU2                          
0     00084d63  Device_configureTMXAnalogTrim            
0     00084e7c  Device_enableAllPeripherals              
0     00084d09  Device_enableUnbondedGPIOPullups         
0     00084cec  Device_enableUnbondedGPIOPullupsFor100Pin
0     00084cd9  Device_enableUnbondedGPIOPullupsFor176Pin
0     00084db8  Device_init                              
0     00084d19  Device_initGPIO                          
0     00082daa  EPWM_init                                
0     00008000  Flash_initModule                         
0     000820b2  GPIO_init                                
0     00085f61  GPIO_setControllerCore                   
0     00085fcf  GPIO_setDirectionMode                    
0     00083fac  GPIO_setPadConfig                        
0     00085f98  GPIO_setPinConfig                        
0     00086128  GPIO_setQualificationMode                
0     00082a6c  INTERRUPT_init                           
0     0008552f  INT_myADC0_1_ISR                         
0     000854e2  INT_myADC0_2_ISR                         
0     00085495  INT_myADC0_3_ISR                         
0     00085435  INT_myADC1_1_ISR                         
0     000853d4  INT_myADC1_2_ISR                         
0     00085373  INT_myADC1_3_ISR                         
0     00085313  INT_myADC2_1_ISR                         
0     000852b2  INT_myADC2_2_ISR                         
0     00085252  INT_myADC3_1_ISR                         
0     000851f1  INT_myADC3_2_ISR                         
0     00085190  INT_myADC3_3_ISR                         
0     0008512f  INT_myADC3_4_ISR                         
0     0008658a  Interrupt_defaultHandler                 
0     0008615f  Interrupt_enable                         
0     000866ab  Interrupt_illegalOperationHandler        
0     00085ee7  Interrupt_initModule                     
0     000863ff  Interrupt_initVectorTable                
0     000866b5  Interrupt_nmiHandler                     
0     0008296a  PinMux_init                              
0     00086128  RamfuncsLoadEnd                          
abs   00000128  RamfuncsLoadSize                         
0     00086000  RamfuncsLoadStart                        
0     00008128  RamfuncsRunEnd                           
abs   00000128  RamfuncsRunSize                          
0     00008000  RamfuncsRunStart                         
0     00083da7  ReconfigureandsetAcquisitionWindowADC0   
0     00083dde  ReconfigureandsetAcquisitionWindowADC1   
0     00083e15  ReconfigureandsetAcquisitionWindowADC2   
0     00083fab  ReconfigureandsetAcquisitionWindowADC3   
0     00085e20  SCI_clearInterruptStatus                 
0     00085e65  SCI_enableInterrupt                      
0     00082000  SCI_init                                 
0     00085ea9  SCI_setConfig                            
0     000828d6  SYNC_init                                
0     000826af  SYSCTL_init                              
0     00008124  SysCtl_delay                             
0     00085d87  SysCtl_getClock                          
0     00085c65  SysCtl_getDeviceParametric               
0     000864e1  SysCtl_getLowSpeedClock                  
0     00085dd8  SysCtl_selectOscSource                   
0     00085f24  SysCtl_selectOscSourceAuxPLL             
0     000859d0  SysCtl_selectXTAL                        
0     0008557b  SysCtl_setClock                          
0     00083f5c  UART_readChar                            
0     000834c1  UART_writeString                         
0     0008001e  __TI_CINIT_Base                          
0     00080026  __TI_CINIT_Limit                         
0     00080026  __TI_CINIT_Warm                          
0     00080014  __TI_Handler_Table_Base                  
0     0008001a  __TI_Handler_Table_Limit                 
1     00000500  __TI_STACK_END                           
abs   00000100  __TI_STACK_SIZE                          
0     00086286  __TI_auto_init_nobinit_nopinit           
1     0000a802  __TI_cleanup_ptr                         
0     00086258  __TI_decompress_lzss                     
0     000866da  __TI_decompress_none                     
1     0000a804  __TI_dtors_ptr                           
1     0000a800  __TI_enable_exit_profile_output          
0     000861f9  __TI_ltoa                                
abs   ffffffff  __TI_pprof_out_hndl                      
0     00084b51  __TI_printfi                             
abs   ffffffff  __TI_prof_data_size                      
abs   ffffffff  __TI_prof_data_start                     
0     00086700  __TI_zero_init                           
0     00085934  __c28xabi_addd                           
0     00086544  __c28xabi_andll                          
0     000862b1  __c28xabi_cmpd                           
0     0008641d  __c28xabi_cmpll                          
0     0008642f  __c28xabi_cmpull                         
0     00085a60  __c28xabi_divd                           
0     00085aeb  __c28xabi_divf                           
0     000862db  __c28xabi_divl                           
0     00085784  __c28xabi_divll                          
0     000862f8  __c28xabi_divul                          
0     000857fa  __c28xabi_divull                         
0     000863a0  __c28xabi_dtoi                           
0     000863e0  __c28xabi_dtol                           
0     0008643b  __c28xabi_itod                           
0     00086475  __c28xabi_ltod                           
0     000862ea  __c28xabi_modl                           
0     000857c0  __c28xabi_modll                          
0     000862ff  __c28xabi_modul                          
0     00085829  __c28xabi_modull                         
0     00085b73  __c28xabi_mpyd                           
0     000866d1  __c28xabi_negd                           
0     0008654c  __c28xabi_orll                           
0     00086649  __c28xabi_subd                           
0     00086554  __c28xabi_xorll                          
n/a   UNDEFED   __c_args__                               
0     00084cd6  __error__                                
1     00000400  __stack                                  
0     00086671  _args_main                               
0     00086573  _c_int00                                 
0     00090628  _ctypes_                                 
0     0008667d  _epilog_c28x_1                           
0     00086681  _epilog_c28x_2                           
1     0000a824  _lock                                    
0     000866d0  _nop                                     
0     000864fb  _prolog_c28x_1                           
0     000864ff  _prolog_c28x_2                           
0     00086507  _prolog_c28x_3                           
0     000866cc  _register_lock                           
0     000866c8  _register_unlock                         
0     0008670b  _system_post_cinit                       
0     00083ffe  _system_pre_init                         
1     0000a826  _unlock                                  
0     00086305  abort                                    
1     0000a812  adc0Complete                             
1     0000a815  adc0Index                                
1     0000cc68  adc0Results                              
1     0000a818  adc0SampleCount                          
1     0000c9c0  adc0TestResults                          
1     0000c280  adc0WindowResults                        
1     0000a81b  adc1Complete                             
1     0000a81e  adc1Index                                
1     0000cc86  adc1Results                              
1     0000a821  adc1SampleCount                          
1     0000cab0  adc1TestResults                          
1     0000c460  adc1WindowResults                        
1     0000a828  adc2Complete                             
1     0000a82a  adc2Index                                
1     0000cca4  adc2Results                              
1     0000a82c  adc2SampleCount                          
1     0000cba0  adc2TestResults                          
1     0000c640  adc2WindowResults                        
1     0000a806  adc3Complete                             
1     0000a80a  adc3Index                                
1     0000cc40  adc3Results                              
1     0000a80e  adc3SampleCount                          
1     0000c780  adc3TestResults                          
1     0000c000  adc3WindowResults                        
0     000861c8  atoi                                     
0     000837a2  calculateStatistics                      
0     0008375b  calculateStdDev                          
0     00083b92  calculateWindowAverageADC0               
0     00083ba7  calculateWindowAverageADC1               
0     00083bbc  calculateWindowAverageADC2               
0     00083bd1  calculateWindowAverageADC3               
0     00080000  code_start                               
0     0008637c  copysign                                 
0     0008637c  copysignl                                
0     00083ad6  delayMs                                  
0     00083c4b  displayFinalTableADC0                    
0     00083ca2  displayFinalTableADC1                    
0     00083cf9  displayFinalTableADC2                    
0     00083d34  displayFinalTableADC3                    
0     000837c9  displayTestResult                        
1     0000a82e  errno                                    
0     00086307  exit                                     
0     00085d2d  frexp                                    
0     00085d2d  frexpl                                   
0     0008588b  ldexp                                    
0     0008588b  ldexpl                                   
0     00083e3d  main                                     
0     0008661c  memccpy                                  
0     00086458  memcpy                                   
0     000866f9  memset                                   
0     000825a9  myADC0_init                              
0     00082490  myADC1_init                              
0     0008239b  myADC2_init                              
0     0008221d  myADC3_init                              
0     000820b2  myBoardLED0_GPIO_init                    
0     00082000  mySCI0_init                              
0     00083a30  runSingleTestADC0                        
0     00083989  runSingleTestADC1                        
0     0008390b  runSingleTestADC2                        
0     0008383b  runSingleTestADC3                        
0     0008588b  scalbn                                   
0     0008588b  scalbnl                                  
0     00083701  setAcquisitionWindowADC0                 
0     000836cb  setAcquisitionWindowADC1                 
0     000836a3  setAcquisitionWindowADC2                 
0     0008365e  setAcquisitionWindowADC3                 
0     00086196  sprintf                                  
0     000835df  stopEPWMs                                
0     00086689  strchr                                   
0     00086706  strcpy                                   
0     000866ea  strlen                                   
1     0000a82f  systemSynced                             
0     00083580  triggerSystemSync                        
1     0000c8c0  uartBuffer                               
0     000834fe  waitForKeyPress                          
0     000866a0  wcslen                                   


GLOBAL SYMBOLS: SORTED BY Symbol Address 

page  address   name                                     
----  -------   ----                                     
0     00008000  Flash_initModule                         
0     00008000  RamfuncsRunStart                         
0     00008124  SysCtl_delay                             
0     00008128  RamfuncsRunEnd                           
0     00080000  code_start                               
0     00080014  __TI_Handler_Table_Base                  
0     0008001a  __TI_Handler_Table_Limit                 
0     0008001e  __TI_CINIT_Base                          
0     00080026  __TI_CINIT_Limit                         
0     00080026  __TI_CINIT_Warm                          
0     00082000  SCI_init                                 
0     00082000  mySCI0_init                              
0     000820b2  GPIO_init                                
0     000820b2  myBoardLED0_GPIO_init                    
0     0008221d  myADC3_init                              
0     0008239b  myADC2_init                              
0     00082490  myADC1_init                              
0     000825a9  myADC0_init                              
0     000826af  SYSCTL_init                              
0     000828d6  SYNC_init                                
0     0008296a  PinMux_init                              
0     00082a6c  INTERRUPT_init                           
0     00082daa  EPWM_init                                
0     000834a5  ADC_init                                 
0     000834ae  Board_init                               
0     000834c1  UART_writeString                         
0     000834fe  waitForKeyPress                          
0     00083580  triggerSystemSync                        
0     000835df  stopEPWMs                                
0     0008365e  setAcquisitionWindowADC3                 
0     000836a3  setAcquisitionWindowADC2                 
0     000836cb  setAcquisitionWindowADC1                 
0     00083701  setAcquisitionWindowADC0                 
0     0008375b  calculateStdDev                          
0     000837a2  calculateStatistics                      
0     000837c9  displayTestResult                        
0     0008383b  runSingleTestADC3                        
0     0008390b  runSingleTestADC2                        
0     00083989  runSingleTestADC1                        
0     00083a30  runSingleTestADC0                        
0     00083ad6  delayMs                                  
0     00083b92  calculateWindowAverageADC0               
0     00083ba7  calculateWindowAverageADC1               
0     00083bbc  calculateWindowAverageADC2               
0     00083bd1  calculateWindowAverageADC3               
0     00083c4b  displayFinalTableADC0                    
0     00083ca2  displayFinalTableADC1                    
0     00083cf9  displayFinalTableADC2                    
0     00083d34  displayFinalTableADC3                    
0     00083da7  ReconfigureandsetAcquisitionWindowADC0   
0     00083dde  ReconfigureandsetAcquisitionWindowADC1   
0     00083e15  ReconfigureandsetAcquisitionWindowADC2   
0     00083e3d  main                                     
0     00083f5c  UART_readChar                            
0     00083fab  ReconfigureandsetAcquisitionWindowADC3   
0     00083fac  GPIO_setPadConfig                        
0     00083ffe  _system_pre_init                         
0     00084b51  __TI_printfi                             
0     00084cd6  __error__                                
0     00084cd9  Device_enableUnbondedGPIOPullupsFor176Pin
0     00084cec  Device_enableUnbondedGPIOPullupsFor100Pin
0     00084d09  Device_enableUnbondedGPIOPullups         
0     00084d19  Device_initGPIO                          
0     00084d63  Device_configureTMXAnalogTrim            
0     00084db8  Device_init                              
0     00084e7c  Device_enableAllPeripherals              
0     00084f67  Device_bootCPU2                          
0     0008512f  INT_myADC3_4_ISR                         
0     00085190  INT_myADC3_3_ISR                         
0     000851f1  INT_myADC3_2_ISR                         
0     00085252  INT_myADC3_1_ISR                         
0     000852b2  INT_myADC2_2_ISR                         
0     00085313  INT_myADC2_1_ISR                         
0     00085373  INT_myADC1_3_ISR                         
0     000853d4  INT_myADC1_2_ISR                         
0     00085435  INT_myADC1_1_ISR                         
0     00085495  INT_myADC0_3_ISR                         
0     000854e2  INT_myADC0_2_ISR                         
0     0008552f  INT_myADC0_1_ISR                         
0     0008557b  SysCtl_setClock                          
0     00085784  __c28xabi_divll                          
0     000857c0  __c28xabi_modll                          
0     000857fa  __c28xabi_divull                         
0     00085829  __c28xabi_modull                         
0     0008588b  ldexp                                    
0     0008588b  ldexpl                                   
0     0008588b  scalbn                                   
0     0008588b  scalbnl                                  
0     00085934  __c28xabi_addd                           
0     000859d0  SysCtl_selectXTAL                        
0     00085a60  __c28xabi_divd                           
0     00085aeb  __c28xabi_divf                           
0     00085b73  __c28xabi_mpyd                           
0     00085bf6  ADC_setINLTrim                           
0     00085c65  SysCtl_getDeviceParametric               
0     00085ccd  ADC_setOffsetTrim                        
0     00085d2d  frexp                                    
0     00085d2d  frexpl                                   
0     00085d87  SysCtl_getClock                          
0     00085dd8  SysCtl_selectOscSource                   
0     00085e20  SCI_clearInterruptStatus                 
0     00085e65  SCI_enableInterrupt                      
0     00085ea9  SCI_setConfig                            
0     00085ee7  Interrupt_initModule                     
0     00085f24  SysCtl_selectOscSourceAuxPLL             
0     00085f61  GPIO_setControllerCore                   
0     00085f98  GPIO_setPinConfig                        
0     00085fcf  GPIO_setDirectionMode                    
0     00086000  RamfuncsLoadStart                        
0     00086128  GPIO_setQualificationMode                
0     00086128  RamfuncsLoadEnd                          
0     0008615f  Interrupt_enable                         
0     00086196  sprintf                                  
0     000861c8  atoi                                     
0     000861f9  __TI_ltoa                                
0     00086229  ADC_setMode                              
0     00086258  __TI_decompress_lzss                     
0     00086286  __TI_auto_init_nobinit_nopinit           
0     000862b1  __c28xabi_cmpd                           
0     000862db  __c28xabi_divl                           
0     000862ea  __c28xabi_modl                           
0     000862f8  __c28xabi_divul                          
0     000862ff  __c28xabi_modul                          
0     00086305  C$$EXIT                                  
0     00086305  abort                                    
0     00086307  exit                                     
0     0008637c  copysign                                 
0     0008637c  copysignl                                
0     000863a0  __c28xabi_dtoi                           
0     000863e0  __c28xabi_dtol                           
0     000863ff  Interrupt_initVectorTable                
0     0008641d  __c28xabi_cmpll                          
0     0008642f  __c28xabi_cmpull                         
0     0008643b  __c28xabi_itod                           
0     00086458  memcpy                                   
0     00086475  __c28xabi_ltod                           
0     000864e1  SysCtl_getLowSpeedClock                  
0     000864fb  _prolog_c28x_1                           
0     000864ff  _prolog_c28x_2                           
0     00086507  _prolog_c28x_3                           
0     00086544  __c28xabi_andll                          
0     0008654c  __c28xabi_orll                           
0     00086554  __c28xabi_xorll                          
0     00086573  _c_int00                                 
0     0008658a  Interrupt_defaultHandler                 
0     0008661c  memccpy                                  
0     00086649  __c28xabi_subd                           
0     00086671  _args_main                               
0     0008667d  _epilog_c28x_1                           
0     00086681  _epilog_c28x_2                           
0     00086689  strchr                                   
0     000866a0  wcslen                                   
0     000866ab  Interrupt_illegalOperationHandler        
0     000866b5  Interrupt_nmiHandler                     
0     000866c8  _register_unlock                         
0     000866cc  _register_lock                           
0     000866d0  _nop                                     
0     000866d1  __c28xabi_negd                           
0     000866da  __TI_decompress_none                     
0     000866ea  strlen                                   
0     000866f9  memset                                   
0     00086700  __TI_zero_init                           
0     00086706  strcpy                                   
0     0008670b  _system_post_cinit                       
0     00090628  _ctypes_                                 
1     00000400  __stack                                  
1     00000500  __TI_STACK_END                           
1     0000a800  __TI_enable_exit_profile_output          
1     0000a802  __TI_cleanup_ptr                         
1     0000a804  __TI_dtors_ptr                           
1     0000a806  adc3Complete                             
1     0000a80a  adc3Index                                
1     0000a80e  adc3SampleCount                          
1     0000a812  adc0Complete                             
1     0000a815  adc0Index                                
1     0000a818  adc0SampleCount                          
1     0000a81b  adc1Complete                             
1     0000a81e  adc1Index                                
1     0000a821  adc1SampleCount                          
1     0000a824  _lock                                    
1     0000a826  _unlock                                  
1     0000a828  adc2Complete                             
1     0000a82a  adc2Index                                
1     0000a82c  adc2SampleCount                          
1     0000a82e  errno                                    
1     0000a82f  systemSynced                             
1     0000c000  adc3WindowResults                        
1     0000c280  adc0WindowResults                        
1     0000c460  adc1WindowResults                        
1     0000c640  adc2WindowResults                        
1     0000c780  adc3TestResults                          
1     0000c8c0  uartBuffer                               
1     0000c9c0  adc0TestResults                          
1     0000cab0  adc1TestResults                          
1     0000cba0  adc2TestResults                          
1     0000cc40  adc3Results                              
1     0000cc68  adc0Results                              
1     0000cc86  adc1Results                              
1     0000cca4  adc2Results                              
abs   00000100  __TI_STACK_SIZE                          
abs   00000128  RamfuncsLoadSize                         
abs   00000128  RamfuncsRunSize                          
abs   ffffffff  __TI_pprof_out_hndl                      
abs   ffffffff  __TI_prof_data_size                      
abs   ffffffff  __TI_prof_data_start                     
n/a   UNDEFED   __c_args__                               

[206 symbols]
